[15:00:50] === Deploying ENS contracts on chain 420420420 ===
[15:00:50] Wallet: revive
[15:00:50] RPC:    http://localhost:8545
--------------------------------------------
--------------------------------------------
[15:00:50] [🔨] Building contracts...
Nothing to compile
[15:00:50] [✅] Build successful.
--------------------------------------------
--------------------------------------------
[15:00:51] [🚀] Starting contract deployments...
--------------------------------------------
[15:00:51] [⏳] Deploying ENSRegistry...
[15:00:51] No constructor args
[15:00:51] [⚙️] Running: forge create contracts/registry/ENSRegistry.sol:ENSRegistry --account revive --password 123456 --rpc-url http://localhost:8545 --broadcast
--------------------------------------------
No files changed, compilation skipped
Deployer: 0xf24FF3a9CF04c71Dbc94D0b566f7A27B94566cac
Deployed to: 0x9c1da847B31C0973F26b1a2A3d5c04365a867703
Transaction hash: 0xef035d77b3d8911520f315727593ac032a86d2b16354e72612297f7266cc5aef
[15:00:51] [✅] ENSRegistry deployed at 0x9c1da847B31C0973F26b1a2A3d5c04365a867703 (saved to deployments/420420420/ens_stack.json)
--------------------------------------------
--------------------------------------------
[15:00:51] [⏳] Deploying Root...
[15:00:51] Constructor args: 0x9c1da847B31C0973F26b1a2A3d5c04365a867703
[15:00:51] [⚙️] Running: forge create contracts/root/Root.sol:Root --account revive --password 123456 --rpc-url http://localhost:8545 --broadcast --constructor-args 0x9c1da847B31C0973F26b1a2A3d5c04365a867703
--------------------------------------------
No files changed, compilation skipped
Deployer: 0xf24FF3a9CF04c71Dbc94D0b566f7A27B94566cac
Deployed to: 0xd528a533599223CA6B5EBdd1C32A241432FB1AE8
Transaction hash: 0x1640d8e2fbd46184347f26f9dd5decf5e89b2adfeaeb9f6ced1af5cd0ca55739
[15:00:52] [✅] Root deployed at 0xd528a533599223CA6B5EBdd1C32A241432FB1AE8 (saved to deployments/420420420/ens_stack.json)
--------------------------------------------
--------------------------------------------
[15:00:52] [⏳] Deploying ReverseRegistrar...
[15:00:52] Constructor args: 0x9c1da847B31C0973F26b1a2A3d5c04365a867703
[15:00:52] [⚙️] Running: forge create contracts/reverseRegistrar/ReverseRegistrar.sol:ReverseRegistrar --account revive --password 123456 --rpc-url http://localhost:8545 --broadcast --constructor-args 0x9c1da847B31C0973F26b1a2A3d5c04365a867703
--------------------------------------------
Compiling 2 files with Solc 0.8.30
Solc 0.8.30 finished in 305.48ms
Compiler run successful with warnings:
Warning (2519): This declaration shadows an existing declaration.
   --> contracts/reverseRegistrar/ReverseRegistrar.sol:121:9:
    |
121 |         bytes32 node = claimForAddr(addr, owner, resolver);
    |         ^^^^^^^^^^^^
Note: The shadowed declaration is here:
   --> contracts/reverseRegistrar/ReverseRegistrar.sol:129:5:
    |
129 |     function node(address addr) public pure override returns (bytes32) {
    |     ^ (Relevant source part starts here and spans across multiple lines).

Deployer: 0xf24FF3a9CF04c71Dbc94D0b566f7A27B94566cac
Deployed to: 0x527FC4060Ac7Bf9Cd19608EDEeE8f09063A16cd4
Transaction hash: 0xba43e48dc0b7357ad22d5dc1433bcef0d02c746dd087dd5907cad30262226572
[15:00:53] [✅] ReverseRegistrar deployed at 0x527FC4060Ac7Bf9Cd19608EDEeE8f09063A16cd4 (saved to deployments/420420420/ens_stack.json)
--------------------------------------------
--------------------------------------------
[15:00:53] [⏳] Deploying DummyOracle...
[15:00:53] Constructor args: 160000000000
[15:00:53] [⚙️] Running: forge create contracts/ethregistrar/DummyOracle.sol:DummyOracle --account revive --password 123456 --rpc-url http://localhost:8545 --broadcast --constructor-args 160000000000
--------------------------------------------
Compiling 1 files with Solc 0.8.30
Solc 0.8.30 finished in 43.19ms
Compiler run successful with warnings:
Warning (2462): Visibility for constructor is ignored. If you want the contract to be non-deployable, making it "abstract" is sufficient.
 --> contracts/ethregistrar/DummyOracle.sol:6:5:
  |
6 |     constructor(int256 _value) public {
  |     ^ (Relevant source part starts here and spans across multiple lines).

Deployer: 0xf24FF3a9CF04c71Dbc94D0b566f7A27B94566cac
Deployed to: 0x3649E46eCD6A0bd187f0046C4C35a7B31C92bA1E
Transaction hash: 0xe0a1c8ea65017db7e78bbcacf07125f7e4ff93ba3ae3832337ee413c62b0ab10
[15:00:53] [✅] DummyOracle deployed at 0x3649E46eCD6A0bd187f0046C4C35a7B31C92bA1E (saved to deployments/420420420/ens_stack.json)
--------------------------------------------
--------------------------------------------
[15:00:53] [⏳] Deploying StaticMetadataService...
[15:00:53] Constructor args: http://localhost:8080/name/0x{id}
[15:00:54] [⚙️] Running: forge create contracts/wrapper/StaticMetadataService.sol:StaticMetadataService --account revive --password 123456 --rpc-url http://localhost:8545 --broadcast --constructor-args http://localhost:8080/name/0x{id}
--------------------------------------------
Compiling 1 files with Solc 0.8.30
Solc 0.8.30 finished in 96.66ms
Compiler run successful!
Deployer: 0xf24FF3a9CF04c71Dbc94D0b566f7A27B94566cac
Deployed to: 0xb6F2B9415fc599130084b7F20B84738aCBB15930
Transaction hash: 0x308df2db9de74068107bed339f5c1508053f8e23fa956227945fd5e86cc42430
[15:00:54] [✅] StaticMetadataService deployed at 0xb6F2B9415fc599130084b7F20B84738aCBB15930 (saved to deployments/420420420/ens_stack.json)
--------------------------------------------
--------------------------------------------
[15:00:54] [⏳] Deploying StoreFactory...
[15:00:54] No constructor args
[15:00:54] [⚙️] Running: forge create contracts/utils/StoreFactory.sol:StoreFactory --account revive --password 123456 --rpc-url http://localhost:8545 --broadcast
--------------------------------------------
Compiling 4 files with Solc 0.8.30
Solc 0.8.30 finished in 328.85ms
Compiler run successful!
Deployer: 0xf24FF3a9CF04c71Dbc94D0b566f7A27B94566cac
Deployed to: 0x598efcBD0B5b4Fd0142bEAae1a38f6Bd4d8a218d
Transaction hash: 0x5521746c5c0f075442c01b14cae7e54eaf280a9246bc23810e17523cb860d63b
[15:00:55] [✅] StoreFactory deployed at 0x598efcBD0B5b4Fd0142bEAae1a38f6Bd4d8a218d (saved to deployments/420420420/ens_stack.json)
--------------------------------------------
--------------------------------------------
[15:00:55] ✅ All deployments complete.
[15:00:55] Deployment summary saved to deployments/420420420/ens_stack.json
{
  "ENSRegistry": "0x9c1da847B31C0973F26b1a2A3d5c04365a867703",
  "Root": "0xd528a533599223CA6B5EBdd1C32A241432FB1AE8",
  "ReverseRegistrar": "0x527FC4060Ac7Bf9Cd19608EDEeE8f09063A16cd4",
  "DummyOracle": "0x3649E46eCD6A0bd187f0046C4C35a7B31C92bA1E",
  "StaticMetadataService": "0xb6F2B9415fc599130084b7F20B84738aCBB15930",
  "StoreFactory": "0x598efcBD0B5b4Fd0142bEAae1a38f6Bd4d8a218d"
}
[15:00:55] Full log saved to deployments/420420420/deploy-20251107-150050.log
