[15:05:10] [🔨] Building contracts...
Nothing to compile
[15:05:11] [✅] Build done.
--------------------------------------------
[15:05:11] [⏳] Deploying ENSRegistry...
[15:05:11] No args
[15:05:11] [⚙️] forge create contracts/registry/ENSRegistry.sol:ENSRegistry --account revive --password 123456 --rpc-url http://localhost:8545 --broadcast
No files changed, compilation skipped
Deployer: 0xf24FF3a9CF04c71Dbc94D0b566f7A27B94566cac
Deployed to: 0x38762083399e60af42e6fD694e7d430a170c9Caf
Transaction hash: 0x384afefc919ed97fb5a16e085ac8af36420fbfa74353b9b9d8cef3328555bdc7
[15:05:11] [✅] ENSRegistry at 0x38762083399e60af42e6fD694e7d430a170c9Caf
--------------------------------------------
[15:05:11] [⏳] Deploying Root...
[15:05:11] Args: 0x38762083399e60af42e6fD694e7d430a170c9Caf
[15:05:11] [⚙️] forge create contracts/root/Root.sol:Root --account revive --password 123456 --rpc-url http://localhost:8545 --broadcast --constructor-args 0x38762083399e60af42e6fD694e7d430a170c9Caf
No files changed, compilation skipped
Deployer: 0xf24FF3a9CF04c71Dbc94D0b566f7A27B94566cac
Deployed to: 0x1377Ce7BadadB01a2D06Dc41f31e8B57d9882888
Transaction hash: 0x34e4da609856155ebc16b06278d13c1d5d91faef4f07df60e84853e18585bf3a
[15:05:12] [✅] Root at 0x1377Ce7BadadB01a2D06Dc41f31e8B57d9882888
--------------------------------------------
[15:05:12] [⏳] Deploying ReverseRegistrar...
[15:05:12] Args: 0x38762083399e60af42e6fD694e7d430a170c9Caf
[15:05:12] [⚙️] forge create contracts/reverseRegistrar/ReverseRegistrar.sol:ReverseRegistrar --account revive --password 123456 --rpc-url http://localhost:8545 --broadcast --constructor-args 0x38762083399e60af42e6fD694e7d430a170c9Caf
No files changed, compilation skipped
Deployer: 0xf24FF3a9CF04c71Dbc94D0b566f7A27B94566cac
Deployed to: 0xab7785d56697E65c2683c8121Aac93D3A028Ba95
Transaction hash: 0x1826aca24b9299dbe414c2480a9042b368592f4132392b496a30b379c56cf5d7
[15:05:13] [✅] ReverseRegistrar at 0xab7785d56697E65c2683c8121Aac93D3A028Ba95
--------------------------------------------
[15:05:13] [⏳] Deploying BaseRegistrarImplementation...
[15:05:13] Args: 0x38762083399e60af42e6fD694e7d430a170c9Caf 0x646f740000000000000000000000000000000000000000000000000000000000
[15:05:13] [⚙️] forge create contracts/ethregistrar/BaseRegistrarImplementation.sol:BaseRegistrarImplementation --account revive --password 123456 --rpc-url http://localhost:8545 --broadcast --constructor-args 0x38762083399e60af42e6fD694e7d430a170c9Caf 0x646f740000000000000000000000000000000000000000000000000000000000
No files changed, compilation skipped
Deployer: 0xf24FF3a9CF04c71Dbc94D0b566f7A27B94566cac
Deployed to: 0xb5F73112516ebeB89c7EF67a507513b441Ac28fA
Transaction hash: 0x907a470b73a7788435f9404839e3721b579d3d9e37c712e1ea7960e02d9b70a4
[15:05:13] [✅] BaseRegistrarImplementation at 0xb5F73112516ebeB89c7EF67a507513b441Ac28fA
--------------------------------------------
[15:05:13] [⏳] Deploying DummyOracle...
[15:05:13] Args: 160000000000
[15:05:13] [⚙️] forge create contracts/ethregistrar/DummyOracle.sol:DummyOracle --account revive --password 123456 --rpc-url http://localhost:8545 --broadcast --constructor-args 160000000000
No files changed, compilation skipped
Deployer: 0xf24FF3a9CF04c71Dbc94D0b566f7A27B94566cac
Deployed to: 0x7acc1aC65892CF3547b1b0590066FB93199b430D
Transaction hash: 0x50c75a6eeba67e6f60c69c6b0f36cbdae21ea5e785a3645b5f2f620ddac0a3a5
[15:05:14] [✅] DummyOracle at 0x7acc1aC65892CF3547b1b0590066FB93199b430D
--------------------------------------------
[15:05:14] [⏳] Deploying StaticMetadataService...
[15:05:14] Args: http://localhost:8080/name/0x{id}
[15:05:14] [⚙️] forge create contracts/wrapper/StaticMetadataService.sol:StaticMetadataService --account revive --password 123456 --rpc-url http://localhost:8545 --broadcast --constructor-args http://localhost:8080/name/0x{id}
No files changed, compilation skipped
Deployer: 0xf24FF3a9CF04c71Dbc94D0b566f7A27B94566cac
Deployed to: 0x78D714e1b47Bb86FE15788B917C9CC7B77975529
Transaction hash: 0x85550680675f9d7978776865ce73f526fc202c369247801ebe910def05fbb67c
[15:05:14] [✅] StaticMetadataService at 0x78D714e1b47Bb86FE15788B917C9CC7B77975529
--------------------------------------------
[15:05:14] [⏳] Deploying NameWrapper...
[15:05:14] Args: 0x38762083399e60af42e6fD694e7d430a170c9Caf 0xb5F73112516ebeB89c7EF67a507513b441Ac28fA 0x78D714e1b47Bb86FE15788B917C9CC7B77975529
[15:05:14] [⚙️] forge create contracts/wrapper/NameWrapper.sol:NameWrapper --account revive --password 123456 --rpc-url http://localhost:8545 --broadcast --constructor-args 0x38762083399e60af42e6fD694e7d430a170c9Caf 0xb5F73112516ebeB89c7EF67a507513b441Ac28fA 0x78D714e1b47Bb86FE15788B917C9CC7B77975529
No files changed, compilation skipped
Error: server returned an error response: error code 3: execution reverted: , data: "0x"
[15:05:15] [❌] NameWrapper failed
