[15:03:02] [🔨] Building contracts...
Nothing to compile
[15:03:02] [✅] Build done.
--------------------------------------------
[15:03:03] [⏳] Deploying ENSRegistry...
[15:03:03] No args
[15:03:03] [⚙️] forge create contracts/registry/ENSRegistry.sol:ENSRegistry --account revive --password 123456 --rpc-url http://localhost:8545 --broadcast
No files changed, compilation skipped
Deployer: 0xf24FF3a9CF04c71Dbc94D0b566f7A27B94566cac
Deployed to: 0x746DFE0F96789e62CECeeA3CA2a9b5556b3AaD6c
Transaction hash: 0xd5739c4b93fc3bb8556a02291e178dd14d156a1b1c403316ab75fadf67ecf5f5
[15:03:03] [✅] ENSRegistry at 0x746DFE0F96789e62CECeeA3CA2a9b5556b3AaD6c
--------------------------------------------
[15:03:03] [⏳] Deploying Root...
[15:03:03] Args: 0x746DFE0F96789e62CECeeA3CA2a9b5556b3AaD6c
[15:03:03] [⚙️] forge create contracts/root/Root.sol:Root --account revive --password 123456 --rpc-url http://localhost:8545 --broadcast --constructor-args 0x746DFE0F96789e62CECeeA3CA2a9b5556b3AaD6c
No files changed, compilation skipped
Deployer: 0xf24FF3a9CF04c71Dbc94D0b566f7A27B94566cac
Deployed to: 0x294c664f6D63bd1521231a2EeFC26d805ce00a08
Transaction hash: 0x2579e00542460e10246c6b604be515bd0bc56b18da067f241fb1c03246e7493c
[15:03:04] [✅] Root at 0x294c664f6D63bd1521231a2EeFC26d805ce00a08
--------------------------------------------
[15:03:04] [⏳] Deploying ReverseRegistrar...
[15:03:04] Args: 0x746DFE0F96789e62CECeeA3CA2a9b5556b3AaD6c
[15:03:04] [⚙️] forge create contracts/reverseRegistrar/ReverseRegistrar.sol:ReverseRegistrar --account revive --password 123456 --rpc-url http://localhost:8545 --broadcast --constructor-args 0x746DFE0F96789e62CECeeA3CA2a9b5556b3AaD6c
No files changed, compilation skipped
Deployer: 0xf24FF3a9CF04c71Dbc94D0b566f7A27B94566cac
Deployed to: 0x82745827D0B8972eC0583B3100eCb30b81Db0072
Transaction hash: 0x0c9206d8bb34320984a40394790c498633a0483b0b09b64c0dd24637fbd4fcb8
[15:03:05] [✅] ReverseRegistrar at 0x82745827D0B8972eC0583B3100eCb30b81Db0072
--------------------------------------------
[15:03:05] [⏳] Deploying BaseRegistrarImplementation...
[15:03:05] Args: 0x746DFE0F96789e62CECeeA3CA2a9b5556b3AaD6c 0x646f740000000000000000000000000000000000000000000000000000000000
[15:03:05] [⚙️] forge create contracts/ethregistrar/BaseRegistrarImplementation.sol:BaseRegistrarImplementation --account revive --password 123456 --rpc-url http://localhost:8545 --broadcast --constructor-args 0x746DFE0F96789e62CECeeA3CA2a9b5556b3AaD6c 0x646f740000000000000000000000000000000000000000000000000000000000
Compiling 12 files with Solc 0.8.30
Solc 0.8.30 finished in 1.16s
Compiler run successful with warnings:
Warning (2018): Function state mutability can be restricted to pure
   --> contracts/ethregistrar/BaseRegistrarImplementation.sol:181:5:
    |
181 |     function supportsInterface(bytes4 interfaceID)
    |     ^ (Relevant source part starts here and spans across multiple lines).

Deployer: 0xf24FF3a9CF04c71Dbc94D0b566f7A27B94566cac
Deployed to: 0xEC69d4f48f4f1740976968FAb9828d645Ad1d77f
Transaction hash: 0xa22f18f369887abb280734294ab13a12f272711f785745bd863b24684c752d15
[15:03:06] [✅] BaseRegistrarImplementation at 0xEC69d4f48f4f1740976968FAb9828d645Ad1d77f
--------------------------------------------
[15:03:06] [⏳] Deploying DummyOracle...
[15:03:06] Args: 160000000000
[15:03:06] [⚙️] forge create contracts/ethregistrar/DummyOracle.sol:DummyOracle --account revive --password 123456 --rpc-url http://localhost:8545 --broadcast --constructor-args 160000000000
No files changed, compilation skipped
Deployer: 0xf24FF3a9CF04c71Dbc94D0b566f7A27B94566cac
Deployed to: 0x493275370aF3f63d9ccd10a6539435121cF4fbb9
Transaction hash: 0x20fe3632a9d367b2863e08c145d5c4cd566d408e1145a8f351e33805d3b392b4
[15:03:07] [✅] DummyOracle at 0x493275370aF3f63d9ccd10a6539435121cF4fbb9
--------------------------------------------
[15:03:07] [⏳] Deploying StaticMetadataService...
[15:03:07] Args: http://localhost:8080/name/0x{id}
[15:03:07] [⚙️] forge create contracts/wrapper/StaticMetadataService.sol:StaticMetadataService --account revive --password 123456 --rpc-url http://localhost:8545 --broadcast --constructor-args http://localhost:8080/name/0x{id}
No files changed, compilation skipped
Deployer: 0xf24FF3a9CF04c71Dbc94D0b566f7A27B94566cac
Deployed to: 0x91edC788F9989225BA7891e112AcD51C1e5B6056
Transaction hash: 0x000e82ff78149e24ac0d6ec54aef5d659deb032ec71324bfbeceb832f7eef6a7
[15:03:08] [✅] StaticMetadataService at 0x91edC788F9989225BA7891e112AcD51C1e5B6056
--------------------------------------------
[15:03:08] [⏳] Deploying NameWrapper...
[15:03:08] Args: 0x746DFE0F96789e62CECeeA3CA2a9b5556b3AaD6c 0xEC69d4f48f4f1740976968FAb9828d645Ad1d77f 0x91edC788F9989225BA7891e112AcD51C1e5B6056
[15:03:08] [⚙️] forge create contracts/wrapper/NameWrapper.sol:NameWrapper --account revive --password 123456 --rpc-url http://localhost:8545 --broadcast --constructor-args 0x746DFE0F96789e62CECeeA3CA2a9b5556b3AaD6c 0xEC69d4f48f4f1740976968FAb9828d645Ad1d77f 0x91edC788F9989225BA7891e112AcD51C1e5B6056
Compiling 15 files with Solc 0.8.30
Solc 0.8.30 finished in 2.14s
Compiler run successful with warnings:
Warning (2519): This declaration shadows an existing declaration.
   --> contracts/wrapper/NameWrapper.sol:340:19:
    |
340 |     function wrap(bytes calldata name, address wrappedOwner, address resolver) public {
    |                   ^^^^^^^^^^^^^^^^^^^
Note: The shadowed declaration is here:
  --> contracts/wrapper/NameWrapper.sol:61:5:
   |
61 |     string public constant name = "NameWrapper";
   |     ^^^^^^^^^^^^^^^^^^^^^^^^^^^^^^^^^^^^^^^^^^^

Warning (2519): This declaration shadows an existing declaration.
   --> contracts/wrapper/NameWrapper.sol:473:22:
    |
473 |     function upgrade(bytes calldata name, bytes calldata extraData) public {
    |                      ^^^^^^^^^^^^^^^^^^^
Note: The shadowed declaration is here:
  --> contracts/wrapper/NameWrapper.sol:61:5:
   |
61 |     string public constant name = "NameWrapper";
   |     ^^^^^^^^^^^^^^^^^^^^^^^^^^^^^^^^^^^^^^^^^^^

Warning (2519): This declaration shadows an existing declaration.
   --> contracts/wrapper/NameWrapper.sol:558:9:
    |
558 |         bytes memory name = _saveLabel(parentNode, node, label);
    |         ^^^^^^^^^^^^^^^^^
Note: The shadowed declaration is here:
  --> contracts/wrapper/NameWrapper.sol:61:5:
   |
61 |     string public constant name = "NameWrapper";
   |     ^^^^^^^^^^^^^^^^^^^^^^^^^^^^^^^^^^^^^^^^^^^

Warning (2519): This declaration shadows an existing declaration.
   --> contracts/wrapper/NameWrapper.sol:717:9:
    |
717 |         bytes memory name = names[node];
    |         ^^^^^^^^^^^^^^^^^
Note: The shadowed declaration is here:
  --> contracts/wrapper/NameWrapper.sol:61:5:
   |
61 |     string public constant name = "NameWrapper";
   |     ^^^^^^^^^^^^^^^^^^^^^^^^^^^^^^^^^^^^^^^^^^^

Warning (2519): This declaration shadows an existing declaration.
   --> contracts/wrapper/NameWrapper.sol:830:9:
    |
830 |         bytes memory name
    |         ^^^^^^^^^^^^^^^^^
Note: The shadowed declaration is here:
  --> contracts/wrapper/NameWrapper.sol:61:5:
   |
61 |     string public constant name = "NameWrapper";
   |     ^^^^^^^^^^^^^^^^^^^^^^^^^^^^^^^^^^^^^^^^^^^

Warning (2519): This declaration shadows an existing declaration.
   --> contracts/wrapper/NameWrapper.sol:858:9:
    |
858 |         bytes memory name,
    |         ^^^^^^^^^^^^^^^^^
Note: The shadowed declaration is here:
  --> contracts/wrapper/NameWrapper.sol:61:5:
   |
61 |     string public constant name = "NameWrapper";
   |     ^^^^^^^^^^^^^^^^^^^^^^^^^^^^^^^^^^^^^^^^^^^

Warning (2519): This declaration shadows an existing declaration.
   --> contracts/wrapper/NameWrapper.sol:879:9:
    |
879 |         bytes memory name = _addLabel(label, names[parentNode]);
    |         ^^^^^^^^^^^^^^^^^
Note: The shadowed declaration is here:
  --> contracts/wrapper/NameWrapper.sol:61:5:
   |
61 |     string public constant name = "NameWrapper";
   |     ^^^^^^^^^^^^^^^^^^^^^^^^^^^^^^^^^^^^^^^^^^^

Warning (2519): This declaration shadows an existing declaration.
   --> contracts/wrapper/NameWrapper.sol:891:9:
    |
891 |         bytes memory name = _addLabel(label, names[parentNode]);
    |         ^^^^^^^^^^^^^^^^^
Note: The shadowed declaration is here:
  --> contracts/wrapper/NameWrapper.sol:61:5:
   |
61 |     string public constant name = "NameWrapper";
   |     ^^^^^^^^^^^^^^^^^^^^^^^^^^^^^^^^^^^^^^^^^^^

Warning (2519): This declaration shadows an existing declaration.
   --> contracts/wrapper/NameWrapper.sol:907:9:
    |
907 |         bytes memory name = _addLabel(label, names[parentNode]);
    |         ^^^^^^^^^^^^^^^^^
Note: The shadowed declaration is here:
  --> contracts/wrapper/NameWrapper.sol:61:5:
   |
61 |     string public constant name = "NameWrapper";
   |     ^^^^^^^^^^^^^^^^^^^^^^^^^^^^^^^^^^^^^^^^^^^

Warning (2519): This declaration shadows an existing declaration.
   --> contracts/wrapper/NameWrapper.sol:980:9:
    |
980 |         bytes memory name = _addLabel(label, "\x03eth\x00");
    |         ^^^^^^^^^^^^^^^^^
Note: The shadowed declaration is here:
  --> contracts/wrapper/NameWrapper.sol:61:5:
   |
61 |     string public constant name = "NameWrapper";
   |     ^^^^^^^^^^^^^^^^^^^^^^^^^^^^^^^^^^^^^^^^^^^

Error: server returned an error response: error code 3: execution reverted: , data: "0x"
[15:03:10] [❌] NameWrapper failed
