[15:21:50] [🔨] Building contracts...
Nothing to compile
[15:21:51] [✅] Build done.
--------------------------------------------
[15:21:51] [⏳] Deploying ENSRegistry...
[15:21:51] No args
[15:21:51] [⚙️] forge create contracts/registry/ENSRegistry.sol:ENSRegistry --account revive --password 123456 --rpc-url http://localhost:8545 --broadcast --resolc
No files changed, compilation skipped
Deployer: 0xf24FF3a9CF04c71Dbc94D0b566f7A27B94566cac
Deployed to: 0x5c369D02454E9d05b2b42df045cc107EdcFD5A9C
Transaction hash: 0x9a4350a6b215fd5cca4bd6d1ad2c06f67ac8cc33887650e1e6c64d497a5991b5
[15:21:52] [✅] ENSRegistry at 0x5c369D02454E9d05b2b42df045cc107EdcFD5A9C
[15:21:52] [🔎] ENS root current owner: 0xf24FF3a9CF04c71Dbc94D0b566f7A27B94566cac
--------------------------------------------
[15:21:52] [⏳] Deploying Root...
[15:21:52] Args: 0x5c369D02454E9d05b2b42df045cc107EdcFD5A9C
[15:21:52] [⚙️] forge create contracts/root/Root.sol:Root --account revive --password 123456 --rpc-url http://localhost:8545 --broadcast --resolc --constructor-args 0x5c369D02454E9d05b2b42df045cc107EdcFD5A9C
No files changed, compilation skipped
Deployer: 0xf24FF3a9CF04c71Dbc94D0b566f7A27B94566cac
Deployed to: 0x0b80bd43743BCCfe7c1D5Ac9887D9190dE135CE4
Transaction hash: 0x8814117e7245cfa833108f296986838393f7f48b317a9de4f1b245f5f6127601
[15:21:53] [✅] Root at 0x0b80bd43743BCCfe7c1D5Ac9887D9190dE135CE4
[15:21:53] [🔗] TX: 0x5c369D02454E9d05b2b42df045cc107EdcFD5A9C :: setOwner(bytes32,address)(0x0000000000000000000000000000000000000000000000000000000000000000 0x0b80bd43743BCCfe7c1D5Ac9887D9190dE135CE4)

blockHash            0xdd163bafa4b5d21594b4e905aae97827324a20f38da6cea0c06e9a2a8b08a1d4
blockNumber          112
contractAddress      
cumulativeGasUsed    0
effectiveGasPrice    997926
from                 0xf24FF3a9CF04c71Dbc94D0b566f7A27B94566cac
gasUsed              20242387036
logs                 [{"address":"0x5c369d02454e9d05b2b42df045cc107edcfd5a9c","topics":["0xd4735d920b0f87494915f556dd9b54c8f309026070caea5c737245152564d266","0x0000000000000000000000000000000000000000000000000000000000000000"],"data":"0x0000000000000000000000000b80bd43743bccfe7c1d5ac9887d9190de135ce4","blockHash":"0xdd163bafa4b5d21594b4e905aae97827324a20f38da6cea0c06e9a2a8b08a1d4","blockNumber":"0x70","transactionHash":"0x38b92a9128b2598ddb7cdb10b9677ec9d0bc5b2d1b7f43acaa4b9776c8d04c89","transactionIndex":"0x1","logIndex":"0x3","removed":false}]
logsBloom            0x00000000000000000000020000000000000000000100000020000000000000000000000000000000000000000000000000000000000000000000000000000000000000000000000000000000000000000000000000000000000000000000000000000000020000000000000000000800000000000000000000000000000000000000000000000000000100000000000000000000000000000000000000000000000000000000000000000000000000000000000000000000000000000000000000000000000000000000000000000000000000000000000000000000000020000000000004000000000000000000000000000000000000000000000000002000
root                 
status               1 (success)
transactionHash      0x38b92a9128b2598ddb7cdb10b9677ec9d0bc5b2d1b7f43acaa4b9776c8d04c89
transactionIndex     1
type                 2
blobGasPrice         
blobGasUsed          
to                   0x5c369D02454E9d05b2b42df045cc107EdcFD5A9C
[15:21:53] [🔗] TX: 0x0b80bd43743BCCfe7c1D5Ac9887D9190dE135CE4 :: setController(address,bool)(0xf24FF3a9CF04c71Dbc94D0b566f7A27B94566cac true)

blockHash            0x7dbabb3f422fcde50efaefd1571ce1bbc107e9de14d93e17070d4a915b7be77d
blockNumber          113
contractAddress      
cumulativeGasUsed    0
effectiveGasPrice    997908
from                 0xf24FF3a9CF04c71Dbc94D0b566f7A27B94566cac
gasUsed              20206667159
logs                 [{"address":"0x0b80bd43743bccfe7c1d5ac9887d9190de135ce4","topics":["0x4c97694570a07277810af7e5669ffd5f6a2d6b74b6e9a274b8b870fd5114cf87","0x000000000000000000000000f24ff3a9cf04c71dbc94d0b566f7a27b94566cac"],"data":"0x0000000000000000000000000000000000000000000000000000000000000001","blockHash":"0x7dbabb3f422fcde50efaefd1571ce1bbc107e9de14d93e17070d4a915b7be77d","blockNumber":"0x71","transactionHash":"0x007a6ce2a32a6dbfa6cb04a7bc800103b8225bf04555d25bf88e93ac9839b67e","transactionIndex":"0x1","logIndex":"0x3","removed":false}]
logsBloom            0x00000000000000000000000000000000000000000000000040000000000400000000000000000000000000000000000000000000000000000000000000000000000000000000000000000020000000000000000000000000000000000000000000000000000000000000000000008000000000000008000000000000000000000000000000000000000000000000000000000000000000000004000000000000000000000000000000000000000000000000000000000000000000000000000000000000000000000000000000000000000000000000000000000000004000000000000000000000001000000000000000020000000000000000000000000000
root                 
status               1 (success)
transactionHash      0x007a6ce2a32a6dbfa6cb04a7bc800103b8225bf04555d25bf88e93ac9839b67e
transactionIndex     1
type                 2
blobGasPrice         
blobGasUsed          
to                   0x0b80bd43743BCCfe7c1D5Ac9887D9190dE135CE4
--------------------------------------------
[15:21:54] [⏳] Deploying ReverseRegistrar...
[15:21:54] Args: 0x5c369D02454E9d05b2b42df045cc107EdcFD5A9C
[15:21:54] [⚙️] forge create contracts/reverseRegistrar/ReverseRegistrar.sol:ReverseRegistrar --account revive --password 123456 --rpc-url http://localhost:8545 --broadcast --resolc --constructor-args 0x5c369D02454E9d05b2b42df045cc107EdcFD5A9C
No files changed, compilation skipped
Deployer: 0xf24FF3a9CF04c71Dbc94D0b566f7A27B94566cac
Deployed to: 0xC1123cA6E07dD41123926866Ec72dbAF7be9D487
Transaction hash: 0xbcdb2e7ad482566b18c71dfd1ec5828778c01e07706abfeb78e382a91d0292d9
[15:21:55] [✅] ReverseRegistrar at 0xC1123cA6E07dD41123926866Ec72dbAF7be9D487
--------------------------------------------
[15:21:55] [⏳] Deploying BaseRegistrarImplementation...
[15:21:55] Args: 0x5c369D02454E9d05b2b42df045cc107EdcFD5A9C 0x646f740000000000000000000000000000000000000000000000000000000000
[15:21:55] [⚙️] forge create contracts/ethregistrar/BaseRegistrarImplementation.sol:BaseRegistrarImplementation --account revive --password 123456 --rpc-url http://localhost:8545 --broadcast --resolc --constructor-args 0x5c369D02454E9d05b2b42df045cc107EdcFD5A9C 0x646f740000000000000000000000000000000000000000000000000000000000
No files changed, compilation skipped
Deployer: 0xf24FF3a9CF04c71Dbc94D0b566f7A27B94566cac
Deployed to: 0xB436f2DcA59c66Eba3a35B576044565B5A8dFCb0
Transaction hash: 0x57f205042ed16c3a68da0ab3f576068a64cf2fcd42b044723f1e6f00d5f45cc0
[15:21:56] [✅] BaseRegistrarImplementation at 0xB436f2DcA59c66Eba3a35B576044565B5A8dFCb0
--------------------------------------------
[15:21:56] [⏳] Deploying DummyOracle...
[15:21:56] Args: 160000000000
[15:21:56] [⚙️] forge create contracts/ethregistrar/DummyOracle.sol:DummyOracle --account revive --password 123456 --rpc-url http://localhost:8545 --broadcast --resolc --constructor-args 160000000000
No files changed, compilation skipped
Deployer: 0xf24FF3a9CF04c71Dbc94D0b566f7A27B94566cac
Deployed to: 0x348D63E8C09505b89a6a663396f35B3498B0f988
Transaction hash: 0xa0d8616a2756ad1d0f4d0df3ae7e4c56b7e233af2adedf86fbb5e15a9cbb9d86
[15:21:56] [✅] DummyOracle at 0x348D63E8C09505b89a6a663396f35B3498B0f988
--------------------------------------------
[15:21:57] [⏳] Deploying ExponentialPremiumPriceOracle...
[15:21:57] Args: 0x348D63E8C09505b89a6a663396f35B3498B0f988 [0,0,20294266869609,5073566717402,158548959919] 100000000000000000000000000 21
[15:21:57] [⚙️] forge create contracts/ethregistrar/ExponentialPremiumPriceOracle.sol:ExponentialPremiumPriceOracle --account revive --password 123456 --rpc-url http://localhost:8545 --broadcast --resolc --constructor-args 0x348D63E8C09505b89a6a663396f35B3498B0f988 [0,0,20294266869609,5073566717402,158548959919] 100000000000000000000000000 21
No files changed, compilation skipped
Deployer: 0xf24FF3a9CF04c71Dbc94D0b566f7A27B94566cac
Deployed to: 0xb775c0CDA9CE88d03fBE4Ec8c74D1572bAB20De4
Transaction hash: 0x3ceaedd339d6e76f59a57aaaf5a4fb54fa0101813b196f01db18d6f513d71ad7
[15:21:58] [✅] ExponentialPremiumPriceOracle at 0xb775c0CDA9CE88d03fBE4Ec8c74D1572bAB20De4
--------------------------------------------
[15:21:58] [⏳] Deploying StaticMetadataService...
[15:21:58] Args: http://localhost:8080/name/0x{id}
[15:21:58] [⚙️] forge create contracts/wrapper/StaticMetadataService.sol:StaticMetadataService --account revive --password 123456 --rpc-url http://localhost:8545 --broadcast --resolc --constructor-args http://localhost:8080/name/0x{id}
No files changed, compilation skipped
Deployer: 0xf24FF3a9CF04c71Dbc94D0b566f7A27B94566cac
Deployed to: 0x7151EE65408f3A7fD2A58BCA0A13832833BFf5eE
Transaction hash: 0x68e5fd96af398fe665350c34dc2e37522610158cba63792c44a4248f12ee5231
[15:21:59] [✅] StaticMetadataService at 0x7151EE65408f3A7fD2A58BCA0A13832833BFf5eE
[15:21:59] [ℹ️] reverse=0xdec08c9dbbdd0890e300eb5062089b2d4b1c40e3673bbccb5423f7b37dcf9a9c
[15:21:59] [ℹ️] addr=0xe5e14487b78f85faa6e1808e89246cf57dd34831548ff2e6097380d98db2504a
[15:21:59] [ℹ️] dot=0xce159cf34380757d1932a8e4a74e85e85957b0a7a52d9c566c0a3c8d6133d0f7
[15:21:59] [⚙️] Performing ENS pre-setup...
[15:21:59] [🔗] TX: 0x0b80bd43743BCCfe7c1D5Ac9887D9190dE135CE4 :: setController(address,bool)(0xf24FF3a9CF04c71Dbc94D0b566f7A27B94566cac true)

blockHash            0xf3a97debe853f6acf504a34ea842305312514589beb28d77d6162454bb0f0e50
blockNumber          119
contractAddress      
cumulativeGasUsed    0
effectiveGasPrice    997797
from                 0xf24FF3a9CF04c71Dbc94D0b566f7A27B94566cac
gasUsed              20208843903
logs                 [{"address":"0x0b80bd43743bccfe7c1d5ac9887d9190de135ce4","topics":["0x4c97694570a07277810af7e5669ffd5f6a2d6b74b6e9a274b8b870fd5114cf87","0x000000000000000000000000f24ff3a9cf04c71dbc94d0b566f7a27b94566cac"],"data":"0x0000000000000000000000000000000000000000000000000000000000000001","blockHash":"0xf3a97debe853f6acf504a34ea842305312514589beb28d77d6162454bb0f0e50","blockNumber":"0x77","transactionHash":"0xa2c46cc0bdf01869e26e7b65c8d221690365f8e650b4ea224f9e0b1a6a11159d","transactionIndex":"0x1","logIndex":"0x3","removed":false}]
logsBloom            0x00000000000000000000000000000000000000000000000040000000000400000000000000000000000000000000000000000000000000000000000000000000000000000000000000000020000000000000000000000000000000000000000000000000000000000000000000008000000000000008000000000000000000000000000000000000000000000000000000000000000000000004000000000000000000000000000000000000000000000000000000000000000000000000000000000000000000000000000000000000000000000000000000000000004000000000000000000000001000000000000000020000000000000000000000000000
root                 
status               1 (success)
transactionHash      0xa2c46cc0bdf01869e26e7b65c8d221690365f8e650b4ea224f9e0b1a6a11159d
transactionIndex     1
type                 2
blobGasPrice         
blobGasUsed          
to                   0x0b80bd43743BCCfe7c1D5Ac9887D9190dE135CE4
[15:21:59] [🔗] TX: 0x0b80bd43743BCCfe7c1D5Ac9887D9190dE135CE4 :: setSubnodeOwner(bytes32,address)(0xdec08c9dbbdd0890e300eb5062089b2d4b1c40e3673bbccb5423f7b37dcf9a9c 0xf24FF3a9CF04c71Dbc94D0b566f7A27B94566cac)

blockHash            0x9dc548e527991f1389114af2e6bac3ca8022fb49ef5dcd5cd3cdcc190b5a28f0
blockNumber          120
contractAddress      
cumulativeGasUsed    0
effectiveGasPrice    997778
from                 0xf24FF3a9CF04c71Dbc94D0b566f7A27B94566cac
gasUsed              20961928553
logs                 [{"address":"0x5c369d02454e9d05b2b42df045cc107edcfd5a9c","topics":["0xce0457fe73731f824cc272376169235128c118b49d344817417c6d108d155e82","0x0000000000000000000000000000000000000000000000000000000000000000","0xdec08c9dbbdd0890e300eb5062089b2d4b1c40e3673bbccb5423f7b37dcf9a9c"],"data":"0x000000000000000000000000f24ff3a9cf04c71dbc94d0b566f7a27b94566cac","blockHash":"0x9dc548e527991f1389114af2e6bac3ca8022fb49ef5dcd5cd3cdcc190b5a28f0","blockNumber":"0x78","transactionHash":"0x9e3c8e674d2443d3d0e2226b12cf70b6060c1fcfb090d9fd657efcccf4909703","transactionIndex":"0x1","logIndex":"0x3","removed":false}]
logsBloom            0x00000000000000000000000000000000000000000000000020000000000000400000000000000000000000000000000000000000000010000000000000000000000000000000000000000000000000000000000000000000000000000000000000000000020000000000000000000800000000000000000000000000000000000000000000000002000000000000000000000000000000000000000000000000000000000000000000000000000000000000000000000000000000040000000000000000000000000000000000004000000000000000000000000000000020000000000004000000000000000000000000000000000000000000000000002400
root                 
status               1 (success)
transactionHash      0x9e3c8e674d2443d3d0e2226b12cf70b6060c1fcfb090d9fd657efcccf4909703
transactionIndex     1
type                 2
blobGasPrice         
blobGasUsed          
to                   0x0b80bd43743BCCfe7c1D5Ac9887D9190dE135CE4
[15:21:59] [🔗] TX: 0x5c369D02454E9d05b2b42df045cc107EdcFD5A9C :: setSubnodeOwner(bytes32,bytes32,address)(0xdec08c9dbbdd0890e300eb5062089b2d4b1c40e3673bbccb5423f7b37dcf9a9c 0xe5e14487b78f85faa6e1808e89246cf57dd34831548ff2e6097380d98db2504a 0xC1123cA6E07dD41123926866Ec72dbAF7be9D487)
Error: Failed to estimate gas: server returned an error response: error code 3: execution reverted: , data: "0x"
[15:21:59] [⚠️] TX failed: setSubnodeOwner(bytes32,bytes32,address)
[15:21:59] [🔗] TX: 0x0b80bd43743BCCfe7c1D5Ac9887D9190dE135CE4 :: setSubnodeOwner(bytes32,address)(0xce159cf34380757d1932a8e4a74e85e85957b0a7a52d9c566c0a3c8d6133d0f7 0xB436f2DcA59c66Eba3a35B576044565B5A8dFCb0)

blockHash            0x3d19f5a6b623d5c92b3c6b48b4b0ca4266cd3f203595eb577a53273e41095e11
blockNumber          121
contractAddress      
cumulativeGasUsed    0
effectiveGasPrice    997760
from                 0xf24FF3a9CF04c71Dbc94D0b566f7A27B94566cac
gasUsed              20962267586
logs                 [{"address":"0x5c369d02454e9d05b2b42df045cc107edcfd5a9c","topics":["0xce0457fe73731f824cc272376169235128c118b49d344817417c6d108d155e82","0x0000000000000000000000000000000000000000000000000000000000000000","0xce159cf34380757d1932a8e4a74e85e85957b0a7a52d9c566c0a3c8d6133d0f7"],"data":"0x000000000000000000000000b436f2dca59c66eba3a35b576044565b5a8dfcb0","blockHash":"0x3d19f5a6b623d5c92b3c6b48b4b0ca4266cd3f203595eb577a53273e41095e11","blockNumber":"0x79","transactionHash":"0x99b61db22f1ec279aba88d9367f7920fb29ff97fbb012888069e2b79cd58f86b","transactionIndex":"0x1","logIndex":"0x3","removed":false}]
logsBloom            0x00000000000000000000000000000000000000000000000020000000000000100000000000000000000000000000000000000000000030000000000000000000000000000000000000000000000000000000000000000000000000000000000000000000020000000000000000000800000000000000000000000000000000000000000000000000000000000000080000000000000000000000000000000000000000000000000000000000000000000000000000000000000000040000000000000000000000000000000000004000000000000000000000000000000020000000000004000000000000000000000000000000000000000000000000002000
root                 
status               1 (success)
transactionHash      0x99b61db22f1ec279aba88d9367f7920fb29ff97fbb012888069e2b79cd58f86b
transactionIndex     1
type                 2
blobGasPrice         
blobGasUsed          
to                   0x0b80bd43743BCCfe7c1D5Ac9887D9190dE135CE4
[15:21:59] [🧩] Owner of .dot before NameWrapper: 0x0000000000000000000000000000000000000000
[15:21:59] [⚠️] .dot ownership not set by Root, retrying directly on ENSRegistry...
[15:21:59] [🔗] TX: 0x5c369D02454E9d05b2b42df045cc107EdcFD5A9C :: setSubnodeOwner(bytes32,bytes32,address)(0x0000000000000000000000000000000000000000000000000000000000000000 0xce159cf34380757d1932a8e4a74e85e85957b0a7a52d9c566c0a3c8d6133d0f7 0xB436f2DcA59c66Eba3a35B576044565B5A8dFCb0)
Error: Failed to estimate gas: server returned an error response: error code 3: execution reverted: , data: "0x"
[15:21:59] [⚠️] TX failed: setSubnodeOwner(bytes32,bytes32,address)
[15:21:59] [✅] .dot ownership after retry: 0x0000000000000000000000000000000000000000
--------------------------------------------
[15:21:59] [⏳] Deploying NameWrapper...
[15:21:59] Args: 0x5c369D02454E9d05b2b42df045cc107EdcFD5A9C 0xB436f2DcA59c66Eba3a35B576044565B5A8dFCb0 0x7151EE65408f3A7fD2A58BCA0A13832833BFf5eE
[15:21:59] [⚙️] forge create contracts/wrapper/NameWrapper.sol:NameWrapper --account revive --password 123456 --rpc-url http://localhost:8545 --broadcast --resolc --constructor-args 0x5c369D02454E9d05b2b42df045cc107EdcFD5A9C 0xB436f2DcA59c66Eba3a35B576044565B5A8dFCb0 0x7151EE65408f3A7fD2A58BCA0A13832833BFf5eE
No files changed, compilation skipped
Error: server returned an error response: error code 3: execution reverted: , data: "0x"
[15:22:00] [❌] NameWrapper failed
