[15:27:51] [🔨] Building contracts...
Nothing to compile
[15:27:52] [✅] Build done.
[15:27:52] [📋] Labels and nodes:
[15:27:52]   reverse label: 0xdec08c9dbbdd0890e300eb5062089b2d4b1c40e3673bbccb5423f7b37dcf9a9c
[15:27:52]   reverse node:  0xa097f6721ce401e757d1223a763fef49b8b5f90bb18567ddb86fd205dff71d34
[15:27:52]   addr label:    0xe5e14487b78f85faa6e1808e89246cf57dd34831548ff2e6097380d98db2504a
[15:27:52]   dot label:     0xce159cf34380757d1932a8e4a74e85e85957b0a7a52d9c566c0a3c8d6133d0f7
[15:27:52]   dot node:      0x3fce7d1364a893e213bc4212792b517ffc88f5b13b86c8ef9c8d390c3a1370ce
============================================
[15:27:52] [🏗️] Deploying core ENS infrastructure...
--------------------------------------------
[15:27:52] [⏳] Deploying ENSRegistry...
[15:27:52] No args
[15:27:52] [⚙️] forge create contracts/registry/ENSRegistry.sol:ENSRegistry --account revive --password 123456 --rpc-url http://localhost:8545 --broadcast --resolc --stack-size 2097152
Compiling 2 files with Resolc v0.5.0, Solc v0.8.30
Resolc 0.5.0, Solc 0.8.30 finished in 359.93ms
Compiler run successful with warnings:
Warning (2519): This declaration shadows an existing declaration.
  --> contracts/registry/ENSRegistry.sol:18:9:
   |
18 |         address owner = records[node].owner;
   |         ^^^^^^^^^^^^^
Note: The shadowed declaration is here:
   --> contracts/registry/ENSRegistry.sol:125:5:
    |
125 |     function owner(bytes32 node) public view virtual override returns (address) {
    |     ^ (Relevant source part starts here and spans across multiple lines).

Warning (2519): This declaration shadows an existing declaration.
  --> contracts/registry/ENSRegistry.sol:35:9:
   |
35 |         address owner,
   |         ^^^^^^^^^^^^^
Note: The shadowed declaration is here:
   --> contracts/registry/ENSRegistry.sol:125:5:
    |
125 |     function owner(bytes32 node) public view virtual override returns (address) {
    |     ^ (Relevant source part starts here and spans across multiple lines).

Warning (2519): This declaration shadows an existing declaration.
  --> contracts/registry/ENSRegistry.sol:36:9:
   |
36 |         address resolver,
   |         ^^^^^^^^^^^^^^^^
Note: The shadowed declaration is here:
   --> contracts/registry/ENSRegistry.sol:137:5:
    |
137 |     function resolver(bytes32 node) public view virtual override returns (address) {
    |     ^ (Relevant source part starts here and spans across multiple lines).

Warning (2519): This declaration shadows an existing declaration.
  --> contracts/registry/ENSRegistry.sol:37:9:
   |
37 |         uint64 ttl
   |         ^^^^^^^^^^
Note: The shadowed declaration is here:
   --> contracts/registry/ENSRegistry.sol:144:5:
    |
144 |     function ttl(bytes32 node) public view virtual override returns (uint64) {
    |     ^ (Relevant source part starts here and spans across multiple lines).

Warning (2519): This declaration shadows an existing declaration.
  --> contracts/registry/ENSRegistry.sol:56:9:
   |
56 |         address owner,
   |         ^^^^^^^^^^^^^
Note: The shadowed declaration is here:
   --> contracts/registry/ENSRegistry.sol:125:5:
    |
125 |     function owner(bytes32 node) public view virtual override returns (address) {
    |     ^ (Relevant source part starts here and spans across multiple lines).

Warning (2519): This declaration shadows an existing declaration.
  --> contracts/registry/ENSRegistry.sol:57:9:
   |
57 |         address resolver,
   |         ^^^^^^^^^^^^^^^^
Note: The shadowed declaration is here:
   --> contracts/registry/ENSRegistry.sol:137:5:
    |
137 |     function resolver(bytes32 node) public view virtual override returns (address) {
    |     ^ (Relevant source part starts here and spans across multiple lines).

Warning (2519): This declaration shadows an existing declaration.
  --> contracts/registry/ENSRegistry.sol:58:9:
   |
58 |         uint64 ttl
   |         ^^^^^^^^^^
Note: The shadowed declaration is here:
   --> contracts/registry/ENSRegistry.sol:144:5:
    |
144 |     function ttl(bytes32 node) public view virtual override returns (uint64) {
    |     ^ (Relevant source part starts here and spans across multiple lines).

Warning (2519): This declaration shadows an existing declaration.
  --> contracts/registry/ENSRegistry.sol:71:37:
   |
71 |     function setOwner(bytes32 node, address owner) public virtual override authorised(node) {
   |                                     ^^^^^^^^^^^^^
Note: The shadowed declaration is here:
   --> contracts/registry/ENSRegistry.sol:125:5:
    |
125 |     function owner(bytes32 node) public view virtual override returns (address) {
    |     ^ (Relevant source part starts here and spans across multiple lines).

Warning (2519): This declaration shadows an existing declaration.
  --> contracts/registry/ENSRegistry.sol:83:9:
   |
83 |         address owner
   |         ^^^^^^^^^^^^^
Note: The shadowed declaration is here:
   --> contracts/registry/ENSRegistry.sol:125:5:
    |
125 |     function owner(bytes32 node) public view virtual override returns (address) {
    |     ^ (Relevant source part starts here and spans across multiple lines).

Warning (2519): This declaration shadows an existing declaration.
   --> contracts/registry/ENSRegistry.sol:100:40:
    |
100 |     function setResolver(bytes32 node, address resolver) public virtual override authorised(node) {
    |                                        ^^^^^^^^^^^^^^^^
Note: The shadowed declaration is here:
   --> contracts/registry/ENSRegistry.sol:137:5:
    |
137 |     function resolver(bytes32 node) public view virtual override returns (address) {
    |     ^ (Relevant source part starts here and spans across multiple lines).

Warning (2519): This declaration shadows an existing declaration.
   --> contracts/registry/ENSRegistry.sol:108:35:
    |
108 |     function setTTL(bytes32 node, uint64 ttl) public virtual override authorised(node) {
    |                                   ^^^^^^^^^^
Note: The shadowed declaration is here:
   --> contracts/registry/ENSRegistry.sol:144:5:
    |
144 |     function ttl(bytes32 node) public view virtual override returns (uint64) {
    |     ^ (Relevant source part starts here and spans across multiple lines).

Warning (2519): This declaration shadows an existing declaration.
   --> contracts/registry/ENSRegistry.sol:160:9:
    |
160 |         address owner,
    |         ^^^^^^^^^^^^^
Note: The shadowed declaration is here:
   --> contracts/registry/ENSRegistry.sol:125:5:
    |
125 |     function owner(bytes32 node) public view virtual override returns (address) {
    |     ^ (Relevant source part starts here and spans across multiple lines).

Warning (2519): This declaration shadows an existing declaration.
   --> contracts/registry/ENSRegistry.sol:172:38:
    |
172 |     function _setOwner(bytes32 node, address owner) internal virtual {
    |                                      ^^^^^^^^^^^^^
Note: The shadowed declaration is here:
   --> contracts/registry/ENSRegistry.sol:125:5:
    |
125 |     function owner(bytes32 node) public view virtual override returns (address) {
    |     ^ (Relevant source part starts here and spans across multiple lines).

Warning (2519): This declaration shadows an existing declaration.
   --> contracts/registry/ENSRegistry.sol:176:47:
    |
176 |     function _setResolverAndTTL(bytes32 node, address resolver, uint64 ttl) internal {
    |                                               ^^^^^^^^^^^^^^^^
Note: The shadowed declaration is here:
   --> contracts/registry/ENSRegistry.sol:137:5:
    |
137 |     function resolver(bytes32 node) public view virtual override returns (address) {
    |     ^ (Relevant source part starts here and spans across multiple lines).

Warning (2519): This declaration shadows an existing declaration.
   --> contracts/registry/ENSRegistry.sol:176:65:
    |
176 |     function _setResolverAndTTL(bytes32 node, address resolver, uint64 ttl) internal {
    |                                                                 ^^^^^^^^^^
Note: The shadowed declaration is here:
   --> contracts/registry/ENSRegistry.sol:144:5:
    |
144 |     function ttl(bytes32 node) public view virtual override returns (uint64) {
    |     ^ (Relevant source part starts here and spans across multiple lines).

Warning (2462): Visibility for constructor is ignored. If you want the contract to be non-deployable, making it "abstract" is sufficient.
  --> contracts/registry/ENSRegistry.sol:24:5:
   |
24 |     constructor() public {
   |     ^ (Relevant source part starts here and spans across multiple lines).

Error: server returned an error response: error code -32000: failed to run contract: Module(ModuleError { index: 5, error: [29, 0, 0, 0], message: Some("StaticMemoryTooLarge") })
[15:27:53] [❌] ENSRegistry failed
