[14:56:59] === Deploying ENS contracts on chain 420420420 ===
[14:56:59] Wallet: revive
[14:56:59] RPC:    http://localhost:8545
--------------------------------------------
--------------------------------------------
[14:56:59] [🔨] Building contracts...
Nothing to compile
[14:57:00] [✅] Build successful.
--------------------------------------------
--------------------------------------------
[14:57:00] [🚀] Starting contract deployments...
--------------------------------------------
[14:57:00] [⏳] Deploying ENSRegistry...
[14:57:00] No constructor args
[14:57:00] [⚙️] Running: forge create contracts/registry/ENSRegistry.sol:ENSRegistry --account revive --password 123456 --rpc-url http://localhost:8545 --broadcast
--------------------------------------------
No files changed, compilation skipped
Deployer: 0xf24FF3a9CF04c71Dbc94D0b566f7A27B94566cac
Deployed to: 0x867fb76BA206040EA09e73f38EdA307413d4966F
Transaction hash: 0x7eb7cecb53e9506947a0dc038f193a94948db5a4db0fa85395e20497845be90a
[14:57:01] [✅] ENSRegistry deployed at 0x867fb76BA206040EA09e73f38EdA307413d4966F (saved to deployments/420420420/ens_stack.json)
