[15:25:03] [🔨] Building contracts...
Nothing to compile
[15:25:04] [✅] Build done.
[15:25:04] [📋] Labels and nodes:
[15:25:04]   reverse label: 0xdec08c9dbbdd0890e300eb5062089b2d4b1c40e3673bbccb5423f7b37dcf9a9c
[15:25:04]   reverse node:  0xa097f6721ce401e757d1223a763fef49b8b5f90bb18567ddb86fd205dff71d34
[15:25:04]   addr label:    0xe5e14487b78f85faa6e1808e89246cf57dd34831548ff2e6097380d98db2504a
[15:25:04]   dot label:     0xce159cf34380757d1932a8e4a74e85e85957b0a7a52d9c566c0a3c8d6133d0f7
[15:25:04]   dot node:      0x3fce7d1364a893e213bc4212792b517ffc88f5b13b86c8ef9c8d390c3a1370ce
============================================
[15:25:04] [🏗️] Deploying core ENS infrastructure...
--------------------------------------------
[15:25:04] [⏳] Deploying ENSRegistry...
[15:25:04] No args
[15:25:04] [⚙️] forge create contracts/registry/ENSRegistry.sol:ENSRegistry --account revive --password 123456 --rpc-url http://localhost:8545 --broadcast --resolc
No files changed, compilation skipped
Deployer: 0xf24FF3a9CF04c71Dbc94D0b566f7A27B94566cac
Deployed to: 0xbfFB52cE5c03d767Bed3B443fd61b1472058Ce49
Transaction hash: 0x5694df286623232382f0ccc0dd4c4595a6ae7c42eb1d3de9b8c46c0d5557c979
[15:25:05] [✅] ENSRegistry at 0xbfFB52cE5c03d767Bed3B443fd61b1472058Ce49
--------------------------------------------
[15:25:05] [⏳] Deploying Root...
[15:25:05] Args: 0xbfFB52cE5c03d767Bed3B443fd61b1472058Ce49
[15:25:05] [⚙️] forge create contracts/root/Root.sol:Root --account revive --password 123456 --rpc-url http://localhost:8545 --broadcast --resolc --constructor-args 0xbfFB52cE5c03d767Bed3B443fd61b1472058Ce49
No files changed, compilation skipped
Deployer: 0xf24FF3a9CF04c71Dbc94D0b566f7A27B94566cac
Deployed to: 0x1cEbf9bD6E10924c11623738D0F1F8045fB76A74
Transaction hash: 0xb24924c24e4e5a217a4c59ca7b3f4aa782b3fcd2c9763da8a0ddf798f150c394
[15:25:06] [✅] Root at 0x1cEbf9bD6E10924c11623738D0F1F8045fB76A74
[15:25:06] [🔗] TX: 0xbfFB52cE5c03d767Bed3B443fd61b1472058Ce49 :: setOwner(bytes32,address)(0x0000000000000000000000000000000000000000000000000000000000000000 0x1cEbf9bD6E10924c11623738D0F1F8045fB76A74)

blockHash            0xbd721dd054008d149d7d693311b88826c0b28457e099a990535ad91ebbf9a51f
blockNumber          124
contractAddress      
cumulativeGasUsed    0
effectiveGasPrice    997704
from                 0xf24FF3a9CF04c71Dbc94D0b566f7A27B94566cac
gasUsed              20246581045
logs                 [{"address":"0xbffb52ce5c03d767bed3b443fd61b1472058ce49","topics":["0xd4735d920b0f87494915f556dd9b54c8f309026070caea5c737245152564d266","0x0000000000000000000000000000000000000000000000000000000000000000"],"data":"0x0000000000000000000000001cebf9bd6e10924c11623738d0f1f8045fb76a74","blockHash":"0xbd721dd054008d149d7d693311b88826c0b28457e099a990535ad91ebbf9a51f","blockNumber":"0x7c","transactionHash":"0x3d6dec1222688ef817792932286eca538bb8f1353b14f1e57f5ba0a68e8bcd80","transactionIndex":"0x1","logIndex":"0x3","removed":false}]
logsBloom            0x00000000000000000000020000000000000000000100000000000000000000000000000000000000000000000000000000000000000000000000000000000000000000000000000000000000000000000000000000000000000000000000000000000000020000000000000000000800000000000000000000000000000000000000000000000004000100000008000000000000000000000000000000000000000000000000000000000000000000000000000000000000000000000000000000000000000000000000000000000000000000000000000000000002000020000000000000000000000000000000000000000000000000000000000000000000
root                 
status               1 (success)
transactionHash      0x3d6dec1222688ef817792932286eca538bb8f1353b14f1e57f5ba0a68e8bcd80
transactionIndex     1
type                 2
blobGasPrice         
blobGasUsed          
to                   0xbfFB52cE5c03d767Bed3B443fd61b1472058Ce49
[15:25:06] [🔗] TX: 0x1cEbf9bD6E10924c11623738D0F1F8045fB76A74 :: setController(address,bool)(0xf24FF3a9CF04c71Dbc94D0b566f7A27B94566cac true)

blockHash            0x83b6644c20d3936010c53076b52c288c82acbcbd3bb9787911997ea2945720cb
blockNumber          125
contractAddress      
cumulativeGasUsed    0
effectiveGasPrice    997686
from                 0xf24FF3a9CF04c71Dbc94D0b566f7A27B94566cac
gasUsed              20210861318
logs                 [{"address":"0x1cebf9bd6e10924c11623738d0f1f8045fb76a74","topics":["0x4c97694570a07277810af7e5669ffd5f6a2d6b74b6e9a274b8b870fd5114cf87","0x000000000000000000000000f24ff3a9cf04c71dbc94d0b566f7a27b94566cac"],"data":"0x0000000000000000000000000000000000000000000000000000000000000001","blockHash":"0x83b6644c20d3936010c53076b52c288c82acbcbd3bb9787911997ea2945720cb","blockNumber":"0x7d","transactionHash":"0x4c941f434c1dc5e70309a00f7532506d367a90ac4c606bd60c5cfaffd5ee8173","transactionIndex":"0x1","logIndex":"0x3","removed":false}]
logsBloom            0x00000000000000000000000000000000000000000000000040000000000020000100000000000000000000000000000000000000000000000000000000000040000000000000000000000000000000000000000000000000000000000000000000000000000000000000000000008000000000000008000000000000000000000000000000000000000000000000000000000000000000000000000000000000000000000000000000000000000000000000000000000000000000000000000000000000000000000000000000000000000000000000000000000000004000000000000000000000001000000000000000020000000000000000000000000000
root                 
status               1 (success)
transactionHash      0x4c941f434c1dc5e70309a00f7532506d367a90ac4c606bd60c5cfaffd5ee8173
transactionIndex     1
type                 2
blobGasPrice         
blobGasUsed          
to                   0x1cEbf9bD6E10924c11623738D0F1F8045fB76A74
--------------------------------------------
[15:25:06] [⏳] Deploying ReverseRegistrar...
[15:25:06] Args: 0xbfFB52cE5c03d767Bed3B443fd61b1472058Ce49
[15:25:06] [⚙️] forge create contracts/reverseRegistrar/ReverseRegistrar.sol:ReverseRegistrar --account revive --password 123456 --rpc-url http://localhost:8545 --broadcast --resolc --constructor-args 0xbfFB52cE5c03d767Bed3B443fd61b1472058Ce49
No files changed, compilation skipped
Deployer: 0xf24FF3a9CF04c71Dbc94D0b566f7A27B94566cac
Deployed to: 0xE805F44d96C023fba9a9cc40dd1e95Dcabe11E5c
Transaction hash: 0xc222cffa1e689381670cefa136dee877b9e8899c3bf8e0921e9f397e0ef41df1
[15:25:07] [✅] ReverseRegistrar at 0xE805F44d96C023fba9a9cc40dd1e95Dcabe11E5c
[15:25:07] [🔗] TX: 0x1cEbf9bD6E10924c11623738D0F1F8045fB76A74 :: setSubnodeOwner(bytes32,address)(0xdec08c9dbbdd0890e300eb5062089b2d4b1c40e3673bbccb5423f7b37dcf9a9c 0xf24FF3a9CF04c71Dbc94D0b566f7A27B94566cac)

blockHash            0x12fdd98280097dcfc0241ae3effe1684004daf5edafae1e6f163f57e1f2edc0c
blockNumber          127
contractAddress      
cumulativeGasUsed    0
effectiveGasPrice    997649
from                 0xf24FF3a9CF04c71Dbc94D0b566f7A27B94566cac
gasUsed              20964364885
logs                 [{"address":"0xbffb52ce5c03d767bed3b443fd61b1472058ce49","topics":["0xce0457fe73731f824cc272376169235128c118b49d344817417c6d108d155e82","0x0000000000000000000000000000000000000000000000000000000000000000","0xdec08c9dbbdd0890e300eb5062089b2d4b1c40e3673bbccb5423f7b37dcf9a9c"],"data":"0x000000000000000000000000f24ff3a9cf04c71dbc94d0b566f7a27b94566cac","blockHash":"0x12fdd98280097dcfc0241ae3effe1684004daf5edafae1e6f163f57e1f2edc0c","blockNumber":"0x7f","transactionHash":"0x7fd04419c960a41a48732344f178acc1088b8e0236320dbc03d1a85723486afd","transactionIndex":"0x1","logIndex":"0x3","removed":false}]
logsBloom            0x00000000000000000000000000000000000000000000000000000000000000400000000000000000000000000000000000000000000010000000000000000000000000000000000000000000000000000000000000000000000000000000000000000000020000000000000000000800000000000000000000000000000000000000000000000006000000000008000000000000000000000000000000000000000000000000000000000000000000000000000000000000000000040000000000000000000000000000000000004000000000000000000000000002000020000000000000000000000000000000000000000000000000000000000000000400
root                 
status               1 (success)
transactionHash      0x7fd04419c960a41a48732344f178acc1088b8e0236320dbc03d1a85723486afd
transactionIndex     1
type                 2
blobGasPrice         
blobGasUsed          
to                   0x1cEbf9bD6E10924c11623738D0F1F8045fB76A74
[15:25:07] [🔗] TX: 0xbfFB52cE5c03d767Bed3B443fd61b1472058Ce49 :: setSubnodeOwner(bytes32,bytes32,address)(0xa097f6721ce401e757d1223a763fef49b8b5f90bb18567ddb86fd205dff71d34 0xe5e14487b78f85faa6e1808e89246cf57dd34831548ff2e6097380d98db2504a 0xE805F44d96C023fba9a9cc40dd1e95Dcabe11E5c)

blockHash            0xaef33f0d1e9207b6f531586a08a40674a0959bf37d4aa987a043b80cb7918428
blockNumber          128
contractAddress      
cumulativeGasUsed    0
effectiveGasPrice    997630
from                 0xf24FF3a9CF04c71Dbc94D0b566f7A27B94566cac
gasUsed              23524426416
logs                 [{"address":"0xbffb52ce5c03d767bed3b443fd61b1472058ce49","topics":["0xce0457fe73731f824cc272376169235128c118b49d344817417c6d108d155e82","0xa097f6721ce401e757d1223a763fef49b8b5f90bb18567ddb86fd205dff71d34","0xe5e14487b78f85faa6e1808e89246cf57dd34831548ff2e6097380d98db2504a"],"data":"0x000000000000000000000000e805f44d96c023fba9a9cc40dd1e95dcabe11e5c","blockHash":"0xaef33f0d1e9207b6f531586a08a40674a0959bf37d4aa987a043b80cb7918428","blockNumber":"0x80","transactionHash":"0x244f9775ba4672c16c6b4ef27be3e5fbfd1e4c201f89f0639df62a051e594ce0","transactionIndex":"0x1","logIndex":"0x3","removed":false}]
logsBloom            0x00000000000000000000000000000000000000000000000000800000000000000000000000000000000000000000000000000000000010000000000000000000000000000000000000000000000000000000000000000000000000000000000000000000000800000000000000000000000000000001000000000000000000000000000000000004000000000008000000000000000000000000000000000000000000000000000000000000000000000000000000000000000000040000000000000000000000000000000000004000001000000000000000000002000000000000000000000040000000000000000000000000000000000000000010000000
root                 
status               1 (success)
transactionHash      0x244f9775ba4672c16c6b4ef27be3e5fbfd1e4c201f89f0639df62a051e594ce0
transactionIndex     1
type                 2
blobGasPrice         
blobGasUsed          
to                   0xbfFB52cE5c03d767Bed3B443fd61b1472058Ce49
--------------------------------------------
[15:25:07] [⏳] Deploying BaseRegistrarImplementation...
[15:25:07] Args: 0xbfFB52cE5c03d767Bed3B443fd61b1472058Ce49 0x3fce7d1364a893e213bc4212792b517ffc88f5b13b86c8ef9c8d390c3a1370ce
[15:25:07] [⚙️] forge create contracts/ethregistrar/BaseRegistrarImplementation.sol:BaseRegistrarImplementation --account revive --password 123456 --rpc-url http://localhost:8545 --broadcast --resolc --constructor-args 0xbfFB52cE5c03d767Bed3B443fd61b1472058Ce49 0x3fce7d1364a893e213bc4212792b517ffc88f5b13b86c8ef9c8d390c3a1370ce
No files changed, compilation skipped
Deployer: 0xf24FF3a9CF04c71Dbc94D0b566f7A27B94566cac
Deployed to: 0x8FC96E089F68247C4eA777438f20f8B5d4C93983
Transaction hash: 0xbe5abde6a220cd27aecb3dda4119997fad56a165feeff0b96cbef67324268a3e
[15:25:08] [✅] BaseRegistrarImplementation at 0x8FC96E089F68247C4eA777438f20f8B5d4C93983
[15:25:08] [🔗] TX: 0x1cEbf9bD6E10924c11623738D0F1F8045fB76A74 :: setSubnodeOwner(bytes32,address)(0xce159cf34380757d1932a8e4a74e85e85957b0a7a52d9c566c0a3c8d6133d0f7 0x8FC96E089F68247C4eA777438f20f8B5d4C93983)

blockHash            0x27287de31a602191ce7eb179da86d71f2407e203016147c3311b819ce725adc9
blockNumber          130
contractAddress      
cumulativeGasUsed    0
effectiveGasPrice    997593
from                 0xf24FF3a9CF04c71Dbc94D0b566f7A27B94566cac
gasUsed              20965424539
logs                 [{"address":"0xbffb52ce5c03d767bed3b443fd61b1472058ce49","topics":["0xce0457fe73731f824cc272376169235128c118b49d344817417c6d108d155e82","0x0000000000000000000000000000000000000000000000000000000000000000","0xce159cf34380757d1932a8e4a74e85e85957b0a7a52d9c566c0a3c8d6133d0f7"],"data":"0x0000000000000000000000008fc96e089f68247c4ea777438f20f8b5d4c93983","blockHash":"0x27287de31a602191ce7eb179da86d71f2407e203016147c3311b819ce725adc9","blockNumber":"0x82","transactionHash":"0x713ae8feceb542d2b37a2c2da3c9e5e1ee2452a085a435fcb7b7668afacfceae","transactionIndex":"0x1","logIndex":"0x3","removed":false}]
logsBloom            0x00000000000000000000000000000000000000000000000000000000000000100000000000000000000000000000000000000000000030000000000000000000000000000000000000000000000000000000000000000000000000000000000000000000020000000000000000000800000000000000000000000000000000000000000000000004000000000008080000000000000000000000000000000000000000000000000000000000000000000000000000000000000000040000000000000000000000000000000000004000000000000000000000000002000020000000000000000000000000000000000000000000000000000000000000000000
root                 
status               1 (success)
transactionHash      0x713ae8feceb542d2b37a2c2da3c9e5e1ee2452a085a435fcb7b7668afacfceae
transactionIndex     1
type                 2
blobGasPrice         
blobGasUsed          
to                   0x1cEbf9bD6E10924c11623738D0F1F8045fB76A74
[15:25:08] [🔎] Owner of .dot node: 0x8FC96E089F68247C4eA777438f20f8B5d4C93983
[15:25:08] [✅] .dot ownership verified
============================================
[15:25:08] [💰] Deploying pricing and metadata...
--------------------------------------------
[15:25:08] [⏳] Deploying DummyOracle...
[15:25:08] Args: 160000000000
[15:25:08] [⚙️] forge create contracts/ethregistrar/DummyOracle.sol:DummyOracle --account revive --password 123456 --rpc-url http://localhost:8545 --broadcast --resolc --constructor-args 160000000000
No files changed, compilation skipped
Deployer: 0xf24FF3a9CF04c71Dbc94D0b566f7A27B94566cac
Deployed to: 0xC6FE7a31546C94486D61D5a35eB19BDeA85FA85F
Transaction hash: 0x9beaefbb59f8a645a819da2e625fd676d3e91cdea8f1f6d8f099038e1b103900
[15:25:09] [✅] DummyOracle at 0xC6FE7a31546C94486D61D5a35eB19BDeA85FA85F
--------------------------------------------
[15:25:09] [⏳] Deploying ExponentialPremiumPriceOracle...
[15:25:09] Args: 0xC6FE7a31546C94486D61D5a35eB19BDeA85FA85F [0,0,20294266869609,5073566717402,158548959919] 100000000000000000000000000 21
[15:25:09] [⚙️] forge create contracts/ethregistrar/ExponentialPremiumPriceOracle.sol:ExponentialPremiumPriceOracle --account revive --password 123456 --rpc-url http://localhost:8545 --broadcast --resolc --constructor-args 0xC6FE7a31546C94486D61D5a35eB19BDeA85FA85F [0,0,20294266869609,5073566717402,158548959919] 100000000000000000000000000 21
No files changed, compilation skipped
Deployer: 0xf24FF3a9CF04c71Dbc94D0b566f7A27B94566cac
Deployed to: 0xD023De31a4480EDB9A16d763793E2Af095385347
Transaction hash: 0x3e4de3f301545cd4392fcb3b7b216e2e467566baf11fd835eb2d20fba1704207
[15:25:10] [✅] ExponentialPremiumPriceOracle at 0xD023De31a4480EDB9A16d763793E2Af095385347
--------------------------------------------
[15:25:10] [⏳] Deploying StaticMetadataService...
[15:25:10] Args: http://localhost:8080/name/0x{id}
[15:25:10] [⚙️] forge create contracts/wrapper/StaticMetadataService.sol:StaticMetadataService --account revive --password 123456 --rpc-url http://localhost:8545 --broadcast --resolc --constructor-args http://localhost:8080/name/0x{id}
No files changed, compilation skipped
Deployer: 0xf24FF3a9CF04c71Dbc94D0b566f7A27B94566cac
Deployed to: 0xd69E9B8823F6c537581dcba811F7F00d4d7bc807
Transaction hash: 0xc55f3923a94ab1986ea044b0bf02c1a6c0a24bb879223ccb5f09526b2b70a711
[15:25:11] [✅] StaticMetadataService at 0xd69E9B8823F6c537581dcba811F7F00d4d7bc807
============================================
[15:25:11] [📦] Deploying NameWrapper and controllers...
--------------------------------------------
[15:25:11] [⏳] Deploying NameWrapper...
[15:25:11] Args: 0xbfFB52cE5c03d767Bed3B443fd61b1472058Ce49 0x8FC96E089F68247C4eA777438f20f8B5d4C93983 0xd69E9B8823F6c537581dcba811F7F00d4d7bc807
[15:25:11] [⚙️] forge create contracts/wrapper/NameWrapper.sol:NameWrapper --account revive --password 123456 --rpc-url http://localhost:8545 --broadcast --resolc --constructor-args 0xbfFB52cE5c03d767Bed3B443fd61b1472058Ce49 0x8FC96E089F68247C4eA777438f20f8B5d4C93983 0xd69E9B8823F6c537581dcba811F7F00d4d7bc807
No files changed, compilation skipped
Deployer: 0xf24FF3a9CF04c71Dbc94D0b566f7A27B94566cac
Deployed to: 0x171618360f31f94502475E6CccE1Da870230BAf7
Transaction hash: 0x9c967b53521555abd73c921b2a4425edf5b5a585508052cc5d881974aaae7f09
[15:25:12] [✅] NameWrapper at 0x171618360f31f94502475E6CccE1Da870230BAf7
[15:25:12] [🔗] TX: 0x8FC96E089F68247C4eA777438f20f8B5d4C93983 :: addController(address)(0x171618360f31f94502475E6CccE1Da870230BAf7)

blockHash            0x38966af6c1173f5c10cd9daaa467ebe439cb7ac28ed8577f17efb74de057745b
blockNumber          135
contractAddress      
cumulativeGasUsed    0
effectiveGasPrice    997502
from                 0xf24FF3a9CF04c71Dbc94D0b566f7A27B94566cac
gasUsed              17079740941
logs                 [{"address":"0x8fc96e089f68247c4ea777438f20f8b5d4c93983","topics":["0x0a8bb31534c0ed46f380cb867bd5c803a189ced9a764e30b3a4991a9901d7474","0x000000000000000000000000171618360f31f94502475e6ccce1da870230baf7"],"data":"0x","blockHash":"0x38966af6c1173f5c10cd9daaa467ebe439cb7ac28ed8577f17efb74de057745b","blockNumber":"0x87","transactionHash":"0x3dfe98636fd5d824a87ffff48ab7a53d23f142aad4f8644dd30aeb8fdbfe76da","transactionIndex":"0x1","logIndex":"0x3","removed":false}]
logsBloom            0x00000000000000000000000000002000000000000400000000000000000000000000000000000000000000000000000000000000000000000002000000000010000000100000000800000000000000000000000000000000000000000000000000000000000000000000000000000000008000000000000000000000000000000000000000000000000000000000000000000000000000000000010000000000000000000000000000000000000000000000000000000000000000000000000000000000000000000000000000000000000000010000000000000000000000000000000000000000000000000000000000000000000000000000000000000000
root                 
status               1 (success)
transactionHash      0x3dfe98636fd5d824a87ffff48ab7a53d23f142aad4f8644dd30aeb8fdbfe76da
transactionIndex     1
type                 2
blobGasPrice         
blobGasUsed          
to                   0x8FC96E089F68247C4eA777438f20f8B5d4C93983
--------------------------------------------
[15:25:12] [⏳] Deploying DefaultReverseRegistrar...
[15:25:12] No args
[15:25:12] [⚙️] forge create contracts/reverseRegistrar/DefaultReverseRegistrar.sol:DefaultReverseRegistrar --account revive --password 123456 --rpc-url http://localhost:8545 --broadcast --resolc
Compiling 18 files with Resolc v0.5.0, Solc v0.8.30
Resolc 0.5.0, Solc 0.8.30 finished in 985.61ms
Compiler run successful!
Deployer: 0xf24FF3a9CF04c71Dbc94D0b566f7A27B94566cac
Deployed to: 0xA7fB3825A1464194B7e4A417B8cE837Af12401E8
Transaction hash: 0x735f817d2a9641a2ae2e65bb701f595a8730ba78b079ac1fcd211a907eebac20
[15:25:14] [✅] DefaultReverseRegistrar at 0xA7fB3825A1464194B7e4A417B8cE837Af12401E8
--------------------------------------------
[15:25:14] [⏳] Deploying ETHRegistrarController...
[15:25:14] Args: 0x8FC96E089F68247C4eA777438f20f8B5d4C93983 0xD023De31a4480EDB9A16d763793E2Af095385347 60 86400 0xE805F44d96C023fba9a9cc40dd1e95Dcabe11E5c 0xA7fB3825A1464194B7e4A417B8cE837Af12401E8 0xbfFB52cE5c03d767Bed3B443fd61b1472058Ce49
[15:25:14] [⚙️] forge create contracts/ethregistrar/ETHRegistrarController.sol:ETHRegistrarController --account revive --password 123456 --rpc-url http://localhost:8545 --broadcast --resolc --constructor-args 0x8FC96E089F68247C4eA777438f20f8B5d4C93983 0xD023De31a4480EDB9A16d763793E2Af095385347 60 86400 0xE805F44d96C023fba9a9cc40dd1e95Dcabe11E5c 0xA7fB3825A1464194B7e4A417B8cE837Af12401E8 0xbfFB52cE5c03d767Bed3B443fd61b1472058Ce49
Compiling 14 files with Resolc v0.5.0, Solc v0.8.30
Resolc 0.5.0, Solc 0.8.30 finished in 2.28s
Compiler run successful with warnings:
Warning (2018): Function state mutability can be restricted to pure
   --> contracts/ethregistrar/BaseRegistrarImplementation.sol:181:5:
    |
181 |     function supportsInterface(bytes4 interfaceID)
    |     ^ (Relevant source part starts here and spans across multiple lines).

Warning: Warning: It looks like you are using '<address payable>.send/transfer(<X>)'.
Using '<address payable>.send/transfer(<X>)' is deprecated and strongly discouraged!
The resolc compiler uses a heuristic to detect '<address payable>.send/transfer(<X>)' calls,
which disables call re-entrancy and supplies all remaining gas instead of the 2300 gas stipend.
However, detection is not guaranteed. You are advised to carefully test this, employ
re-entrancy guards or use the withdrawal pattern instead!
Learn more on https://docs.soliditylang.org/en/latest/security-considerations.html#reentrancy
and https://docs.soliditylang.org/en/latest/common-patterns.html#withdrawal-from-contracts
    --> contracts/ethregistrar/ETHRegistrarController.sol:316:11
     |
 316 |             payable(msg.sender).transfer(msg.value - totalPrice);
     |             ^^^^^^^^^^^^^^^^^^^^^^^^^^^^^^^^^^^^^^^^^^^^^^^^^^^^

Warning: Warning: It looks like you are using '<address payable>.send/transfer(<X>)'.
Using '<address payable>.send/transfer(<X>)' is deprecated and strongly discouraged!
The resolc compiler uses a heuristic to detect '<address payable>.send/transfer(<X>)' calls,
which disables call re-entrancy and supplies all remaining gas instead of the 2300 gas stipend.
However, detection is not guaranteed. You are advised to carefully test this, employ
re-entrancy guards or use the withdrawal pattern instead!
Learn more on https://docs.soliditylang.org/en/latest/security-considerations.html#reentrancy
and https://docs.soliditylang.org/en/latest/common-patterns.html#withdrawal-from-contracts
    --> contracts/ethregistrar/ETHRegistrarController.sol:344:11
     |
 344 |             payable(msg.sender).transfer(msg.value - price.base);
     |             ^^^^^^^^^^^^^^^^^^^^^^^^^^^^^^^^^^^^^^^^^^^^^^^^^^^^

Warning: Warning: It looks like you are using '<address payable>.send/transfer(<X>)'.
Using '<address payable>.send/transfer(<X>)' is deprecated and strongly discouraged!
The resolc compiler uses a heuristic to detect '<address payable>.send/transfer(<X>)' calls,
which disables call re-entrancy and supplies all remaining gas instead of the 2300 gas stipend.
However, detection is not guaranteed. You are advised to carefully test this, employ
re-entrancy guards or use the withdrawal pattern instead!
Learn more on https://docs.soliditylang.org/en/latest/security-considerations.html#reentrancy
and https://docs.soliditylang.org/en/latest/common-patterns.html#withdrawal-from-contracts
    --> contracts/ethregistrar/ETHRegistrarController.sol:350:7
     |
 350 |         payable(owner()).transfer(address(this).balance);
     |         ^^^^^^^^^^^^^^^^^^^^^^^^^^^^^^^^^^^^^^^^^^^^^^^^

Deployer: 0xf24FF3a9CF04c71Dbc94D0b566f7A27B94566cac
Deployed to: 0x4C424c9208EC4E1e4aFFc488a50D64258CbAA563
Transaction hash: 0x7c44f94232b93645e9800367d5c1ac9f8a38af67f4b80c2f3d406b50e0426f48
[15:25:18] [✅] ETHRegistrarController at 0x4C424c9208EC4E1e4aFFc488a50D64258CbAA563
[15:25:18] [🔗] TX: 0x8FC96E089F68247C4eA777438f20f8B5d4C93983 :: addController(address)(0x4C424c9208EC4E1e4aFFc488a50D64258CbAA563)

blockHash            0x577588fc5474227a9fd46c6c7eb18af2a446fa7be71796930b578d24aa7da4ad
blockNumber          138
contractAddress      
cumulativeGasUsed    0
effectiveGasPrice    997446
from                 0xf24FF3a9CF04c71Dbc94D0b566f7A27B94566cac
gasUsed              17080620239
logs                 [{"address":"0x8fc96e089f68247c4ea777438f20f8b5d4c93983","topics":["0x0a8bb31534c0ed46f380cb867bd5c803a189ced9a764e30b3a4991a9901d7474","0x0000000000000000000000004c424c9208ec4e1e4affc488a50d64258cbaa563"],"data":"0x","blockHash":"0x577588fc5474227a9fd46c6c7eb18af2a446fa7be71796930b578d24aa7da4ad","blockNumber":"0x8a","transactionHash":"0xc1f387148de43d47c783ee9dd08d71e57f1ddd1cc30394219e6ef597d71ec045","transactionIndex":"0x1","logIndex":"0x3","removed":false}]
logsBloom            0x00000000000000000000000000000000000000000400000000000000000000000000000000000002000000000000000000000000000000000002000000000010000000000000000010000000000000000000000000000000000000000000000000000000000000000000000000000000008000000000000000000000000000000000000000000000000000000000000000000000000000000000010000000000000000000000000000000000000000000000000000000000000000000000000000000000000000000000000000000000000000010800000000000000000000000000000000000000000000000000000000000000000000000000000000000000
root                 
status               1 (success)
transactionHash      0xc1f387148de43d47c783ee9dd08d71e57f1ddd1cc30394219e6ef597d71ec045
transactionIndex     1
type                 2
blobGasPrice         
blobGasUsed          
to                   0x8FC96E089F68247C4eA777438f20f8B5d4C93983
[15:25:18] [🔗] TX: 0x171618360f31f94502475E6CccE1Da870230BAf7 :: setController(address,bool)(0x4C424c9208EC4E1e4aFFc488a50D64258CbAA563 true)
Error: Failed to estimate gas: server returned an error response: error code -32000: failed to run contract: Module(ModuleError { index: 5, error: [11, 0, 0, 0], message: Some("ContractTrapped") })
[15:25:18] [❌] TX failed: setController(address,bool)
