[15:10:13] [🔨] Building contracts...
Nothing to compile
[15:10:14] [✅] Build done.
--------------------------------------------
[15:10:14] [⏳] Deploying ENSRegistry...
[15:10:14] No args
[15:10:14] [⚙️] forge create contracts/registry/ENSRegistry.sol:ENSRegistry --account revive --password 123456 --rpc-url http://localhost:8545 --broadcast --resolc
No files changed, compilation skipped
Deployer: 0xf24FF3a9CF04c71Dbc94D0b566f7A27B94566cac
Deployed to: 0x79D08B1fDDcc8961bc252E77e28A8519243d3D28
Transaction hash: 0xd1c9071e80a64b6f40d58ce828b53e7b6483a99cf53647475d83bfd806234d18
[15:10:15] [✅] ENSRegistry at 0x79D08B1fDDcc8961bc252E77e28A8519243d3D28
--------------------------------------------
[15:10:15] [⏳] Deploying Root...
[15:10:15] Args: 0x79D08B1fDDcc8961bc252E77e28A8519243d3D28
[15:10:15] [⚙️] forge create contracts/root/Root.sol:Root --account revive --password 123456 --rpc-url http://localhost:8545 --broadcast --resolc --constructor-args 0x79D08B1fDDcc8961bc252E77e28A8519243d3D28
No files changed, compilation skipped
Deployer: 0xf24FF3a9CF04c71Dbc94D0b566f7A27B94566cac
Deployed to: 0xC530e4cD4933357da902577E78cC7C65C5759e0C
Transaction hash: 0x5dcca06346427509c22485933ac9afa9fe936d2cf70cb99b2a90cddc60cacced
[15:10:16] [✅] Root at 0xC530e4cD4933357da902577E78cC7C65C5759e0C
--------------------------------------------
[15:10:17] [⏳] Deploying ReverseRegistrar...
[15:10:17] Args: 0x79D08B1fDDcc8961bc252E77e28A8519243d3D28
[15:10:17] [⚙️] forge create contracts/reverseRegistrar/ReverseRegistrar.sol:ReverseRegistrar --account revive --password 123456 --rpc-url http://localhost:8545 --broadcast --resolc --constructor-args 0x79D08B1fDDcc8961bc252E77e28A8519243d3D28
No files changed, compilation skipped
Deployer: 0xf24FF3a9CF04c71Dbc94D0b566f7A27B94566cac
Deployed to: 0xcd13A508cF33C8aB8920b74B7280829c86F42e5f
Transaction hash: 0x0c4058a6fd74b8fe35c5cdea090761a51c81f33fae98e32f2c3865ce3f3a063d
[15:10:17] [✅] ReverseRegistrar at 0xcd13A508cF33C8aB8920b74B7280829c86F42e5f
--------------------------------------------
[15:10:17] [⏳] Deploying BaseRegistrarImplementation...
[15:10:17] Args: 0x79D08B1fDDcc8961bc252E77e28A8519243d3D28 0x646f740000000000000000000000000000000000000000000000000000000000
[15:10:17] [⚙️] forge create contracts/ethregistrar/BaseRegistrarImplementation.sol:BaseRegistrarImplementation --account revive --password 123456 --rpc-url http://localhost:8545 --broadcast --resolc --constructor-args 0x79D08B1fDDcc8961bc252E77e28A8519243d3D28 0x646f740000000000000000000000000000000000000000000000000000000000
No files changed, compilation skipped
Deployer: 0xf24FF3a9CF04c71Dbc94D0b566f7A27B94566cac
Deployed to: 0xf2D374B77db32284D79FCbf72b0d97d16D031cdf
Transaction hash: 0xe559805e354fef240607237b3aa3463982317b7583e1227e7df441757a8b45ba
[15:10:19] [✅] BaseRegistrarImplementation at 0xf2D374B77db32284D79FCbf72b0d97d16D031cdf
[15:10:19] [⚙️] Performing ENS pre-setup...
[15:10:19] [🔗] TX: 0x79D08B1fDDcc8961bc252E77e28A8519243d3D28 :: setOwner(bytes32,address)(0x0000000000000000000000000000000000000000000000000000000000000000 0xC530e4cD4933357da902577E78cC7C65C5759e0C)

blockHash            0x490bbd5e78ba20b96dee607c203099892aa048660184d6a926e93908bfcb66e8
blockNumber          48
contractAddress      
cumulativeGasUsed    0
effectiveGasPrice    999110
from                 0xf24FF3a9CF04c71Dbc94D0b566f7A27B94566cac
gasUsed              20220051594
logs                 [{"address":"0x79d08b1fddcc8961bc252e77e28a8519243d3d28","topics":["0xd4735d920b0f87494915f556dd9b54c8f309026070caea5c737245152564d266","0x0000000000000000000000000000000000000000000000000000000000000000"],"data":"0x000000000000000000000000c530e4cd4933357da902577e78cc7c65c5759e0c","blockHash":"0x490bbd5e78ba20b96dee607c203099892aa048660184d6a926e93908bfcb66e8","blockNumber":"0x30","transactionHash":"0xcfdeb0e701fbe197c0adf8f224152a557189d96a1c40f90c1cfae1c361ba9914","transactionIndex":"0x1","logIndex":"0x3","removed":false}]
logsBloom            0x00000000000000000000020000000000000000100100000000000000000000000000000000000000000000000000000000000000000000000000000000000000000000000000000000000000000000000000000000000000000000000000000000000000020000000000000000000800000000000000000000000000000000000000000000000000000100000000800000000000000000000000000000000000000000000004000000000000000000000000000000000000000000000000000000000000000000000000000000000000000000000000000000000000000020000000000000000000000000000000000000000000000000000000000000000000
root                 
status               1 (success)
transactionHash      0xcfdeb0e701fbe197c0adf8f224152a557189d96a1c40f90c1cfae1c361ba9914
transactionIndex     1
type                 2
blobGasPrice         
blobGasUsed          
to                   0x79D08B1fDDcc8961bc252E77e28A8519243d3D28
[15:10:19] [🔗] TX: 0xC530e4cD4933357da902577E78cC7C65C5759e0C :: setController(address,bool)(0xf24FF3a9CF04c71Dbc94D0b566f7A27B94566cac true)

blockHash            0x9e073f0176828e125f63289f5b57ed1dbf779979ec83abe7ef26eb1e1ff8aa5d
blockNumber          49
contractAddress      
cumulativeGasUsed    0
effectiveGasPrice    999091
from                 0xf24FF3a9CF04c71Dbc94D0b566f7A27B94566cac
gasUsed              20184351098
logs                 [{"address":"0xc530e4cd4933357da902577e78cc7c65c5759e0c","topics":["0x4c97694570a07277810af7e5669ffd5f6a2d6b74b6e9a274b8b870fd5114cf87","0x000000000000000000000000f24ff3a9cf04c71dbc94d0b566f7a27b94566cac"],"data":"0x0000000000000000000000000000000000000000000000000000000000000001","blockHash":"0x9e073f0176828e125f63289f5b57ed1dbf779979ec83abe7ef26eb1e1ff8aa5d","blockNumber":"0x31","transactionHash":"0x954f934481318ee01b9ce744980094e2cfdba788cbbc777c19dcab3069711b54","transactionIndex":"0x1","logIndex":"0x3","removed":false}]
logsBloom            0x00000000004000000000000000000000000080000000000040000000000000000000000000000000000000000000000000000000000000000000000000000000000000000000000000000000000000000000000000000000000000000000000000000000000000000000000000008000000000000008000000000000000000000000000000000000000000000000000000000000000000000000000000000000000000000000000000000000000000000000000000000000000000000000000000000000000000000000000000000000000000000000000000000000004000000000000000000000001400000000000000020000000000000000000000000000
root                 
status               1 (success)
transactionHash      0x954f934481318ee01b9ce744980094e2cfdba788cbbc777c19dcab3069711b54
transactionIndex     1
type                 2
blobGasPrice         
blobGasUsed          
to                   0xC530e4cD4933357da902577E78cC7C65C5759e0C
[15:10:19] [🔗] TX: 0xC530e4cD4933357da902577E78cC7C65C5759e0C :: setSubnodeOwner(bytes32,address)(0xdec08c9dbbdd0890e300eb5062089b2d4b1c40e3673bbccb5423f7b37dcf9a9c 0xf24FF3a9CF04c71Dbc94D0b566f7A27B94566cac)

blockHash            0x352e0f925b6871d4a33e5c4ba4c893c9e0f89314b1eb211071676aec72072314
blockNumber          50
contractAddress      
cumulativeGasUsed    0
effectiveGasPrice    999073
from                 0xf24FF3a9CF04c71Dbc94D0b566f7A27B94566cac
gasUsed              20937493750
logs                 [{"address":"0x79d08b1fddcc8961bc252e77e28a8519243d3d28","topics":["0xce0457fe73731f824cc272376169235128c118b49d344817417c6d108d155e82","0x0000000000000000000000000000000000000000000000000000000000000000","0xdec08c9dbbdd0890e300eb5062089b2d4b1c40e3673bbccb5423f7b37dcf9a9c"],"data":"0x000000000000000000000000f24ff3a9cf04c71dbc94d0b566f7a27b94566cac","blockHash":"0x352e0f925b6871d4a33e5c4ba4c893c9e0f89314b1eb211071676aec72072314","blockNumber":"0x32","transactionHash":"0x89b878cbf943530ad1799bd0a206613decbc67a13028ba127ad88951bfcf538c","transactionIndex":"0x1","logIndex":"0x3","removed":false}]
logsBloom            0x00000000000000000000000000000000000000100000000000000000000000400000000000000000000000000000000000000000000010000000000000000000000000000000000000000000000000000000000000000000000000000000000000000000020000000000000000000800000000000000000000000000000000000000000000000002000000000000800000000000000000000000000000000000000000000004000000000000000000000000000000000000000000040000000000000000000000000000000000004000000000000000000000000000000020000000000000000000000000000000000000000000000000000000000000000400
root                 
status               1 (success)
transactionHash      0x89b878cbf943530ad1799bd0a206613decbc67a13028ba127ad88951bfcf538c
transactionIndex     1
type                 2
blobGasPrice         
blobGasUsed          
to                   0xC530e4cD4933357da902577E78cC7C65C5759e0C
[15:10:19] [🔗] TX: 0x79D08B1fDDcc8961bc252E77e28A8519243d3D28 :: setSubnodeOwner(bytes32,bytes32,address)(0xdec08c9dbbdd0890e300eb5062089b2d4b1c40e3673bbccb5423f7b37dcf9a9c 0xe5e14487b78f85faa6e1808e89246cf57dd34831548ff2e6097380d98db2504a 0xcd13A508cF33C8aB8920b74B7280829c86F42e5f)
Error: Failed to estimate gas: server returned an error response: error code 3: execution reverted: , data: "0x"
[15:10:19] [⚠️] TX failed: setSubnodeOwner(bytes32,bytes32,address)
[15:10:19] [🔗] TX: 0xC530e4cD4933357da902577E78cC7C65C5759e0C :: setSubnodeOwner(bytes32,address)(0xce159cf34380757d1932a8e4a74e85e85957b0a7a52d9c566c0a3c8d6133d0f7 0xf2D374B77db32284D79FCbf72b0d97d16D031cdf)

blockHash            0xec7c383d41e34af25985b30f6106b46d05b19822769549e3182f0356e6d8e2e2
blockNumber          51
contractAddress      
cumulativeGasUsed    0
effectiveGasPrice    999054
from                 0xf24FF3a9CF04c71Dbc94D0b566f7A27B94566cac
gasUsed              20937852810
logs                 [{"address":"0x79d08b1fddcc8961bc252e77e28a8519243d3d28","topics":["0xce0457fe73731f824cc272376169235128c118b49d344817417c6d108d155e82","0x0000000000000000000000000000000000000000000000000000000000000000","0xce159cf34380757d1932a8e4a74e85e85957b0a7a52d9c566c0a3c8d6133d0f7"],"data":"0x000000000000000000000000f2d374b77db32284d79fcbf72b0d97d16d031cdf","blockHash":"0xec7c383d41e34af25985b30f6106b46d05b19822769549e3182f0356e6d8e2e2","blockNumber":"0x33","transactionHash":"0x0a658ac202100ebeb830e3593f007509a49bc59d891a37cd950c55a980b3af85","transactionIndex":"0x1","logIndex":"0x3","removed":false}]
logsBloom            0x00000000000000000000000000000000000000100000000000000000000000100000000000000000000000000000000000000000000030000000000000000000000000000000000000000000000000000000000000000000000000000000000000000000020000000000000000000800000000000000000000000000000000000000000000000000000000000000880000000000000000000000000000000000000000000004000000000000000000000000000000000000000000040000000000000000000000000000000000004000000000000000000000000000000020000000000000000000000000000000000000000000000000000000000000000000
root                 
status               1 (success)
transactionHash      0x0a658ac202100ebeb830e3593f007509a49bc59d891a37cd950c55a980b3af85
transactionIndex     1
type                 2
blobGasPrice         
blobGasUsed          
to                   0xC530e4cD4933357da902577E78cC7C65C5759e0C
--------------------------------------------
[15:10:19] [⏳] Deploying DummyOracle...
[15:10:19] Args: 160000000000
[15:10:19] [⚙️] forge create contracts/ethregistrar/DummyOracle.sol:DummyOracle --account revive --password 123456 --rpc-url http://localhost:8545 --broadcast --resolc --constructor-args 160000000000
No files changed, compilation skipped
Deployer: 0xf24FF3a9CF04c71Dbc94D0b566f7A27B94566cac
Deployed to: 0xEb7b83063a68d8a25a2c9aE5d9f3535a2e78A8E9
Transaction hash: 0x2626ef26beeb8cad67ab4115a38f700af8c902a92a35343455e8a065d473c57b
[15:10:20] [✅] DummyOracle at 0xEb7b83063a68d8a25a2c9aE5d9f3535a2e78A8E9
--------------------------------------------
[15:10:20] [⏳] Deploying ExponentialPremiumPriceOracle...
[15:10:20] Args: 0xEb7b83063a68d8a25a2c9aE5d9f3535a2e78A8E9 [0,0,20294266869609,5073566717402,158548959919] 100000000000000000000000000 21
[15:10:20] [⚙️] forge create contracts/ethregistrar/ExponentialPremiumPriceOracle.sol:ExponentialPremiumPriceOracle --account revive --password 123456 --rpc-url http://localhost:8545 --broadcast --resolc --constructor-args 0xEb7b83063a68d8a25a2c9aE5d9f3535a2e78A8E9 [0,0,20294266869609,5073566717402,158548959919] 100000000000000000000000000 21
Compiling 4 files with Resolc v0.5.0, Solc v0.8.30
Resolc 0.5.0, Solc 0.8.30 finished in 1.23s
Compiler run successful with warnings:
Warning (2519): This declaration shadows an existing declaration.
  --> contracts/ethregistrar/ExponentialPremiumPriceOracle.sol:68:29:
   |
68 |     function decayedPremium(uint256 startPremium, uint256 elapsed) public pure returns (uint256) {
   |                             ^^^^^^^^^^^^^^^^^^^^
Note: The shadowed declaration is here:
 --> contracts/ethregistrar/ExponentialPremiumPriceOracle.sol:8:5:
  |
8 |     uint256 immutable startPremium;
  |     ^^^^^^^^^^^^^^^^^^^^^^^^^^^^^^

Warning (5667): Unused function parameter. Remove or comment out the variable name to silence this warning.
  --> contracts/ethregistrar/StablePriceOracle.sol:84:9:
   |
84 |         string memory name,
   |         ^^^^^^^^^^^^^^^^^^

Warning (5667): Unused function parameter. Remove or comment out the variable name to silence this warning.
  --> contracts/ethregistrar/StablePriceOracle.sol:85:9:
   |
85 |         uint256 expires,
   |         ^^^^^^^^^^^^^^^

Warning (5667): Unused function parameter. Remove or comment out the variable name to silence this warning.
  --> contracts/ethregistrar/StablePriceOracle.sol:86:9:
   |
86 |         uint256 duration
   |         ^^^^^^^^^^^^^^^^

Deployer: 0xf24FF3a9CF04c71Dbc94D0b566f7A27B94566cac
Deployed to: 0xB35fC361DAf09e38c4f291422D80e1E5c3a80ab2
Transaction hash: 0x7ea178eb4f30f8dcb043c9636dbe88dbc36fdd51ed8349f1aa8a1aee5866385b
[15:10:22] [✅] ExponentialPremiumPriceOracle at 0xB35fC361DAf09e38c4f291422D80e1E5c3a80ab2
--------------------------------------------
[15:10:22] [⏳] Deploying StaticMetadataService...
[15:10:22] Args: http://localhost:8080/name/0x{id}
[15:10:22] [⚙️] forge create contracts/wrapper/StaticMetadataService.sol:StaticMetadataService --account revive --password 123456 --rpc-url http://localhost:8545 --broadcast --resolc --constructor-args http://localhost:8080/name/0x{id}
No files changed, compilation skipped
Deployer: 0xf24FF3a9CF04c71Dbc94D0b566f7A27B94566cac
Deployed to: 0x6CAa59f27B0b3b5Adc07a2b3EcB7142B3C74f424
Transaction hash: 0xb8c3bee929307fc7e144bc065340ae88d296368f50a27f6999530cdbbfe15cf0
[15:10:23] [✅] StaticMetadataService at 0x6CAa59f27B0b3b5Adc07a2b3EcB7142B3C74f424
--------------------------------------------
[15:10:23] [⏳] Deploying NameWrapper...
[15:10:23] Args: 0x79D08B1fDDcc8961bc252E77e28A8519243d3D28 0xf2D374B77db32284D79FCbf72b0d97d16D031cdf 0x6CAa59f27B0b3b5Adc07a2b3EcB7142B3C74f424
[15:10:23] [⚙️] forge create contracts/wrapper/NameWrapper.sol:NameWrapper --account revive --password 123456 --rpc-url http://localhost:8545 --broadcast --resolc --constructor-args 0x79D08B1fDDcc8961bc252E77e28A8519243d3D28 0xf2D374B77db32284D79FCbf72b0d97d16D031cdf 0x6CAa59f27B0b3b5Adc07a2b3EcB7142B3C74f424
No files changed, compilation skipped
Error: server returned an error response: error code 3: execution reverted: , data: "0x"
[15:10:24] [❌] NameWrapper failed
