[15:35:55] [🔨] Building contracts...
Nothing to compile
[15:35:56] [✅] Build done.
[15:35:56] [📋] Labels and nodes:
[15:35:56]   reverse label: 0xdec08c9dbbdd0890e300eb5062089b2d4b1c40e3673bbccb5423f7b37dcf9a9c
[15:35:56]   reverse node:  0xa097f6721ce401e757d1223a763fef49b8b5f90bb18567ddb86fd205dff71d34
[15:35:56]   addr label:    0xe5e14487b78f85faa6e1808e89246cf57dd34831548ff2e6097380d98db2504a
[15:35:56]   dot label:     0xce159cf34380757d1932a8e4a74e85e85957b0a7a52d9c566c0a3c8d6133d0f7
[15:35:56]   dot node:      0x3fce7d1364a893e213bc4212792b517ffc88f5b13b86c8ef9c8d390c3a1370ce
============================================
[15:35:56] [🏗️] Deploying core ENS infrastructure...
--------------------------------------------
[15:35:56] [⏳] Deploying ENSRegistry...
[15:35:56] No args
[15:35:56] [⚙️] forge create contracts/registry/ENSRegistry.sol:ENSRegistry --account revive --password 123456 --rpc-url http://localhost:8545 --broadcast
No files changed, compilation skipped
Deployer: 0xf24FF3a9CF04c71Dbc94D0b566f7A27B94566cac
Deployed to: 0xf633faaf68EbABE12df46C65d2d2eDD43724C798
Transaction hash: 0x2b3ba74e9ba17b5d33cd8c5e7b8245887012b2705d777a826c2872d702a1a288
[15:35:57] [✅] ENSRegistry at 0xf633faaf68EbABE12df46C65d2d2eDD43724C798
--------------------------------------------
[15:35:57] [⏳] Deploying Root...
[15:35:57] Args: 0xf633faaf68EbABE12df46C65d2d2eDD43724C798
[15:35:57] [⚙️] forge create contracts/root/Root.sol:Root --account revive --password 123456 --rpc-url http://localhost:8545 --broadcast --constructor-args 0xf633faaf68EbABE12df46C65d2d2eDD43724C798
No files changed, compilation skipped
Deployer: 0xf24FF3a9CF04c71Dbc94D0b566f7A27B94566cac
Deployed to: 0xa38F087411e0908ad87b40Ab4D7Ca9247DE0052e
Transaction hash: 0x61d984e3154ba3f64bb7aac81fc325319aa9835e31ba944aaefb95ecee519ff1
[15:35:58] [✅] Root at 0xa38F087411e0908ad87b40Ab4D7Ca9247DE0052e
[15:35:58] [🔗] TX: 0xf633faaf68EbABE12df46C65d2d2eDD43724C798 :: setOwner(bytes32,address)(0x0000000000000000000000000000000000000000000000000000000000000000 0xa38F087411e0908ad87b40Ab4D7Ca9247DE0052e)

blockHash            0xc8e9557b8a5b024a2208bb03d892a5efcdda56ffd45394f2a71fc76f9755d5a7
blockNumber          191
contractAddress      
cumulativeGasUsed    0
effectiveGasPrice    996466
from                 0xf24FF3a9CF04c71Dbc94D0b566f7A27B94566cac
gasUsed              20269748470
logs                 [{"address":"0xf633faaf68ebabe12df46c65d2d2edd43724c798","topics":["0xd4735d920b0f87494915f556dd9b54c8f309026070caea5c737245152564d266","0x0000000000000000000000000000000000000000000000000000000000000000"],"data":"0x000000000000000000000000a38f087411e0908ad87b40ab4d7ca9247de0052e","blockHash":"0xc8e9557b8a5b024a2208bb03d892a5efcdda56ffd45394f2a71fc76f9755d5a7","blockNumber":"0xbf","transactionHash":"0xf8624fc19dfdd5abed2be1db46be623966ff56467c9fe131d320b17828a946fb","transactionIndex":"0x1","logIndex":"0x3","removed":false}]
logsBloom            0x00004000000000000000020000000000000000000100000000000000000000000000000000000000000000000000000000000000000000000000000000001000000000000000000000000000000000000000000000000000000000000000000000000000020000000000000000000800000000000000000000000000000000000000000000000000000100000000000000000000000000000000800000000000000000000000000000000000000000000000000000000000000000000000000000000000000000000000000000000000000000000000000000000000000020000000000000000000000000000000000000000000000000000000000000000000
root                 
status               1 (success)
transactionHash      0xf8624fc19dfdd5abed2be1db46be623966ff56467c9fe131d320b17828a946fb
transactionIndex     1
type                 2
blobGasPrice         
blobGasUsed          
to                   0xf633faaf68EbABE12df46C65d2d2eDD43724C798
[15:35:58] [🔗] TX: 0xa38F087411e0908ad87b40Ab4D7Ca9247DE0052e :: setController(address,bool)(0xf24FF3a9CF04c71Dbc94D0b566f7A27B94566cac true)

blockHash            0x2b23584e4886cac93426687f63d31a51dd7b7f71fcac562e6506ef0624305345
blockNumber          192
contractAddress      
cumulativeGasUsed    0
effectiveGasPrice    996447
from                 0xf24FF3a9CF04c71Dbc94D0b566f7A27B94566cac
gasUsed              20258249783
logs                 [{"address":"0xa38f087411e0908ad87b40ab4d7ca9247de0052e","topics":["0x4c97694570a07277810af7e5669ffd5f6a2d6b74b6e9a274b8b870fd5114cf87","0x000000000000000000000000f24ff3a9cf04c71dbc94d0b566f7a27b94566cac"],"data":"0x0000000000000000000000000000000000000000000000000000000000000001","blockHash":"0x2b23584e4886cac93426687f63d31a51dd7b7f71fcac562e6506ef0624305345","blockNumber":"0xc0","transactionHash":"0x785c83a73589ded15e1a5d169d777d3349e2ed1158d83c3ce7d0bb3e0a83d47f","transactionIndex":"0x1","logIndex":"0x3","removed":false}]
logsBloom            0x00000000000000000000000000000000000000000000000040000000040002000000000000000000000000000000000000000000000000000000000000000000000000000000000000000000000000000000000000000000000000000000000000000000000000000000000000008000000000000008000000000000000000000000000000000000000000000000000000000000000000000000000000000000000000000000000000000000000000000000000000000000000000000000000000000000040000000000000000000000000000000000000000000000004000000000000000000000001000000000000000020000000000000000000000000000
root                 
status               1 (success)
transactionHash      0x785c83a73589ded15e1a5d169d777d3349e2ed1158d83c3ce7d0bb3e0a83d47f
transactionIndex     1
type                 2
blobGasPrice         
blobGasUsed          
to                   0xa38F087411e0908ad87b40Ab4D7Ca9247DE0052e
--------------------------------------------
[15:35:58] [⏳] Deploying ReverseRegistrar...
[15:35:58] Args: 0xf633faaf68EbABE12df46C65d2d2eDD43724C798
