[15:13:23] [🔨] Building contracts...
Nothing to compile
[15:13:24] [✅] Build done.
--------------------------------------------
[15:13:24] [⏳] Deploying ENSRegistry...
[15:13:24] No args
[15:13:24] [⚙️] forge create contracts/registry/ENSRegistry.sol:ENSRegistry --account revive --password 123456 --rpc-url http://localhost:8545 --broadcast --resolc
No files changed, compilation skipped
Deployer: 0xf24FF3a9CF04c71Dbc94D0b566f7A27B94566cac
Deployed to: 0xcCEd4FA7c35209De0a52476A8e63ba7115971876
Transaction hash: 0x6ac84aed2afd5a42498655f151ebd33bf5bc1499b19c7fce1a0c0c322be39931
[15:13:25] [✅] ENSRegistry at 0xcCEd4FA7c35209De0a52476A8e63ba7115971876
--------------------------------------------
[15:13:25] [⏳] Deploying Root...
[15:13:25] Args: 0xcCEd4FA7c35209De0a52476A8e63ba7115971876
[15:13:25] [⚙️] forge create contracts/root/Root.sol:Root --account revive --password 123456 --rpc-url http://localhost:8545 --broadcast --resolc --constructor-args 0xcCEd4FA7c35209De0a52476A8e63ba7115971876
No files changed, compilation skipped
Deployer: 0xf24FF3a9CF04c71Dbc94D0b566f7A27B94566cac
Deployed to: 0x74daA94Fe6Cf3D1A2481f4B9A8183B3189EFB43F
Transaction hash: 0x4d5d169116b58579ee3b88645b4f3cfe5a0b61cda3ae727e12c192a017e844d0
[15:13:26] [✅] Root at 0x74daA94Fe6Cf3D1A2481f4B9A8183B3189EFB43F
[15:13:26] [🔗] TX: 0xcCEd4FA7c35209De0a52476A8e63ba7115971876 :: setOwner(bytes32,address)(0x0000000000000000000000000000000000000000000000000000000000000000 0x74daA94Fe6Cf3D1A2481f4B9A8183B3189EFB43F)

blockHash            0xba27dfa6faea552f3d0c29aa53c8c120b84ae288dc2747d54622ad4efacc274c
blockNumber          57
contractAddress      
cumulativeGasUsed    0
effectiveGasPrice    998943
from                 0xf24FF3a9CF04c71Dbc94D0b566f7A27B94566cac
gasUsed              20223199129
logs                 [{"address":"0xcced4fa7c35209de0a52476a8e63ba7115971876","topics":["0xd4735d920b0f87494915f556dd9b54c8f309026070caea5c737245152564d266","0x0000000000000000000000000000000000000000000000000000000000000000"],"data":"0x00000000000000000000000074daa94fe6cf3d1a2481f4b9a8183b3189efb43f","blockHash":"0xba27dfa6faea552f3d0c29aa53c8c120b84ae288dc2747d54622ad4efacc274c","blockNumber":"0x39","transactionHash":"0xaa90d2551b11f24b6a70f881351886d081c0443d12c930236b0213b0925b7be6","transactionIndex":"0x1","logIndex":"0x3","removed":false}]
logsBloom            0x00000000000000000000020000000000000000000100000000000000000000000000000000000000000000000000000000000000000000000000000000000000000000000000000000000000000000000000000000000000000000000000000000000000020000000000000000000840000000000000000000000000000000000000000000000000000100000000000000000000000000000000000000000000000000000000000000000000000000000000000000000000000020000000000000000000000000000000000000000000000000000400000000000000000020000000000000000000000000000000000000000000000000000000000000000000
root                 
status               1 (success)
transactionHash      0xaa90d2551b11f24b6a70f881351886d081c0443d12c930236b0213b0925b7be6
transactionIndex     1
type                 2
blobGasPrice         
blobGasUsed          
to                   0xcCEd4FA7c35209De0a52476A8e63ba7115971876
[15:13:26] [🔗] TX: 0x74daA94Fe6Cf3D1A2481f4B9A8183B3189EFB43F :: setController(address,bool)(0xf24FF3a9CF04c71Dbc94D0b566f7A27B94566cac true)

blockHash            0xaf3c882af21b914c4ff76f492137147706cb5db4b04d6505b35cccc1093b939d
blockNumber          58
contractAddress      
cumulativeGasUsed    0
effectiveGasPrice    998925
from                 0xf24FF3a9CF04c71Dbc94D0b566f7A27B94566cac
gasUsed              20187478535
logs                 [{"address":"0x74daa94fe6cf3d1a2481f4b9a8183b3189efb43f","topics":["0x4c97694570a07277810af7e5669ffd5f6a2d6b74b6e9a274b8b870fd5114cf87","0x000000000000000000000000f24ff3a9cf04c71dbc94d0b566f7a27b94566cac"],"data":"0x0000000000000000000000000000000000000000000000000000000000000001","blockHash":"0xaf3c882af21b914c4ff76f492137147706cb5db4b04d6505b35cccc1093b939d","blockNumber":"0x3a","transactionHash":"0xef6b0988af1eab61a050f3d306081a4d890004bc6bd5c435e12ab0f86524a7e0","transactionIndex":"0x1","logIndex":"0x3","removed":false}]
logsBloom            0x00000000000000000000000000000000000000000000000040000000000000000000000800000000000000000000000000000000000000000000000000000000000000000000000000020000000000000000000000000000000000000000000000000000000000000000000000008000000000000008000000000000000000000000000000000000000000000000000000000000000000000000000000000000000000000000000000000000000000000000000000000000000000400000000000000000000000000000000000000000000000000000000000000000004000000000000000000000001000000000000000020000000000000000000000000000
root                 
status               1 (success)
transactionHash      0xef6b0988af1eab61a050f3d306081a4d890004bc6bd5c435e12ab0f86524a7e0
transactionIndex     1
type                 2
blobGasPrice         
blobGasUsed          
to                   0x74daA94Fe6Cf3D1A2481f4B9A8183B3189EFB43F
--------------------------------------------
[15:13:26] [⏳] Deploying ReverseRegistrar...
[15:13:26] Args: 0xcCEd4FA7c35209De0a52476A8e63ba7115971876
[15:13:26] [⚙️] forge create contracts/reverseRegistrar/ReverseRegistrar.sol:ReverseRegistrar --account revive --password 123456 --rpc-url http://localhost:8545 --broadcast --resolc --constructor-args 0xcCEd4FA7c35209De0a52476A8e63ba7115971876
No files changed, compilation skipped
Deployer: 0xf24FF3a9CF04c71Dbc94D0b566f7A27B94566cac
Deployed to: 0xF090c0b7aF977DCf4decab59a5eeDe1514423332
Transaction hash: 0xec711abb79fed3fb5ced063df5fc4275555f77af6f7bc411baee0a6517452d12
[15:13:27] [✅] ReverseRegistrar at 0xF090c0b7aF977DCf4decab59a5eeDe1514423332
--------------------------------------------
[15:13:27] [⏳] Deploying BaseRegistrarImplementation...
[15:13:27] Args: 0xcCEd4FA7c35209De0a52476A8e63ba7115971876 0x646f740000000000000000000000000000000000000000000000000000000000
[15:13:27] [⚙️] forge create contracts/ethregistrar/BaseRegistrarImplementation.sol:BaseRegistrarImplementation --account revive --password 123456 --rpc-url http://localhost:8545 --broadcast --resolc --constructor-args 0xcCEd4FA7c35209De0a52476A8e63ba7115971876 0x646f740000000000000000000000000000000000000000000000000000000000
No files changed, compilation skipped
Deployer: 0xf24FF3a9CF04c71Dbc94D0b566f7A27B94566cac
Deployed to: 0x67931E165e1bd36AbB4b204f1393c36fb6712a7A
Transaction hash: 0x00b6c86712734f8fa801f5232cb78fd598a8bd332abd9974f8bc28aef45c91e0
[15:13:28] [✅] BaseRegistrarImplementation at 0x67931E165e1bd36AbB4b204f1393c36fb6712a7A
--------------------------------------------
[15:13:28] [⏳] Deploying DummyOracle...
[15:13:28] Args: 160000000000
[15:13:28] [⚙️] forge create contracts/ethregistrar/DummyOracle.sol:DummyOracle --account revive --password 123456 --rpc-url http://localhost:8545 --broadcast --resolc --constructor-args 160000000000
No files changed, compilation skipped
Deployer: 0xf24FF3a9CF04c71Dbc94D0b566f7A27B94566cac
Deployed to: 0xE861Bd5123fbd6e9BC1ac6da2ae15c5A5ddb34b4
Transaction hash: 0x8f52065f044d5b6d6382bb19beea9a35ff864e98d13bc8b2cef3c3c447379dd1
[15:13:29] [✅] DummyOracle at 0xE861Bd5123fbd6e9BC1ac6da2ae15c5A5ddb34b4
--------------------------------------------
[15:13:29] [⏳] Deploying ExponentialPremiumPriceOracle...
[15:13:29] Args: 0xE861Bd5123fbd6e9BC1ac6da2ae15c5A5ddb34b4 [0,0,20294266869609,5073566717402,158548959919] 100000000000000000000000000 21
[15:13:29] [⚙️] forge create contracts/ethregistrar/ExponentialPremiumPriceOracle.sol:ExponentialPremiumPriceOracle --account revive --password 123456 --rpc-url http://localhost:8545 --broadcast --resolc --constructor-args 0xE861Bd5123fbd6e9BC1ac6da2ae15c5A5ddb34b4 [0,0,20294266869609,5073566717402,158548959919] 100000000000000000000000000 21
No files changed, compilation skipped
Deployer: 0xf24FF3a9CF04c71Dbc94D0b566f7A27B94566cac
Deployed to: 0x1ed864796640d30A36E3937089724C3EB62f85e5
Transaction hash: 0x64fe190de1e36e0fcad5473eef384715a3480f20ea8df16c9afdc68056165148
[15:13:30] [✅] ExponentialPremiumPriceOracle at 0x1ed864796640d30A36E3937089724C3EB62f85e5
--------------------------------------------
[15:13:30] [⏳] Deploying StaticMetadataService...
[15:13:30] Args: http://localhost:8080/name/0x{id}
[15:13:30] [⚙️] forge create contracts/wrapper/StaticMetadataService.sol:StaticMetadataService --account revive --password 123456 --rpc-url http://localhost:8545 --broadcast --resolc --constructor-args http://localhost:8080/name/0x{id}
No files changed, compilation skipped
Deployer: 0xf24FF3a9CF04c71Dbc94D0b566f7A27B94566cac
Deployed to: 0xEC407d71097bB75DACCeAa816Ef9B35cc5c9bdfd
Transaction hash: 0x0971aae5831caaade144693920bb5a9be7c1821d98274aa75f5ebadaace775ee
[15:13:31] [✅] StaticMetadataService at 0xEC407d71097bB75DACCeAa816Ef9B35cc5c9bdfd
[15:13:31] [⚙️] Performing ENS pre-setup...
[15:13:31] [🔗] TX: 0x74daA94Fe6Cf3D1A2481f4B9A8183B3189EFB43F :: setController(address,bool)(0xf24FF3a9CF04c71Dbc94D0b566f7A27B94566cac true)

blockHash            0xe0d7bb1cb0a72b91adcb80b33661469fa6a08a06cfdf5b9f3f70e82ad27714a0
blockNumber          64
contractAddress      
cumulativeGasUsed    0
effectiveGasPrice    998814
from                 0xf24FF3a9CF04c71Dbc94D0b566f7A27B94566cac
gasUsed              20189650856
logs                 [{"address":"0x74daa94fe6cf3d1a2481f4b9a8183b3189efb43f","topics":["0x4c97694570a07277810af7e5669ffd5f6a2d6b74b6e9a274b8b870fd5114cf87","0x000000000000000000000000f24ff3a9cf04c71dbc94d0b566f7a27b94566cac"],"data":"0x0000000000000000000000000000000000000000000000000000000000000001","blockHash":"0xe0d7bb1cb0a72b91adcb80b33661469fa6a08a06cfdf5b9f3f70e82ad27714a0","blockNumber":"0x40","transactionHash":"0xd1619b7061fb7bc2cd834da4601478d4f08cee5d7f69ff143a4e5de85c363516","transactionIndex":"0x1","logIndex":"0x3","removed":false}]
logsBloom            0x00000000000000000000000000000000000000000000000040000000000000000000000800000000000000000000000000000000000000000000000000000000000000000000000000020000000000000000000000000000000000000000000000000000000000000000000000008000000000000008000000000000000000000000000000000000000000000000000000000000000000000000000000000000000000000000000000000000000000000000000000000000000000400000000000000000000000000000000000000000000000000000000000000000004000000000000000000000001000000000000000020000000000000000000000000000
root                 
status               1 (success)
transactionHash      0xd1619b7061fb7bc2cd834da4601478d4f08cee5d7f69ff143a4e5de85c363516
transactionIndex     1
type                 2
blobGasPrice         
blobGasUsed          
to                   0x74daA94Fe6Cf3D1A2481f4B9A8183B3189EFB43F
[15:13:31] [🔗] TX: 0x74daA94Fe6Cf3D1A2481f4B9A8183B3189EFB43F :: setSubnodeOwner(bytes32,address)(0xdec08c9dbbdd0890e300eb5062089b2d4b1c40e3673bbccb5423f7b37dcf9a9c 0xf24FF3a9CF04c71Dbc94D0b566f7A27B94566cac)

blockHash            0xa2b8a490e2f5bb09b0d08fe32bf719a9b29680bcebeb61bc441937d8028d1fa0
blockNumber          65
contractAddress      
cumulativeGasUsed    0
effectiveGasPrice    998795
from                 0xf24FF3a9CF04c71Dbc94D0b566f7A27B94566cac
gasUsed              20942734649
logs                 [{"address":"0xcced4fa7c35209de0a52476a8e63ba7115971876","topics":["0xce0457fe73731f824cc272376169235128c118b49d344817417c6d108d155e82","0x0000000000000000000000000000000000000000000000000000000000000000","0xdec08c9dbbdd0890e300eb5062089b2d4b1c40e3673bbccb5423f7b37dcf9a9c"],"data":"0x000000000000000000000000f24ff3a9cf04c71dbc94d0b566f7a27b94566cac","blockHash":"0xa2b8a490e2f5bb09b0d08fe32bf719a9b29680bcebeb61bc441937d8028d1fa0","blockNumber":"0x41","transactionHash":"0x3d0749055ff2c45374ae6b1683d066013c17e73dac6b656aa91916a12518c6b9","transactionIndex":"0x1","logIndex":"0x3","removed":false}]
logsBloom            0x00000000000000000000000000000000000000000000000000000000000000400000000000000000000000000000000000000000000010000000000000000000000000000000000000000000000000000000000000000000000000000000000000000000020000000000000000000840000000000000000000000000000000000000000000000002000000000000000000000000000000000000000000000000000000000000000000000000000000000000000000000000000020040000000000000000000000000000000000004000000000000400000000000000000020000000000000000000000000000000000000000000000000000000000000000400
root                 
status               1 (success)
transactionHash      0x3d0749055ff2c45374ae6b1683d066013c17e73dac6b656aa91916a12518c6b9
transactionIndex     1
type                 2
blobGasPrice         
blobGasUsed          
to                   0x74daA94Fe6Cf3D1A2481f4B9A8183B3189EFB43F
[15:13:31] [🔗] TX: 0xcCEd4FA7c35209De0a52476A8e63ba7115971876 :: setSubnodeOwner(bytes32,bytes32,address)(0xdec08c9dbbdd0890e300eb5062089b2d4b1c40e3673bbccb5423f7b37dcf9a9c 0xe5e14487b78f85faa6e1808e89246cf57dd34831548ff2e6097380d98db2504a 0xF090c0b7aF977DCf4decab59a5eeDe1514423332)
Error: Failed to estimate gas: server returned an error response: error code 3: execution reverted: , data: "0x"
[15:13:31] [⚠️] TX failed: setSubnodeOwner(bytes32,bytes32,address)
[15:13:31] [🔗] TX: 0x74daA94Fe6Cf3D1A2481f4B9A8183B3189EFB43F :: setSubnodeOwner(bytes32,address)(0xce159cf34380757d1932a8e4a74e85e85957b0a7a52d9c566c0a3c8d6133d0f7 0x67931E165e1bd36AbB4b204f1393c36fb6712a7A)

blockHash            0x7d295f06a4ebeaa11d7c1b44bb336aa7d0c6ae1b44f79b00ef80130b2b91135f
blockNumber          66
contractAddress      
cumulativeGasUsed    0
effectiveGasPrice    998777
from                 0xf24FF3a9CF04c71Dbc94D0b566f7A27B94566cac
gasUsed              20943072950
logs                 [{"address":"0xcced4fa7c35209de0a52476a8e63ba7115971876","topics":["0xce0457fe73731f824cc272376169235128c118b49d344817417c6d108d155e82","0x0000000000000000000000000000000000000000000000000000000000000000","0xce159cf34380757d1932a8e4a74e85e85957b0a7a52d9c566c0a3c8d6133d0f7"],"data":"0x00000000000000000000000067931e165e1bd36abb4b204f1393c36fb6712a7a","blockHash":"0x7d295f06a4ebeaa11d7c1b44bb336aa7d0c6ae1b44f79b00ef80130b2b91135f","blockNumber":"0x42","transactionHash":"0xf7604ac8a4c8b88e710e04dd990f7662da38db49c1edd9551ccb59d1cf047188","transactionIndex":"0x1","logIndex":"0x3","removed":false}]
logsBloom            0x00000000000000000000000000000000000000000000000000000000000000100000000000000000000000000000000000000000000030000000000000000000000000000000000000000000000000000000000000000000000000000000000000000000020000000000000000000840000000000000000000000000000000000000000000000000000000000000080000000000000000000000000000000000000000000000000000000000000000000000000000000000000020040000000000000000000000000000000000004000000000000400000000000000000020000000000000000000000000000000000000000000000000000000000000000000
root                 
status               1 (success)
transactionHash      0xf7604ac8a4c8b88e710e04dd990f7662da38db49c1edd9551ccb59d1cf047188
transactionIndex     1
type                 2
blobGasPrice         
blobGasUsed          
to                   0x74daA94Fe6Cf3D1A2481f4B9A8183B3189EFB43F
[15:13:31] [🧩] Owner of .dot before NameWrapper: 0x0000000000000000000000000000000000000000
