[15:15:13] [🔨] Building contracts...
Nothing to compile
[15:15:13] [✅] Build done.
--------------------------------------------
[15:15:13] [⏳] Deploying ENSRegistry...
[15:15:13] No args
[15:15:13] [⚙️] forge create contracts/registry/ENSRegistry.sol:ENSRegistry --account revive --password 123456 --rpc-url http://localhost:8545 --broadcast --resolc
No files changed, compilation skipped
Deployer: 0xf24FF3a9CF04c71Dbc94D0b566f7A27B94566cac
Deployed to: 0xE86E5e51b57D83c4420c78eB1bd30453cA2C0a8F
Transaction hash: 0xd650a71659b72cd916d82e5e36cb0582e7334fe1052bb11812ed846724c27a3f
[15:15:15] [✅] ENSRegistry at 0xE86E5e51b57D83c4420c78eB1bd30453cA2C0a8F
--------------------------------------------
[15:15:15] [⏳] Deploying Root...
[15:15:15] Args: 0xE86E5e51b57D83c4420c78eB1bd30453cA2C0a8F
[15:15:15] [⚙️] forge create contracts/root/Root.sol:Root --account revive --password 123456 --rpc-url http://localhost:8545 --broadcast --resolc --constructor-args 0xE86E5e51b57D83c4420c78eB1bd30453cA2C0a8F
No files changed, compilation skipped
Deployer: 0xf24FF3a9CF04c71Dbc94D0b566f7A27B94566cac
Deployed to: 0x263E845eD8536782b1FFDe3908ad36d4d023b139
Transaction hash: 0xd76bc0a5daed13fc9587b6a8e85f6ece074eeeecd95edea7dca516d06ccd4681
[15:15:16] [✅] Root at 0x263E845eD8536782b1FFDe3908ad36d4d023b139
[15:15:16] [🔗] TX: 0xE86E5e51b57D83c4420c78eB1bd30453cA2C0a8F :: setOwner(bytes32,address)(0x0000000000000000000000000000000000000000000000000000000000000000 0x263E845eD8536782b1FFDe3908ad36d4d023b139)

blockHash            0xe32043a7806b40e0aaf8abee3090d5cbae5d12de1fbf745235e8c5c3bd55d57c
blockNumber          69
contractAddress      
cumulativeGasUsed    0
effectiveGasPrice    998721
from                 0xf24FF3a9CF04c71Dbc94D0b566f7A27B94566cac
gasUsed              20227384285
logs                 [{"address":"0xe86e5e51b57d83c4420c78eb1bd30453ca2c0a8f","topics":["0xd4735d920b0f87494915f556dd9b54c8f309026070caea5c737245152564d266","0x0000000000000000000000000000000000000000000000000000000000000000"],"data":"0x000000000000000000000000263e845ed8536782b1ffde3908ad36d4d023b139","blockHash":"0xe32043a7806b40e0aaf8abee3090d5cbae5d12de1fbf745235e8c5c3bd55d57c","blockNumber":"0x45","transactionHash":"0x2e782c7e2424a0e7692aa9ef23c860fb75990266bbdcebc2cb47c9653977a7f2","transactionIndex":"0x1","logIndex":"0x3","removed":false}]
logsBloom            0x00000000000000000000020000000000000000000100000000000000000000000000000000000000000000000000000000000000000000000000000000000000000000000000000000000000000000000000000000000000000000000000000000000000020000020000000000000800000000000000000000000000000000000000000000000000000100000000000000000000000000000000000000000000000000000000000000000000000000000000000000000000000000000000000000000000000000000000000000000000000000000000000004000000000020000000000000000000001000000000000000000000000000000000000000000000
root                 
status               1 (success)
transactionHash      0x2e782c7e2424a0e7692aa9ef23c860fb75990266bbdcebc2cb47c9653977a7f2
transactionIndex     1
type                 2
blobGasPrice         
blobGasUsed          
to                   0xE86E5e51b57D83c4420c78eB1bd30453cA2C0a8F
[15:15:16] [🔗] TX: 0x263E845eD8536782b1FFDe3908ad36d4d023b139 :: setController(address,bool)(0xf24FF3a9CF04c71Dbc94D0b566f7A27B94566cac true)

blockHash            0x2f7379cabb5798f168ac405559a1a6dad5dd03b3ac0b6758e34f9d8ef8184142
blockNumber          70
contractAddress      
cumulativeGasUsed    0
effectiveGasPrice    998703
from                 0xf24FF3a9CF04c71Dbc94D0b566f7A27B94566cac
gasUsed              20191663848
logs                 [{"address":"0x263e845ed8536782b1ffde3908ad36d4d023b139","topics":["0x4c97694570a07277810af7e5669ffd5f6a2d6b74b6e9a274b8b870fd5114cf87","0x000000000000000000000000f24ff3a9cf04c71dbc94d0b566f7a27b94566cac"],"data":"0x0000000000000000000000000000000000000000000000000000000000000001","blockHash":"0x2f7379cabb5798f168ac405559a1a6dad5dd03b3ac0b6758e34f9d8ef8184142","blockNumber":"0x46","transactionHash":"0x924f04fe032be97303fdc27e235111b0f673ff9c98f58f46fcaeddc4870a8bf0","transactionIndex":"0x1","logIndex":"0x3","removed":false}]
logsBloom            0x00000000000000000000000000000000000200000000000040000000000000000000000000000000000000000000000000000010000000000000000000000000000000000000000000000000000000000000000000000000000000000000000000000000000000000000000000008000000000000008000000000000000000000000000000000000000000000000000000000000000000000000000000000000000000000000000000010000000000000000000000000000000000000000000000000000000000000000000000000000000000000000000000000000004000000000000000000000001000000000000000020000000000000000000000000000
root                 
status               1 (success)
transactionHash      0x924f04fe032be97303fdc27e235111b0f673ff9c98f58f46fcaeddc4870a8bf0
transactionIndex     1
type                 2
blobGasPrice         
blobGasUsed          
to                   0x263E845eD8536782b1FFDe3908ad36d4d023b139
--------------------------------------------
[15:15:16] [⏳] Deploying ReverseRegistrar...
[15:15:16] Args: 0xE86E5e51b57D83c4420c78eB1bd30453cA2C0a8F
[15:15:16] [⚙️] forge create contracts/reverseRegistrar/ReverseRegistrar.sol:ReverseRegistrar --account revive --password 123456 --rpc-url http://localhost:8545 --broadcast --resolc --constructor-args 0xE86E5e51b57D83c4420c78eB1bd30453cA2C0a8F
No files changed, compilation skipped
Deployer: 0xf24FF3a9CF04c71Dbc94D0b566f7A27B94566cac
Deployed to: 0xA9DC2B2250FaE3F3c7e9cD8Ae70d15eF41d350D0
Transaction hash: 0x4730f068234c46efe94a6891342eb69ab38b6a7e7a0526f48a7640ac204a0414
[15:15:17] [✅] ReverseRegistrar at 0xA9DC2B2250FaE3F3c7e9cD8Ae70d15eF41d350D0
--------------------------------------------
[15:15:17] [⏳] Deploying BaseRegistrarImplementation...
[15:15:17] Args: 0xE86E5e51b57D83c4420c78eB1bd30453cA2C0a8F 0x646f740000000000000000000000000000000000000000000000000000000000
[15:15:17] [⚙️] forge create contracts/ethregistrar/BaseRegistrarImplementation.sol:BaseRegistrarImplementation --account revive --password 123456 --rpc-url http://localhost:8545 --broadcast --resolc --constructor-args 0xE86E5e51b57D83c4420c78eB1bd30453cA2C0a8F 0x646f740000000000000000000000000000000000000000000000000000000000
No files changed, compilation skipped
Deployer: 0xf24FF3a9CF04c71Dbc94D0b566f7A27B94566cac
Deployed to: 0x53189D5c52E465bD72021E72f7B07979fCF3Bcbb
Transaction hash: 0xd4a938a269d3d7fa258740420b6fe468dd77ebfccf7fd8ae68c31b547f04c65d
[15:15:18] [✅] BaseRegistrarImplementation at 0x53189D5c52E465bD72021E72f7B07979fCF3Bcbb
--------------------------------------------
[15:15:18] [⏳] Deploying DummyOracle...
[15:15:18] Args: 160000000000
[15:15:18] [⚙️] forge create contracts/ethregistrar/DummyOracle.sol:DummyOracle --account revive --password 123456 --rpc-url http://localhost:8545 --broadcast --resolc --constructor-args 160000000000
No files changed, compilation skipped
Deployer: 0xf24FF3a9CF04c71Dbc94D0b566f7A27B94566cac
Deployed to: 0x6f830bA763c6B49Fc415c1fD125b3eE49Eebb633
Transaction hash: 0x29ba8146982deac6d31409fc5991f6f36e50da27946405b4e680b460e81c2e3b
[15:15:19] [✅] DummyOracle at 0x6f830bA763c6B49Fc415c1fD125b3eE49Eebb633
--------------------------------------------
[15:15:19] [⏳] Deploying ExponentialPremiumPriceOracle...
[15:15:19] Args: 0x6f830bA763c6B49Fc415c1fD125b3eE49Eebb633 [0,0,20294266869609,5073566717402,158548959919] 100000000000000000000000000 21
[15:15:19] [⚙️] forge create contracts/ethregistrar/ExponentialPremiumPriceOracle.sol:ExponentialPremiumPriceOracle --account revive --password 123456 --rpc-url http://localhost:8545 --broadcast --resolc --constructor-args 0x6f830bA763c6B49Fc415c1fD125b3eE49Eebb633 [0,0,20294266869609,5073566717402,158548959919] 100000000000000000000000000 21
No files changed, compilation skipped
Deployer: 0xf24FF3a9CF04c71Dbc94D0b566f7A27B94566cac
Deployed to: 0x478E43CCB15B1903637C82fE8251eC0fBb5761c8
Transaction hash: 0x3429768e1bb3a28d8f641b0589a56a595d2bb4440cc8f237ab45abf743dc8910
[15:15:20] [✅] ExponentialPremiumPriceOracle at 0x478E43CCB15B1903637C82fE8251eC0fBb5761c8
--------------------------------------------
[15:15:20] [⏳] Deploying StaticMetadataService...
[15:15:20] Args: http://localhost:8080/name/0x{id}
[15:15:20] [⚙️] forge create contracts/wrapper/StaticMetadataService.sol:StaticMetadataService --account revive --password 123456 --rpc-url http://localhost:8545 --broadcast --resolc --constructor-args http://localhost:8080/name/0x{id}
No files changed, compilation skipped
Deployer: 0xf24FF3a9CF04c71Dbc94D0b566f7A27B94566cac
Deployed to: 0x39B21ED680aa8900903e28113d23583E37E17E29
Transaction hash: 0x522398df67e7dc63d3fe16758289e6733827eab6fc5e7cb0927d2f59d6dbdb34
[15:15:22] [✅] StaticMetadataService at 0x39B21ED680aa8900903e28113d23583E37E17E29
