[15:15:47] [🔨] Building contracts...
Nothing to compile
[15:15:47] [✅] Build done.
--------------------------------------------
[15:15:47] [⏳] Deploying ENSRegistry...
[15:15:47] No args
[15:15:47] [⚙️] forge create contracts/registry/ENSRegistry.sol:ENSRegistry --account revive --password 123456 --rpc-url http://localhost:8545 --broadcast --resolc
No files changed, compilation skipped
Deployer: 0xf24FF3a9CF04c71Dbc94D0b566f7A27B94566cac
Deployed to: 0x162Ca8b5227712d2FBbc43EE955791a4E611F2A8
Transaction hash: 0x9439deec2ff5919755163c1dc0619d94e4b4530706c68f961ad7091d99e1654b
[15:15:48] [✅] ENSRegistry at 0x162Ca8b5227712d2FBbc43EE955791a4E611F2A8
--------------------------------------------
[15:15:48] [⏳] Deploying Root...
[15:15:48] Args: 0x162Ca8b5227712d2FBbc43EE955791a4E611F2A8
[15:15:48] [⚙️] forge create contracts/root/Root.sol:Root --account revive --password 123456 --rpc-url http://localhost:8545 --broadcast --resolc --constructor-args 0x162Ca8b5227712d2FBbc43EE955791a4E611F2A8
No files changed, compilation skipped
Deployer: 0xf24FF3a9CF04c71Dbc94D0b566f7A27B94566cac
Deployed to: 0x5114d129b6A684f65f3C7A0944cA66615b796F5C
Transaction hash: 0x8243101110a82c80cfae6c5db20c740fe381833c9cd863d18afb4dc478ad2f42
[15:15:49] [✅] Root at 0x5114d129b6A684f65f3C7A0944cA66615b796F5C
[15:15:49] [🔗] TX: 0x162Ca8b5227712d2FBbc43EE955791a4E611F2A8 :: setOwner(bytes32,address)(0x0000000000000000000000000000000000000000000000000000000000000000 0x5114d129b6A684f65f3C7A0944cA66615b796F5C)

blockHash            0x2c5089f8a2e34ae6257d99c986765899a7c26541878743676c8abfedf9ffb597
blockNumber          78
contractAddress      
cumulativeGasUsed    0
effectiveGasPrice    998555
from                 0xf24FF3a9CF04c71Dbc94D0b566f7A27B94566cac
gasUsed              20230514415
logs                 [{"address":"0x162ca8b5227712d2fbbc43ee955791a4e611f2a8","topics":["0xd4735d920b0f87494915f556dd9b54c8f309026070caea5c737245152564d266","0x0000000000000000000000000000000000000000000000000000000000000000"],"data":"0x0000000000000000000000005114d129b6a684f65f3c7a0944ca66615b796f5c","blockHash":"0x2c5089f8a2e34ae6257d99c986765899a7c26541878743676c8abfedf9ffb597","blockNumber":"0x4e","transactionHash":"0x4de3104a3752ed13d0b408c4f4c308b095fd164725bf91356b6e7724720be909","transactionIndex":"0x1","logIndex":"0x3","removed":false}]
logsBloom            0x00000000000000000000020000000000000000000100000000000000000000000000000000000000000000000000000000000000000000000000000000000000000000000000000000000000000000000000000000000000000000000000000000000000020000080000080000000800000000000000000000000000000000000000000000000000000100000000000000000000000000000000000000000000000000000000001000000000000000000000000000000000000000000000000000000000000000000000000000000000000000000000000000000000000020000000000000000000000000000000000000000000000000000000000000000000
root                 
status               1 (success)
transactionHash      0x4de3104a3752ed13d0b408c4f4c308b095fd164725bf91356b6e7724720be909
transactionIndex     1
type                 2
blobGasPrice         
blobGasUsed          
to                   0x162Ca8b5227712d2FBbc43EE955791a4E611F2A8
[15:15:49] [🔗] TX: 0x5114d129b6A684f65f3C7A0944cA66615b796F5C :: setController(address,bool)(0xf24FF3a9CF04c71Dbc94D0b566f7A27B94566cac true)

blockHash            0xf3dea2b7b2ea7dfa42f7452c62a749631904f0daed7803bd46e2cd04fd990d5f
blockNumber          79
contractAddress      
cumulativeGasUsed    0
effectiveGasPrice    998536
from                 0xf24FF3a9CF04c71Dbc94D0b566f7A27B94566cac
gasUsed              20194814333
logs                 [{"address":"0x5114d129b6a684f65f3c7a0944ca66615b796f5c","topics":["0x4c97694570a07277810af7e5669ffd5f6a2d6b74b6e9a274b8b870fd5114cf87","0x000000000000000000000000f24ff3a9cf04c71dbc94d0b566f7a27b94566cac"],"data":"0x0000000000000000000000000000000000000000000000000000000000000001","blockHash":"0xf3dea2b7b2ea7dfa42f7452c62a749631904f0daed7803bd46e2cd04fd990d5f","blockNumber":"0x4f","transactionHash":"0x79ef0ab152c91e52a12f3019fe0dfdf1d230c7a3a99d57fe67fd9715753b47af","transactionIndex":"0x1","logIndex":"0x3","removed":false}]
logsBloom            0x00000000000000000000000000000000000000000000000040000000000000000000000000000000000000000000000000000000000000000000000000000000000000000000000000000000000000000000000080000000000000000000000000000000000000000000000000008000000000000008000000000000000000000000000000000000000000000000000000000000000000000000000000000000000000000000000000000000000000000000000000000000000000000000000000000000000000000000000000000000000000000000000000000000004080000000001000000000001000000000000000020000000000000000000000000000
root                 
status               1 (success)
transactionHash      0x79ef0ab152c91e52a12f3019fe0dfdf1d230c7a3a99d57fe67fd9715753b47af
transactionIndex     1
type                 2
blobGasPrice         
blobGasUsed          
to                   0x5114d129b6A684f65f3C7A0944cA66615b796F5C
--------------------------------------------
[15:15:50] [⏳] Deploying ReverseRegistrar...
[15:15:50] Args: 0x162Ca8b5227712d2FBbc43EE955791a4E611F2A8
[15:15:50] [⚙️] forge create contracts/reverseRegistrar/ReverseRegistrar.sol:ReverseRegistrar --account revive --password 123456 --rpc-url http://localhost:8545 --broadcast --resolc --constructor-args 0x162Ca8b5227712d2FBbc43EE955791a4E611F2A8
No files changed, compilation skipped
Deployer: 0xf24FF3a9CF04c71Dbc94D0b566f7A27B94566cac
Deployed to: 0x621F5Dc6937c335d15C02811B9057fA81BfbA86E
Transaction hash: 0x2bd67130bbb6069e0452acec7eb8abcaae4c4306af8a1238cc782c38e712fefb
[15:15:51] [✅] ReverseRegistrar at 0x621F5Dc6937c335d15C02811B9057fA81BfbA86E
--------------------------------------------
[15:15:51] [⏳] Deploying BaseRegistrarImplementation...
[15:15:51] Args: 0x162Ca8b5227712d2FBbc43EE955791a4E611F2A8 0x646f740000000000000000000000000000000000000000000000000000000000
[15:15:51] [⚙️] forge create contracts/ethregistrar/BaseRegistrarImplementation.sol:BaseRegistrarImplementation --account revive --password 123456 --rpc-url http://localhost:8545 --broadcast --resolc --constructor-args 0x162Ca8b5227712d2FBbc43EE955791a4E611F2A8 0x646f740000000000000000000000000000000000000000000000000000000000
No files changed, compilation skipped
Deployer: 0xf24FF3a9CF04c71Dbc94D0b566f7A27B94566cac
Deployed to: 0xA9f6d3Ad1a9Ea6A1318c5Ada002Ff6200DFF8693
Transaction hash: 0x51d4a4aa6c890ff50bc1100fb4dafa458e6b7b7ea6772fda5e60d84db0978e5b
[15:15:52] [✅] BaseRegistrarImplementation at 0xA9f6d3Ad1a9Ea6A1318c5Ada002Ff6200DFF8693
--------------------------------------------
[15:15:52] [⏳] Deploying DummyOracle...
[15:15:52] Args: 160000000000
[15:15:52] [⚙️] forge create contracts/ethregistrar/DummyOracle.sol:DummyOracle --account revive --password 123456 --rpc-url http://localhost:8545 --broadcast --resolc --constructor-args 160000000000
No files changed, compilation skipped
Deployer: 0xf24FF3a9CF04c71Dbc94D0b566f7A27B94566cac
Deployed to: 0x197CB6129617EF4Cc64f23852507B008bC6f9BAa
Transaction hash: 0xc4174dd289d12f011bffc76b9c5fdbf51c87b16dc37eb0f88551c7809e12c64e
[15:15:53] [✅] DummyOracle at 0x197CB6129617EF4Cc64f23852507B008bC6f9BAa
--------------------------------------------
[15:15:53] [⏳] Deploying ExponentialPremiumPriceOracle...
[15:15:53] Args: 0x197CB6129617EF4Cc64f23852507B008bC6f9BAa [0,0,20294266869609,5073566717402,158548959919] 100000000000000000000000000 21
[15:15:53] [⚙️] forge create contracts/ethregistrar/ExponentialPremiumPriceOracle.sol:ExponentialPremiumPriceOracle --account revive --password 123456 --rpc-url http://localhost:8545 --broadcast --resolc --constructor-args 0x197CB6129617EF4Cc64f23852507B008bC6f9BAa [0,0,20294266869609,5073566717402,158548959919] 100000000000000000000000000 21
No files changed, compilation skipped
Deployer: 0xf24FF3a9CF04c71Dbc94D0b566f7A27B94566cac
Deployed to: 0x3cB0048299bcA8438B244A50cCA30eC7d7C3564A
Transaction hash: 0xe4baeb3be8e798e1ba61de01c97ebede8540f18346a260cdc436354deb90cf52
[15:15:54] [✅] ExponentialPremiumPriceOracle at 0x3cB0048299bcA8438B244A50cCA30eC7d7C3564A
--------------------------------------------
[15:15:54] [⏳] Deploying StaticMetadataService...
[15:15:54] Args: http://localhost:8080/name/0x{id}
[15:15:54] [⚙️] forge create contracts/wrapper/StaticMetadataService.sol:StaticMetadataService --account revive --password 123456 --rpc-url http://localhost:8545 --broadcast --resolc --constructor-args http://localhost:8080/name/0x{id}
No files changed, compilation skipped
Deployer: 0xf24FF3a9CF04c71Dbc94D0b566f7A27B94566cac
Deployed to: 0x4Bbc6e3f3022c63778665bc45c2885A2b52d0bFB
Transaction hash: 0xf5ee25faacfdcc7f579d63d784899e226db86f71072ab1d06a8b47fb21085a5a
[15:15:55] [✅] StaticMetadataService at 0x4Bbc6e3f3022c63778665bc45c2885A2b52d0bFB
[15:15:55] [⚙️] Performing ENS pre-setup...
[15:15:55] [🔗] TX: 0x162Ca8b5227712d2FBbc43EE955791a4E611F2A8 :: setOwner(bytes32,address)(0x0000000000000000000000000000000000000000000000000000000000000000 0x5114d129b6A684f65f3C7A0944cA66615b796F5C)
Error: Failed to estimate gas: server returned an error response: error code 3: execution reverted: , data: "0x"
[15:15:55] [⚠️] TX failed: setOwner(bytes32,address)
[15:15:55] [🔗] TX: 0x5114d129b6A684f65f3C7A0944cA66615b796F5C :: setController(address,bool)(0xf24FF3a9CF04c71Dbc94D0b566f7A27B94566cac true)

blockHash            0x0c65ed25c6db9cb27518c978c13a171d9431ceaac137f0c3b9636d1e10bb3949
blockNumber          85
contractAddress      
cumulativeGasUsed    0
effectiveGasPrice    998425
from                 0xf24FF3a9CF04c71Dbc94D0b566f7A27B94566cac
gasUsed              20196988344
logs                 [{"address":"0x5114d129b6a684f65f3c7a0944ca66615b796f5c","topics":["0x4c97694570a07277810af7e5669ffd5f6a2d6b74b6e9a274b8b870fd5114cf87","0x000000000000000000000000f24ff3a9cf04c71dbc94d0b566f7a27b94566cac"],"data":"0x0000000000000000000000000000000000000000000000000000000000000001","blockHash":"0x0c65ed25c6db9cb27518c978c13a171d9431ceaac137f0c3b9636d1e10bb3949","blockNumber":"0x55","transactionHash":"0xfdb8159b9d692c08a09e79e39a5db3246117bf6affa8d7b4571a20660d622fbf","transactionIndex":"0x1","logIndex":"0x3","removed":false}]
logsBloom            0x00000000000000000000000000000000000000000000000040000000000000000000000000000000000000000000000000000000000000000000000000000000000000000000000000000000000000000000000080000000000000000000000000000000000000000000000000008000000000000008000000000000000000000000000000000000000000000000000000000000000000000000000000000000000000000000000000000000000000000000000000000000000000000000000000000000000000000000000000000000000000000000000000000000004080000000001000000000001000000000000000020000000000000000000000000000
root                 
status               1 (success)
transactionHash      0xfdb8159b9d692c08a09e79e39a5db3246117bf6affa8d7b4571a20660d622fbf
transactionIndex     1
type                 2
blobGasPrice         
blobGasUsed          
to                   0x5114d129b6A684f65f3C7A0944cA66615b796F5C
[15:15:55] [🔗] TX: 0x5114d129b6A684f65f3C7A0944cA66615b796F5C :: setSubnodeOwner(bytes32,address)(0xdec08c9dbbdd0890e300eb5062089b2d4b1c40e3673bbccb5423f7b37dcf9a9c 0xf24FF3a9CF04c71Dbc94D0b566f7A27B94566cac)

blockHash            0xb6e7a144d03392442f32a7b780ddc19145df370afa26e68e428c6528acf2d126
blockNumber          86
contractAddress      
cumulativeGasUsed    0
effectiveGasPrice    998407
from                 0xf24FF3a9CF04c71Dbc94D0b566f7A27B94566cac
gasUsed              20950051931
logs                 [{"address":"0x162ca8b5227712d2fbbc43ee955791a4e611f2a8","topics":["0xce0457fe73731f824cc272376169235128c118b49d344817417c6d108d155e82","0x0000000000000000000000000000000000000000000000000000000000000000","0xdec08c9dbbdd0890e300eb5062089b2d4b1c40e3673bbccb5423f7b37dcf9a9c"],"data":"0x000000000000000000000000f24ff3a9cf04c71dbc94d0b566f7a27b94566cac","blockHash":"0xb6e7a144d03392442f32a7b780ddc19145df370afa26e68e428c6528acf2d126","blockNumber":"0x56","transactionHash":"0x71608a3d0ec8257e566bd223d59b0a4aa18bdf9d7cfb4513988146413b7642dd","transactionIndex":"0x1","logIndex":"0x3","removed":false}]
logsBloom            0x00000000000000000000000000000000000000000000000000000000000000400000000000000000000000000000000000000000000010000000000000000000000000000000000000000000000000000000000000000000000000000000000000000000020000080000080000000800000000000000000000000000000000000000000000000002000000000000000000000000000000000000000000000000000000000000001000000000000000000000000000000000000000040000000000000000000000000000000000004000000000000000000000000000000020000000000000000000000000000000000000000000000000000000000000000400
root                 
status               1 (success)
transactionHash      0x71608a3d0ec8257e566bd223d59b0a4aa18bdf9d7cfb4513988146413b7642dd
transactionIndex     1
type                 2
blobGasPrice         
blobGasUsed          
to                   0x5114d129b6A684f65f3C7A0944cA66615b796F5C
[15:15:55] [🔗] TX: 0x162Ca8b5227712d2FBbc43EE955791a4E611F2A8 :: setSubnodeOwner(bytes32,bytes32,address)(0xdec08c9dbbdd0890e300eb5062089b2d4b1c40e3673bbccb5423f7b37dcf9a9c 0xe5e14487b78f85faa6e1808e89246cf57dd34831548ff2e6097380d98db2504a 0x621F5Dc6937c335d15C02811B9057fA81BfbA86E)
Error: Failed to estimate gas: server returned an error response: error code 3: execution reverted: , data: "0x"
[15:15:55] [⚠️] TX failed: setSubnodeOwner(bytes32,bytes32,address)
[15:15:55] [🔗] TX: 0x5114d129b6A684f65f3C7A0944cA66615b796F5C :: setSubnodeOwner(bytes32,address)(0xce159cf34380757d1932a8e4a74e85e85957b0a7a52d9c566c0a3c8d6133d0f7 0xA9f6d3Ad1a9Ea6A1318c5Ada002Ff6200DFF8693)

blockHash            0x6165145671f894a7782d4f54f056afd02a4f7692d5422f5b8eca361c4576b406
blockNumber          87
contractAddress      
cumulativeGasUsed    0
effectiveGasPrice    998388
from                 0xf24FF3a9CF04c71Dbc94D0b566f7A27B94566cac
gasUsed              20950411495
logs                 [{"address":"0x162ca8b5227712d2fbbc43ee955791a4e611f2a8","topics":["0xce0457fe73731f824cc272376169235128c118b49d344817417c6d108d155e82","0x0000000000000000000000000000000000000000000000000000000000000000","0xce159cf34380757d1932a8e4a74e85e85957b0a7a52d9c566c0a3c8d6133d0f7"],"data":"0x000000000000000000000000a9f6d3ad1a9ea6a1318c5ada002ff6200dff8693","blockHash":"0x6165145671f894a7782d4f54f056afd02a4f7692d5422f5b8eca361c4576b406","blockNumber":"0x57","transactionHash":"0x5bc10a727cce7c42c60ee8feaa55bb20a36566cb0a166a15a57b3201fecfc5cd","transactionIndex":"0x1","logIndex":"0x3","removed":false}]
logsBloom            0x00000000000000000000000000000000000000000000000000000000000000100000000000000000000000000000000000000000000030000000000000000000000000000000000000000000000000000000000000000000000000000000000000000000020000080000080000000800000000000000000000000000000000000000000000000000000000000000080000000000000000000000000000000000000000000000001000000000000000000000000000000000000000040000000000000000000000000000000000004000000000000000000000000000000020000000000000000000000000000000000000000000000000000000000000000000
root                 
status               1 (success)
transactionHash      0x5bc10a727cce7c42c60ee8feaa55bb20a36566cb0a166a15a57b3201fecfc5cd
transactionIndex     1
type                 2
blobGasPrice         
blobGasUsed          
to                   0x5114d129b6A684f65f3C7A0944cA66615b796F5C
[15:15:55] [🧩] Owner of .dot before NameWrapper: 0x0000000000000000000000000000000000000000
