[15:32:18] [🔨] Building contracts...
Nothing to compile
[15:32:19] [✅] Build done.
[15:32:19] [📋] Labels and nodes:
[15:32:19]   reverse label: 0xdec08c9dbbdd0890e300eb5062089b2d4b1c40e3673bbccb5423f7b37dcf9a9c
[15:32:19]   reverse node:  0xa097f6721ce401e757d1223a763fef49b8b5f90bb18567ddb86fd205dff71d34
[15:32:19]   addr label:    0xe5e14487b78f85faa6e1808e89246cf57dd34831548ff2e6097380d98db2504a
[15:32:19]   dot label:     0xce159cf34380757d1932a8e4a74e85e85957b0a7a52d9c566c0a3c8d6133d0f7
[15:32:19]   dot node:      0x3fce7d1364a893e213bc4212792b517ffc88f5b13b86c8ef9c8d390c3a1370ce
============================================
[15:32:19] [🏗️] Deploying core ENS infrastructure...
--------------------------------------------
[15:32:19] [⏳] Deploying ENSRegistry...
[15:32:19] No args
[15:32:19] [⚙️] forge create contracts/registry/ENSRegistry.sol:ENSRegistry --account revive --password 123456 --rpc-url http://localhost:8545 --broadcast
No files changed, compilation skipped
Deployer: 0xf24FF3a9CF04c71Dbc94D0b566f7A27B94566cac
Deployed to: 0xc5014a8066dbCD31E4f54Df2e5fF3fA0D57535e3
Transaction hash: 0x8a527449249f49b22168f10ed22ff4a010d5cbf01fa53be373baf80515eac6a2
[15:32:20] [✅] ENSRegistry at 0xc5014a8066dbCD31E4f54Df2e5fF3fA0D57535e3
--------------------------------------------
[15:32:20] [⏳] Deploying Root...
[15:32:20] Args: 0xc5014a8066dbCD31E4f54Df2e5fF3fA0D57535e3
[15:32:20] [⚙️] forge create contracts/root/Root.sol:Root --account revive --password 123456 --rpc-url http://localhost:8545 --broadcast --constructor-args 0xc5014a8066dbCD31E4f54Df2e5fF3fA0D57535e3
No files changed, compilation skipped
Deployer: 0xf24FF3a9CF04c71Dbc94D0b566f7A27B94566cac
Deployed to: 0x4Fc5ef090439372b4805b10811359257Cf364214
Transaction hash: 0xc63c064557b9d9c3df3b73acdced32de3c795321778c355fae3b8074ffcd3ffc
[15:32:21] [✅] Root at 0x4Fc5ef090439372b4805b10811359257Cf364214
[15:32:21] [🔗] TX: 0xc5014a8066dbCD31E4f54Df2e5fF3fA0D57535e3 :: setOwner(bytes32,address)(0x0000000000000000000000000000000000000000000000000000000000000000 0x4Fc5ef090439372b4805b10811359257Cf364214)

blockHash            0x6dc711f41044006cbdc783ed8b5a8cef3731370ca1895dd5337f81e8e79ea8d5
blockNumber          163
contractAddress      
cumulativeGasUsed    0
effectiveGasPrice    996984
from                 0xf24FF3a9CF04c71Dbc94D0b566f7A27B94566cac
gasUsed              20259889197
logs                 [{"address":"0xc5014a8066dbcd31e4f54df2e5ff3fa0d57535e3","topics":["0xd4735d920b0f87494915f556dd9b54c8f309026070caea5c737245152564d266","0x0000000000000000000000000000000000000000000000000000000000000000"],"data":"0x0000000000000000000000004fc5ef090439372b4805b10811359257cf364214","blockHash":"0x6dc711f41044006cbdc783ed8b5a8cef3731370ca1895dd5337f81e8e79ea8d5","blockNumber":"0xa3","transactionHash":"0xc0048460fd5403d726654086b97c9eec0166883d39c47984bdef79836c19aab7","transactionIndex":"0x1","logIndex":"0x3","removed":false}]
logsBloom            0x00000000000000000000020000000000000000000100000000000000000000000000000000000000000000000000000000000000000000000000000000000000000000000000000000000000000000000000000000000000000000000000000000000000020000000000000000000800000000000000000000000000000000000000000000000000000100000000000000000000000000000000000000000000000000000010000000000000000000000000000000000000000000000000000000000000000000000000000000000000000000000000000000000000000020000000000000000000000090000000000000000000000000000000000000000000
root                 
status               1 (success)
transactionHash      0xc0048460fd5403d726654086b97c9eec0166883d39c47984bdef79836c19aab7
transactionIndex     1
type                 2
blobGasPrice         
blobGasUsed          
to                   0xc5014a8066dbCD31E4f54Df2e5fF3fA0D57535e3
[15:32:21] [🔗] TX: 0x4Fc5ef090439372b4805b10811359257Cf364214 :: setController(address,bool)(0xf24FF3a9CF04c71Dbc94D0b566f7A27B94566cac true)

blockHash            0x1aa9620c32ea2d886a91abf11f59e09b3468124c8a5a112b8383a21b1cc267bb
blockNumber          164
contractAddress      
cumulativeGasUsed    0
effectiveGasPrice    996965
from                 0xf24FF3a9CF04c71Dbc94D0b566f7A27B94566cac
gasUsed              20248390126
logs                 [{"address":"0x4fc5ef090439372b4805b10811359257cf364214","topics":["0x4c97694570a07277810af7e5669ffd5f6a2d6b74b6e9a274b8b870fd5114cf87","0x000000000000000000000000f24ff3a9cf04c71dbc94d0b566f7a27b94566cac"],"data":"0x0000000000000000000000000000000000000000000000000000000000000001","blockHash":"0x1aa9620c32ea2d886a91abf11f59e09b3468124c8a5a112b8383a21b1cc267bb","blockNumber":"0xa4","transactionHash":"0x3ed7d8c7734d60a870cd9049960bf11144d0f834ecd4a0b39f915011bf853480","transactionIndex":"0x1","logIndex":"0x3","removed":false}]
logsBloom            0x00000000000000000000000000000000000000000000000040000000000000000000000000000000000000000000000000000000000000000000000000000000000000000000000000000100000000000000000000000000000000000000000000000000000000000000000000008000000000000008000000000000000000000000000000000000000000000000000000000000000000000000000000000000000000000000000000000000000000000000000000000100000000000000000000000000000000000000000000000000000000000000000000000000004000000000000000000000001000000000000000020000000000040000000000000000
root                 
status               1 (success)
transactionHash      0x3ed7d8c7734d60a870cd9049960bf11144d0f834ecd4a0b39f915011bf853480
transactionIndex     1
type                 2
blobGasPrice         
blobGasUsed          
to                   0x4Fc5ef090439372b4805b10811359257Cf364214
--------------------------------------------
[15:32:21] [⏳] Deploying ReverseRegistrar...
[15:32:21] Args: 0xc5014a8066dbCD31E4f54Df2e5fF3fA0D57535e3
[15:32:21] [⚙️] forge create contracts/reverseRegistrar/ReverseRegistrar.sol:ReverseRegistrar --account revive --password 123456 --rpc-url http://localhost:8545 --broadcast --constructor-args 0xc5014a8066dbCD31E4f54Df2e5fF3fA0D57535e3
No files changed, compilation skipped
Deployer: 0xf24FF3a9CF04c71Dbc94D0b566f7A27B94566cac
Deployed to: 0xe356057D8DD53A4e944108D897715e14fF9E531C
Transaction hash: 0x08450c091d99c8a378cd6c0535795c969d1a06c7734636626af2e3a58e7dc75b
[15:32:21] [✅] ReverseRegistrar at 0xe356057D8DD53A4e944108D897715e14fF9E531C
[15:32:21] [🔗] TX: 0x4Fc5ef090439372b4805b10811359257Cf364214 :: setSubnodeOwner(bytes32,address)(0xdec08c9dbbdd0890e300eb5062089b2d4b1c40e3673bbccb5423f7b37dcf9a9c 0xf24FF3a9CF04c71Dbc94D0b566f7A27B94566cac)

blockHash            0x44a1ad135ee08a2b27db09e96788f50a857cda6c63fb2ccb67e8251ca7b0e26b
blockNumber          166
contractAddress      
cumulativeGasUsed    0
effectiveGasPrice    996928
from                 0xf24FF3a9CF04c71Dbc94D0b566f7A27B94566cac
gasUsed              20804109395
logs                 [{"address":"0xc5014a8066dbcd31e4f54df2e5ff3fa0d57535e3","topics":["0xce0457fe73731f824cc272376169235128c118b49d344817417c6d108d155e82","0x0000000000000000000000000000000000000000000000000000000000000000","0xdec08c9dbbdd0890e300eb5062089b2d4b1c40e3673bbccb5423f7b37dcf9a9c"],"data":"0x000000000000000000000000f24ff3a9cf04c71dbc94d0b566f7a27b94566cac","blockHash":"0x44a1ad135ee08a2b27db09e96788f50a857cda6c63fb2ccb67e8251ca7b0e26b","blockNumber":"0xa6","transactionHash":"0x2a8bc562af322ca38a1d5b3817338e65672249e621ee42abd73893d3550904e4","transactionIndex":"0x1","logIndex":"0x3","removed":false}]
logsBloom            0x00000000000000000000000000000000000000000000000000000000000000400000000000000000000000000000000000000000000010000000000000000000000000000000000000000000000000000000000000000000000000000000000000000000020000000000000000000800000000000000000000000000000000000000000000000002000000000000000000000000000000000000000000000000000000000010000000000000000000000000000000000000000000040000000000000000000000000000000000004000000000000000000000000000000020000000000000000000000090000000000000000000000000000000000000000400
root                 
status               1 (success)
transactionHash      0x2a8bc562af322ca38a1d5b3817338e65672249e621ee42abd73893d3550904e4
transactionIndex     1
type                 2
blobGasPrice         
blobGasUsed          
to                   0x4Fc5ef090439372b4805b10811359257Cf364214
[15:32:21] [🔗] TX: 0xc5014a8066dbCD31E4f54Df2e5fF3fA0D57535e3 :: setSubnodeOwner(bytes32,bytes32,address)(0xa097f6721ce401e757d1223a763fef49b8b5f90bb18567ddb86fd205dff71d34 0xe5e14487b78f85faa6e1808e89246cf57dd34831548ff2e6097380d98db2504a 0xe356057D8DD53A4e944108D897715e14fF9E531C)

blockHash            0x11223acf343a25d592d75ea0a3a9ace797884abbe9fa60ca42aee847173c33b0
blockNumber          167
contractAddress      
cumulativeGasUsed    0
effectiveGasPrice    996910
from                 0xf24FF3a9CF04c71Dbc94D0b566f7A27B94566cac
gasUsed              23484004545
logs                 [{"address":"0xc5014a8066dbcd31e4f54df2e5ff3fa0d57535e3","topics":["0xce0457fe73731f824cc272376169235128c118b49d344817417c6d108d155e82","0xa097f6721ce401e757d1223a763fef49b8b5f90bb18567ddb86fd205dff71d34","0xe5e14487b78f85faa6e1808e89246cf57dd34831548ff2e6097380d98db2504a"],"data":"0x000000000000000000000000e356057d8dd53a4e944108d897715e14ff9e531c","blockHash":"0x11223acf343a25d592d75ea0a3a9ace797884abbe9fa60ca42aee847173c33b0","blockNumber":"0xa7","transactionHash":"0xb74e91d336761af689acb954c00c904ce0e812481fdef2727c6df1daf5b16a24","transactionIndex":"0x1","logIndex":"0x3","removed":false}]
logsBloom            0x00000000000000000000000000000000000000000000000000800000000000000000000000000000000000000000000000000000000010000000000000000000000000000000000000000000000000000000000000000000000000000000000000000000000800000000000000000000000000000001000000000000000000000000000000000000000000000000000000000000000000000000000000000000000000000010000000000000000000000000000000000000000000040000000000000000000000000000000000004000001000000000000000000000000000000000000000000040000090000000000000000000000000000000000010000000
root                 
status               1 (success)
transactionHash      0xb74e91d336761af689acb954c00c904ce0e812481fdef2727c6df1daf5b16a24
transactionIndex     1
type                 2
blobGasPrice         
blobGasUsed          
to                   0xc5014a8066dbCD31E4f54Df2e5fF3fA0D57535e3
--------------------------------------------
[15:32:22] [⏳] Deploying BaseRegistrarImplementation...
[15:32:22] Args: 0xc5014a8066dbCD31E4f54Df2e5fF3fA0D57535e3 0x3fce7d1364a893e213bc4212792b517ffc88f5b13b86c8ef9c8d390c3a1370ce
[15:32:22] [⚙️] forge create contracts/ethregistrar/BaseRegistrarImplementation.sol:BaseRegistrarImplementation --account revive --password 123456 --rpc-url http://localhost:8545 --broadcast --constructor-args 0xc5014a8066dbCD31E4f54Df2e5fF3fA0D57535e3 0x3fce7d1364a893e213bc4212792b517ffc88f5b13b86c8ef9c8d390c3a1370ce
No files changed, compilation skipped
Deployer: 0xf24FF3a9CF04c71Dbc94D0b566f7A27B94566cac
Deployed to: 0xcE7E653D7981a8A99164cF2591d3db10c1F2E531
Transaction hash: 0x46f1c2429cebfb419f5b2c3c80d16bb0c99c6e6fc10db3697c930a8e77422b19
[15:32:22] [✅] BaseRegistrarImplementation at 0xcE7E653D7981a8A99164cF2591d3db10c1F2E531
[15:32:22] [🔗] TX: 0x4Fc5ef090439372b4805b10811359257Cf364214 :: setSubnodeOwner(bytes32,address)(0xce159cf34380757d1932a8e4a74e85e85957b0a7a52d9c566c0a3c8d6133d0f7 0xcE7E653D7981a8A99164cF2591d3db10c1F2E531)

blockHash            0xfc658a524db3f75ff057034f392b0200c109b1faba8bb0b62619c4b3fd8f4588
blockNumber          169
contractAddress      
cumulativeGasUsed    0
effectiveGasPrice    996873
from                 0xf24FF3a9CF04c71Dbc94D0b566f7A27B94566cac
gasUsed              20805154968
logs                 [{"address":"0xc5014a8066dbcd31e4f54df2e5ff3fa0d57535e3","topics":["0xce0457fe73731f824cc272376169235128c118b49d344817417c6d108d155e82","0x0000000000000000000000000000000000000000000000000000000000000000","0xce159cf34380757d1932a8e4a74e85e85957b0a7a52d9c566c0a3c8d6133d0f7"],"data":"0x000000000000000000000000ce7e653d7981a8a99164cf2591d3db10c1f2e531","blockHash":"0xfc658a524db3f75ff057034f392b0200c109b1faba8bb0b62619c4b3fd8f4588","blockNumber":"0xa9","transactionHash":"0x58566213405e69702c51bf6234d4e987d76e8e94a8998a57f28efec5a0f500a7","transactionIndex":"0x1","logIndex":"0x3","removed":false}]
logsBloom            0x00000000000000000000000000000000000000000000000000000000000000100000000000000000000000000000000000000000000030000000000000000000000000000000000000000000000000000000000000000000000000000000000000000000020000000000000000000800000000000000000000000000000000000000000000000000000000000000080000000000000000000000000000000000000000000010000000000000000000000000000000000000000000040000000000000000000000000000000000004000000000000000000000000000000020000000000000000000000090000000000000000000000000000000000000000000
root                 
status               1 (success)
transactionHash      0x58566213405e69702c51bf6234d4e987d76e8e94a8998a57f28efec5a0f500a7
transactionIndex     1
type                 2
blobGasPrice         
blobGasUsed          
to                   0x4Fc5ef090439372b4805b10811359257Cf364214
[15:32:22] [🔎] Owner of .dot node: 0xcE7E653D7981a8A99164cF2591d3db10c1F2E531
[15:32:22] [✅] .dot ownership verified
============================================
[15:32:22] [💰] Deploying pricing and metadata...
--------------------------------------------
[15:32:22] [⏳] Deploying DummyOracle...
[15:32:22] Args: 160000000000
[15:32:22] [⚙️] forge create contracts/ethregistrar/DummyOracle.sol:DummyOracle --account revive --password 123456 --rpc-url http://localhost:8545 --broadcast --constructor-args 160000000000
No files changed, compilation skipped
Deployer: 0xf24FF3a9CF04c71Dbc94D0b566f7A27B94566cac
Deployed to: 0x75BAd73c2D696A3f63f1e8D6cdd3df0797d67780
Transaction hash: 0x3033cc438a89a2213df0bd0b0e1a5b4c050c29a9983c6a00b959891e432fd162
[15:32:23] [✅] DummyOracle at 0x75BAd73c2D696A3f63f1e8D6cdd3df0797d67780
--------------------------------------------
[15:32:23] [⏳] Deploying ExponentialPremiumPriceOracle...
[15:32:23] Args: 0x75BAd73c2D696A3f63f1e8D6cdd3df0797d67780 [0,0,20294266869609,5073566717402,158548959919] 100000000000000000000000000 21
[15:32:23] [⚙️] forge create contracts/ethregistrar/ExponentialPremiumPriceOracle.sol:ExponentialPremiumPriceOracle --account revive --password 123456 --rpc-url http://localhost:8545 --broadcast --constructor-args 0x75BAd73c2D696A3f63f1e8D6cdd3df0797d67780 [0,0,20294266869609,5073566717402,158548959919] 100000000000000000000000000 21
No files changed, compilation skipped
Deployer: 0xf24FF3a9CF04c71Dbc94D0b566f7A27B94566cac
Deployed to: 0x6E682488565Cabf954818957F323c6019482b017
Transaction hash: 0x878aaa6b52bdd492bb41cdfda983b28c20f15cbb0a621192d9e69547cb21e64f
[15:32:24] [✅] ExponentialPremiumPriceOracle at 0x6E682488565Cabf954818957F323c6019482b017
--------------------------------------------
[15:32:24] [⏳] Deploying StaticMetadataService...
[15:32:24] Args: http://localhost:8080/name/0x{id}
[15:32:24] [⚙️] forge create contracts/wrapper/StaticMetadataService.sol:StaticMetadataService --account revive --password 123456 --rpc-url http://localhost:8545 --broadcast --constructor-args http://localhost:8080/name/0x{id}
No files changed, compilation skipped
Deployer: 0xf24FF3a9CF04c71Dbc94D0b566f7A27B94566cac
Deployed to: 0x89643ae9557A014e376fA2bfe7873ab242AB352d
Transaction hash: 0xa1e0f470d01e9e992fdbe01626d05614f7510c409c9ea27ce4e8a888a84baced
[15:32:24] [✅] StaticMetadataService at 0x89643ae9557A014e376fA2bfe7873ab242AB352d
============================================
[15:32:24] [📦] Deploying NameWrapper and controllers...
--------------------------------------------
[15:32:24] [⏳] Deploying NameWrapper...
[15:32:24] Args: 0xc5014a8066dbCD31E4f54Df2e5fF3fA0D57535e3 0xcE7E653D7981a8A99164cF2591d3db10c1F2E531 0x89643ae9557A014e376fA2bfe7873ab242AB352d
[15:32:24] [⚙️] forge create contracts/wrapper/NameWrapper.sol:NameWrapper --account revive --password 123456 --rpc-url http://localhost:8545 --broadcast --constructor-args 0xc5014a8066dbCD31E4f54Df2e5fF3fA0D57535e3 0xcE7E653D7981a8A99164cF2591d3db10c1F2E531 0x89643ae9557A014e376fA2bfe7873ab242AB352d
No files changed, compilation skipped
Deployer: 0xf24FF3a9CF04c71Dbc94D0b566f7A27B94566cac
Deployed to: 0xEF6C56072750ac7F518727189Ae1bC1b9Bf8ae01
Transaction hash: 0xfa8c479bdea30b508276def7a3aa55b817462363ff695f3c2fd2d972ab17c6f5
[15:32:25] [✅] NameWrapper at 0xEF6C56072750ac7F518727189Ae1bC1b9Bf8ae01
[15:32:25] [🔗] TX: 0xcE7E653D7981a8A99164cF2591d3db10c1F2E531 :: addController(address)(0xEF6C56072750ac7F518727189Ae1bC1b9Bf8ae01)

blockHash            0xb3fcf053f594af4b8e300a1edac733bcaaf95cb5a2f1351acdda828ff2f1dd6b
blockNumber          174
contractAddress      
cumulativeGasUsed    0
effectiveGasPrice    996780
from                 0xf24FF3a9CF04c71Dbc94D0b566f7A27B94566cac
gasUsed              16941978609
logs                 [{"address":"0xce7e653d7981a8a99164cf2591d3db10c1f2e531","topics":["0x0a8bb31534c0ed46f380cb867bd5c803a189ced9a764e30b3a4991a9901d7474","0x000000000000000000000000ef6c56072750ac7f518727189ae1bc1b9bf8ae01"],"data":"0x","blockHash":"0xb3fcf053f594af4b8e300a1edac733bcaaf95cb5a2f1351acdda828ff2f1dd6b","blockNumber":"0xae","transactionHash":"0x9519f859a5d6321c6014db3b5b72e461de0ea067e4e58b84ce769c439f09279d","transactionIndex":"0x1","logIndex":"0x3","removed":false}]
logsBloom            0x00000000000000000000000000000000000000000400000000000000000000000000000000000000000000000000000000000000000000010000000000000010000000000000000000000000000000000000000000000400000000000000000000000000000000000000000000000002008000000000000000000000000000000000000000000000000000000000000000000000000000000000000000000000000000000000000000000000000000000000000000200000004000000000000000000000000000000000000000000000000000000000000000000001000000000000000000000000000000000000000000000000000000000000000000000000
root                 
status               1 (success)
transactionHash      0x9519f859a5d6321c6014db3b5b72e461de0ea067e4e58b84ce769c439f09279d
transactionIndex     1
type                 2
blobGasPrice         
blobGasUsed          
to                   0xcE7E653D7981a8A99164cF2591d3db10c1F2E531
--------------------------------------------
[15:32:25] [⏳] Deploying DefaultReverseRegistrar...
[15:32:25] No args
[15:32:25] [⚙️] forge create contracts/reverseRegistrar/DefaultReverseRegistrar.sol:DefaultReverseRegistrar --account revive --password 123456 --rpc-url http://localhost:8545 --broadcast
No files changed, compilation skipped
Deployer: 0xf24FF3a9CF04c71Dbc94D0b566f7A27B94566cac
Deployed to: 0x6Fdb2f34352923B8429DAb446816efCbB1744663
Transaction hash: 0xcc9a8e97918431079483e3cebfd5d19ff07012592fb7d9e625a7e57e31f76216
[15:32:26] [✅] DefaultReverseRegistrar at 0x6Fdb2f34352923B8429DAb446816efCbB1744663
--------------------------------------------
[15:32:26] [⏳] Deploying ETHRegistrarController...
[15:32:26] Args: 0xcE7E653D7981a8A99164cF2591d3db10c1F2E531 0x6E682488565Cabf954818957F323c6019482b017 60 86400 0xe356057D8DD53A4e944108D897715e14fF9E531C 0x6Fdb2f34352923B8429DAb446816efCbB1744663 0xc5014a8066dbCD31E4f54Df2e5fF3fA0D57535e3
[15:32:26] [⚙️] forge create contracts/ethregistrar/ETHRegistrarController.sol:ETHRegistrarController --account revive --password 123456 --rpc-url http://localhost:8545 --broadcast --constructor-args 0xcE7E653D7981a8A99164cF2591d3db10c1F2E531 0x6E682488565Cabf954818957F323c6019482b017 60 86400 0xe356057D8DD53A4e944108D897715e14fF9E531C 0x6Fdb2f34352923B8429DAb446816efCbB1744663 0xc5014a8066dbCD31E4f54Df2e5fF3fA0D57535e3
No files changed, compilation skipped
Deployer: 0xf24FF3a9CF04c71Dbc94D0b566f7A27B94566cac
Deployed to: 0x901B20472988Db08F96acd1Ddcfc89E9dAfDEA7a
Transaction hash: 0x2505dda7443974bf83361613374d00485ba8a1febb123689a9e4ada233ac2d23
[15:32:27] [✅] ETHRegistrarController at 0x901B20472988Db08F96acd1Ddcfc89E9dAfDEA7a
[15:32:27] [🔗] TX: 0xcE7E653D7981a8A99164cF2591d3db10c1F2E531 :: addController(address)(0x901B20472988Db08F96acd1Ddcfc89E9dAfDEA7a)

blockHash            0xc55e4b84a52be84dbf56a092111e7ff993cb8333cc623cb0f7636f918f54baf8
blockNumber          177
contractAddress      
cumulativeGasUsed    0
effectiveGasPrice    996725
from                 0xf24FF3a9CF04c71Dbc94D0b566f7A27B94566cac
gasUsed              16942841942
logs                 [{"address":"0xce7e653d7981a8a99164cf2591d3db10c1f2e531","topics":["0x0a8bb31534c0ed46f380cb867bd5c803a189ced9a764e30b3a4991a9901d7474","0x000000000000000000000000901b20472988db08f96acd1ddcfc89e9dafdea7a"],"data":"0x","blockHash":"0xc55e4b84a52be84dbf56a092111e7ff993cb8333cc623cb0f7636f918f54baf8","blockNumber":"0xb1","transactionHash":"0xac113cf5a0b2712e39db5c300df8d6effe4b723265efbc596afafb5e9d6d6805","transactionIndex":"0x1","logIndex":"0x3","removed":false}]
logsBloom            0x00000000000000000000000000000000000000000400000000000000000000000000000000000000000000000000800000000000000000400000000000000010000000000000000000000000000000000000000000000400000000000000000000000000000000000000000000000002008000000000000000000000000000000000000000000000000000000000000000000200000000000000000000000000000000000000000000000000000000000000000000200000000000000000000000000000000000000000000000000000000000000000000000000000000000000000000000000000000000000000000000000000000000000000000000000000
root                 
status               1 (success)
transactionHash      0xac113cf5a0b2712e39db5c300df8d6effe4b723265efbc596afafb5e9d6d6805
transactionIndex     1
type                 2
blobGasPrice         
blobGasUsed          
to                   0xcE7E653D7981a8A99164cF2591d3db10c1F2E531
[15:32:27] [🔗] TX: 0xEF6C56072750ac7F518727189Ae1bC1b9Bf8ae01 :: setController(address,bool)(0x901B20472988Db08F96acd1Ddcfc89E9dAfDEA7a true)

blockHash            0x29c996565408b29094b92cb07ff9239471f0be135411aac41e6c5d1af1eea9ae
blockNumber          178
contractAddress      
cumulativeGasUsed    0
effectiveGasPrice    996706
from                 0xf24FF3a9CF04c71Dbc94D0b566f7A27B94566cac
gasUsed              20257871238
logs                 [{"address":"0xef6c56072750ac7f518727189ae1bc1b9bf8ae01","topics":["0x4c97694570a07277810af7e5669ffd5f6a2d6b74b6e9a274b8b870fd5114cf87","0x000000000000000000000000901b20472988db08f96acd1ddcfc89e9dafdea7a"],"data":"0x0000000000000000000000000000000000000000000000000000000000000001","blockHash":"0x29c996565408b29094b92cb07ff9239471f0be135411aac41e6c5d1af1eea9ae","blockNumber":"0xb2","transactionHash":"0x1ea4c95b75a91efcd9f53d34849aee54ac48f260cf60fb8d22cd275ea56c6ae2","transactionIndex":"0x1","logIndex":"0x3","removed":false}]
logsBloom            0x00000000000000000000000000000000000000000000000000000000001000000000000000000000000000000000800000080000000000400000000000000000000000000000000000000000000000000000000000000000080000000000000000000000000000000000000000008000000000000000000000000000000000000000000000000000000000000000000000000200000000000000000000000000000000000000000000000000000000000000000000000000000000000000000000000000000000000000000000000000000000000000000000000000004000000000000000000000001000000000000000000000000000000000000000000000
root                 
status               1 (success)
transactionHash      0x1ea4c95b75a91efcd9f53d34849aee54ac48f260cf60fb8d22cd275ea56c6ae2
transactionIndex     1
type                 2
blobGasPrice         
blobGasUsed          
to                   0xEF6C56072750ac7F518727189Ae1bC1b9Bf8ae01
[15:32:27] [🔗] TX: 0xe356057D8DD53A4e944108D897715e14fF9E531C :: setController(address,bool)(0x901B20472988Db08F96acd1Ddcfc89E9dAfDEA7a true)

blockHash            0x3a6bdd9939866208a102d3eacb4864282624eb0fc2c67c75db0a11a3543fe6e5
blockNumber          179
contractAddress      
cumulativeGasUsed    0
effectiveGasPrice    996688
from                 0xf24FF3a9CF04c71Dbc94D0b566f7A27B94566cac
gasUsed              20254235073
logs                 [{"address":"0xe356057d8dd53a4e944108d897715e14ff9e531c","topics":["0x4c97694570a07277810af7e5669ffd5f6a2d6b74b6e9a274b8b870fd5114cf87","0x000000000000000000000000901b20472988db08f96acd1ddcfc89e9dafdea7a"],"data":"0x0000000000000000000000000000000000000000000000000000000000000001","blockHash":"0x3a6bdd9939866208a102d3eacb4864282624eb0fc2c67c75db0a11a3543fe6e5","blockNumber":"0xb3","transactionHash":"0xa8b9550b760ea11fa48e4de664861d0352d3bebc3aa1b7e8410fbedef85fbca5","transactionIndex":"0x1","logIndex":"0x3","removed":false}]
logsBloom            0x00000000000000000000000000000000000000000000000000000000000082000000000000000000000000000000800000000000000000400000000000000000000000000000040000000000000000000000000000000000000000000000000000000000000000000000000000008000000000000000000000000000000000000000000000000000000000000000000000000200000000000000000000000000000000000000000000000000000000000000000000000000000000000000000000000000000000000000000000000000000000000000000000000000004000000000000000000000001000000000000000000000000000000000000000000000
root                 
status               1 (success)
transactionHash      0xa8b9550b760ea11fa48e4de664861d0352d3bebc3aa1b7e8410fbedef85fbca5
transactionIndex     1
type                 2
blobGasPrice         
blobGasUsed          
to                   0xe356057D8DD53A4e944108D897715e14fF9E531C
============================================
[15:32:27] [🔧] Deploying additional contracts...
--------------------------------------------
[15:32:27] [⏳] Deploying StaticBulkRenewal...
[15:32:27] Args: 0x901B20472988Db08F96acd1Ddcfc89E9dAfDEA7a
[15:32:27] [⚙️] forge create contracts/ethregistrar/StaticBulkRenewal.sol:StaticBulkRenewal --account revive --password 123456 --rpc-url http://localhost:8545 --broadcast --constructor-args 0x901B20472988Db08F96acd1Ddcfc89E9dAfDEA7a
No files changed, compilation skipped
Deployer: 0xf24FF3a9CF04c71Dbc94D0b566f7A27B94566cac
Deployed to: 0x092b689ed3c08F194EbcB7Fcc7c63d482AaEf2c9
Transaction hash: 0x0f0b3abe392791d2e6c2d2ccdee18cf0bd7c41a934fe91733fe7dbf86a6f8c4c
[15:32:27] [✅] StaticBulkRenewal at 0x092b689ed3c08F194EbcB7Fcc7c63d482AaEf2c9
--------------------------------------------
[15:32:27] [⏳] Deploying PublicResolver...
[15:32:27] Args: 0xc5014a8066dbCD31E4f54Df2e5fF3fA0D57535e3 0xEF6C56072750ac7F518727189Ae1bC1b9Bf8ae01 0x901B20472988Db08F96acd1Ddcfc89E9dAfDEA7a 0xe356057D8DD53A4e944108D897715e14fF9E531C
[15:32:28] [⚙️] forge create contracts/resolvers/PublicResolver.sol:PublicResolver --account revive --password 123456 --rpc-url http://localhost:8545 --broadcast --constructor-args 0xc5014a8066dbCD31E4f54Df2e5fF3fA0D57535e3 0xEF6C56072750ac7F518727189Ae1bC1b9Bf8ae01 0x901B20472988Db08F96acd1Ddcfc89E9dAfDEA7a 0xe356057D8DD53A4e944108D897715e14fF9E531C
No files changed, compilation skipped
Deployer: 0xf24FF3a9CF04c71Dbc94D0b566f7A27B94566cac
Deployed to: 0x9423df24B51edb5c2CfF513dCE5d8cdDf7966f8d
Transaction hash: 0x03534e116a8f5692b50694b0ee64a2e85a954499d4515875c2fee5736ea906f4
[15:32:28] [✅] PublicResolver at 0x9423df24B51edb5c2CfF513dCE5d8cdDf7966f8d
[15:32:28] [🔗] TX: 0xe356057D8DD53A4e944108D897715e14fF9E531C :: setDefaultResolver(address)(0x9423df24B51edb5c2CfF513dCE5d8cdDf7966f8d)

blockHash            0x3c77f507fe843d917b194aa865be290bbb05ba32fdcc81cc730eb3cb1cd70f9b
blockNumber          182
contractAddress      
cumulativeGasUsed    0
effectiveGasPrice    996632
from                 0xf24FF3a9CF04c71Dbc94D0b566f7A27B94566cac
gasUsed              16931005029
logs                 [{"address":"0xe356057d8dd53a4e944108d897715e14ff9e531c","topics":["0xeae17a84d9eb83d8c8eb317f9e7d64857bc363fa51674d996c023f4340c577cf","0x0000000000000000000000009423df24b51edb5c2cff513dce5d8cddf7966f8d"],"data":"0x","blockHash":"0x3c77f507fe843d917b194aa865be290bbb05ba32fdcc81cc730eb3cb1cd70f9b","blockNumber":"0xb6","transactionHash":"0xa6b3ef95956c63c79671ec70c4155cf36e1ff71f4f6a726d2b2b3fc52bc2122f","transactionIndex":"0x1","logIndex":"0x3","removed":false}]
logsBloom            0x00000008000000000000000000000000000000000000000000000000000082000000000000000000000000000000000000000000000000000000000000000000000000000000040000000000000000000000000000000000000000000000000000000000000000000000000000000000000000000000000000000000040000000000000000000000000000000000000000000000000000000000000000001000000000000000000000000000000000000000000000004000000000800000000000000000000000000000000000000000000000000000000000000000000000000000000000000000080000000000000000000000000000000000000000000000
root                 
status               1 (success)
transactionHash      0xa6b3ef95956c63c79671ec70c4155cf36e1ff71f4f6a726d2b2b3fc52bc2122f
transactionIndex     1
type                 2
blobGasPrice         
blobGasUsed          
to                   0xe356057D8DD53A4e944108D897715e14fF9E531C
--------------------------------------------
[15:32:28] [⏳] Deploying GatewayProvider...
[15:32:28] Args: 0xf24FF3a9CF04c71Dbc94D0b566f7A27B94566cac ["http://universal-offchain-resolver.local/"]
[15:32:28] [⚙️] forge create contracts/ccipRead/GatewayProvider.sol:GatewayProvider --account revive --password 123456 --rpc-url http://localhost:8545 --broadcast --constructor-args 0xf24FF3a9CF04c71Dbc94D0b566f7A27B94566cac ["http://universal-offchain-resolver.local/"]
No files changed, compilation skipped
Deployer: 0xf24FF3a9CF04c71Dbc94D0b566f7A27B94566cac
Deployed to: 0xDD73805AB2F7f7F7869eF22e3a69AE391bd9BBb5
Transaction hash: 0xa3844f7d6ce8811ec7e8a4672912d5dcf28cab0c371b088aa5b7397b3950c245
[15:32:29] [✅] GatewayProvider at 0xDD73805AB2F7f7F7869eF22e3a69AE391bd9BBb5
--------------------------------------------
[15:32:29] [⏳] Deploying UniversalResolver...
[15:32:29] Args: 0xf24FF3a9CF04c71Dbc94D0b566f7A27B94566cac 0xc5014a8066dbCD31E4f54Df2e5fF3fA0D57535e3 0xDD73805AB2F7f7F7869eF22e3a69AE391bd9BBb5
[15:32:29] [⚙️] forge create contracts/universalResolver/UniversalResolver.sol:UniversalResolver --account revive --password 123456 --rpc-url http://localhost:8545 --broadcast --constructor-args 0xf24FF3a9CF04c71Dbc94D0b566f7A27B94566cac 0xc5014a8066dbCD31E4f54Df2e5fF3fA0D57535e3 0xDD73805AB2F7f7F7869eF22e3a69AE391bd9BBb5
Compiling 11 files with Solc 0.8.30
Solc 0.8.30 finished in 1.52s
Compiler run successful!
Deployer: 0xf24FF3a9CF04c71Dbc94D0b566f7A27B94566cac
Deployed to: 0xD2Ad6d3d9f5749137A74E80B694a9616B6e64588
Transaction hash: 0xb01e4c2189d7b5f1213ae0510f5d010cc3c2ea2436997850b7f8711f84615ff5
[15:32:31] [✅] UniversalResolver at 0xD2Ad6d3d9f5749137A74E80B694a9616B6e64588
[15:32:31] [🔗] TX: 0xc5014a8066dbCD31E4f54Df2e5fF3fA0D57535e3 :: setApprovalForAll(address,bool)(0x901B20472988Db08F96acd1Ddcfc89E9dAfDEA7a true)

blockHash            0x2766de63b3d16de62c2513f37ffb63113c4ed1bd9dcad5e59f5009704ee62d20
blockNumber          185
contractAddress      
cumulativeGasUsed    0
effectiveGasPrice    996577
from                 0xf24FF3a9CF04c71Dbc94D0b566f7A27B94566cac
gasUsed              20199243550
logs                 [{"address":"0xc5014a8066dbcd31e4f54df2e5ff3fa0d57535e3","topics":["0x17307eab39ab6107e8899845ad3d59bd9653f200f220920489ca2b5937696c31","0x000000000000000000000000f24ff3a9cf04c71dbc94d0b566f7a27b94566cac","0x000000000000000000000000901b20472988db08f96acd1ddcfc89e9dafdea7a"],"data":"0x0000000000000000000000000000000000000000000000000000000000000001","blockHash":"0x2766de63b3d16de62c2513f37ffb63113c4ed1bd9dcad5e59f5009704ee62d20","blockNumber":"0xb9","transactionHash":"0x0f839a7ec1e5b20e4e6c8f0e3d4c768be90ba5a25008aea4823d3d64ffc099eb","transactionIndex":"0x1","logIndex":"0x3","removed":false}]
logsBloom            0x00000000000000000000000000000000000000000000000040000000000000000000000000000000000000000000800000000000000000400000000000000000000000000000000000000000000000000000000000000000000000000000000002000000000000000000000000000000000000000008000000000000000000000000000000000000000000000000000000000200000000000000000000000000000000000010000000000000000000000000000000000000000000000000000000000000000000000000000000000000000000000000000000000000000000000000200800000000000090000000000000020000000000000000000000000000
root                 
status               1 (success)
transactionHash      0x0f839a7ec1e5b20e4e6c8f0e3d4c768be90ba5a25008aea4823d3d64ffc099eb
transactionIndex     1
type                 2
blobGasPrice         
blobGasUsed          
to                   0xc5014a8066dbCD31E4f54Df2e5fF3fA0D57535e3
[15:32:31] [🔗] TX: 0xcE7E653D7981a8A99164cF2591d3db10c1F2E531 :: setResolver(address)(0x9423df24B51edb5c2CfF513dCE5d8cdDf7966f8d)

blockHash            0x8872cdbc7fee6f7b01ac4bddf5278b85888f3b80889e8e58e39f76957ef1251e
blockNumber          186
contractAddress      
cumulativeGasUsed    0
effectiveGasPrice    996559
from                 0xf24FF3a9CF04c71Dbc94D0b566f7A27B94566cac
gasUsed              17526301315
logs                 [{"address":"0xc5014a8066dbcd31e4f54df2e5ff3fa0d57535e3","topics":["0x335721b01866dc23fbee8b6b2c7b1e14d6f05c28cd35a2c934239f94095602a0","0x3fce7d1364a893e213bc4212792b517ffc88f5b13b86c8ef9c8d390c3a1370ce"],"data":"0x0000000000000000000000009423df24b51edb5c2cff513dce5d8cddf7966f8d","blockHash":"0x8872cdbc7fee6f7b01ac4bddf5278b85888f3b80889e8e58e39f76957ef1251e","blockNumber":"0xba","transactionHash":"0x805070062010b0975f14c9e3a4a93145b706f07cc85dbb230092bf461d12e506","transactionIndex":"0x1","logIndex":"0x3","removed":false}]
logsBloom            0x00000000000000000000000000000000000000000000000000000000000000000000000000000000000000000080000000000000000000000000000000020010000000000000000040000000000000000000000000000000000000000000000000000000000000000000000000000000000000000000000000000000000000000000000000000000000000000000000000000000000000000000000000000000000000000010000000000000000000000004000000000000000000000000000000000000000000000000000000000010000000000000000000000000000000000000000000000000000090000000000000000000000000000000000000000000
root                 
status               1 (success)
transactionHash      0x805070062010b0975f14c9e3a4a93145b706f07cc85dbb230092bf461d12e506
transactionIndex     1
type                 2
blobGasPrice         
blobGasUsed          
to                   0xcE7E653D7981a8A99164cF2591d3db10c1F2E531
============================================
[15:32:31] [🛠️] Deploying utilities...
--------------------------------------------
[15:32:31] [⏳] Deploying StoreFactory...
[15:32:31] No args
[15:32:31] [⚙️] forge create contracts/utils/StoreFactory.sol:StoreFactory --account revive --password 123456 --rpc-url http://localhost:8545 --broadcast
Compiling 4 files with Solc 0.8.30
Solc 0.8.30 finished in 329.33ms
Compiler run successful!
Deployer: 0xf24FF3a9CF04c71Dbc94D0b566f7A27B94566cac
Deployed to: 0x82726d8e34E105d82C9f4d898ffD561481486e01
Transaction hash: 0x91ae6339d197bff23e1492a8ad06786ba4e65bd0ebeb98605abdd7b34f60d457
[15:32:32] [✅] StoreFactory at 0x82726d8e34E105d82C9f4d898ffD561481486e01
--------------------------------------------
[15:32:32] [⏳] Deploying DotnsRegistrar...
[15:32:32] Args: 0x901B20472988Db08F96acd1Ddcfc89E9dAfDEA7a 0xc5014a8066dbCD31E4f54Df2e5fF3fA0D57535e3 0x82726d8e34E105d82C9f4d898ffD561481486e01
[15:32:32] [⚙️] forge create contracts/utils/DotnsRegistrar.sol:DotnsRegistrar --account revive --password 123456 --rpc-url http://localhost:8545 --broadcast --constructor-args 0x901B20472988Db08F96acd1Ddcfc89E9dAfDEA7a 0xc5014a8066dbCD31E4f54Df2e5fF3fA0D57535e3 0x82726d8e34E105d82C9f4d898ffD561481486e01
Compiling 4 files with Solc 0.8.30
Solc 0.8.30 finished in 211.64ms
Compiler run successful!
Deployer: 0xf24FF3a9CF04c71Dbc94D0b566f7A27B94566cac
Deployed to: 0x292F496351D81E8E75b94CeC22ebee89Fce6AdDa
Transaction hash: 0x4879975955f0bf415de7b6827b755765b1474707b4d7d16588fd92629e18a46c
[15:32:33] [✅] DotnsRegistrar at 0x292F496351D81E8E75b94CeC22ebee89Fce6AdDa
============================================
[15:32:33] [🔍] Running final verification...
[15:32:33] [✅] Verification passed: .dot TLD owned by BaseRegistrar
============================================
[15:32:33] [✅] Full ENS stack deployment complete!

[15:32:33] [📄] Deployment addresses:
{
  "ENSRegistry": "0xc5014a8066dbCD31E4f54Df2e5fF3fA0D57535e3",
  "Root": "0x4Fc5ef090439372b4805b10811359257Cf364214",
  "ReverseRegistrar": "0xe356057D8DD53A4e944108D897715e14fF9E531C",
  "BaseRegistrarImplementation": "0xcE7E653D7981a8A99164cF2591d3db10c1F2E531",
  "DummyOracle": "0x75BAd73c2D696A3f63f1e8D6cdd3df0797d67780",
  "ExponentialPremiumPriceOracle": "0x6E682488565Cabf954818957F323c6019482b017",
  "StaticMetadataService": "0x89643ae9557A014e376fA2bfe7873ab242AB352d",
  "NameWrapper": "0xEF6C56072750ac7F518727189Ae1bC1b9Bf8ae01",
  "DefaultReverseRegistrar": "0x6Fdb2f34352923B8429DAb446816efCbB1744663",
  "ETHRegistrarController": "0x901B20472988Db08F96acd1Ddcfc89E9dAfDEA7a",
  "StaticBulkRenewal": "0x092b689ed3c08F194EbcB7Fcc7c63d482AaEf2c9",
  "PublicResolver": "0x9423df24B51edb5c2CfF513dCE5d8cdDf7966f8d",
  "GatewayProvider": "0xDD73805AB2F7f7F7869eF22e3a69AE391bd9BBb5",
  "UniversalResolver": "0xD2Ad6d3d9f5749137A74E80B694a9616B6e64588",
  "StoreFactory": "0x82726d8e34E105d82C9f4d898ffD561481486e01",
  "DotnsRegistrar": "0x292F496351D81E8E75b94CeC22ebee89Fce6AdDa"
}

[15:32:33] [📝] Full deployment log: deployments/420420420/deploy-20251107-153218.log
[15:32:33] [💾] Deployment JSON: deployments/420420420/ens_stack.json
