[07:15:16] [🔨] Building contracts...
No files changed, compilation skipped
[07:15:17] [✅] Build done.
[07:15:17] [📋] Labels and nodes:
[07:15:17]   reverse label: 0xdec08c9dbbdd0890e300eb5062089b2d4b1c40e3673bbccb5423f7b37dcf9a9c
[07:15:17]   reverse node:  0xa097f6721ce401e757d1223a763fef49b8b5f90bb18567ddb86fd205dff71d34
[07:15:17]   addr label:    0xe5e14487b78f85faa6e1808e89246cf57dd34831548ff2e6097380d98db2504a
[07:15:17]   dot label:     0xce159cf34380757d1932a8e4a74e85e85957b0a7a52d9c566c0a3c8d6133d0f7
[07:15:17]   dot node:      0x3fce7d1364a893e213bc4212792b517ffc88f5b13b86c8ef9c8d390c3a1370ce
============================================
[07:15:17] [🏗️] Deploying core ENS infrastructure...
--------------------------------------------
[07:15:17] [⏳] Deploying ENSRegistry...
[07:15:17] No args
[07:15:17] [⚙️] forge create contracts/registry/ENSRegistry.sol:ENSRegistry --account revive --password 123456 --rpc-url https://testnet-passet-hub-eth-rpc.polkadot.io --broadcast
No files changed, compilation skipped
Deployer: 0xf24FF3a9CF04c71Dbc94D0b566f7A27B94566cac
Deployed to: 0x3eD22291A502318a46DE9E3d177cf90D28026aFf
Transaction hash: 0x79c00f0e48d81f1318afc443160d13b9f7eda8eb6055b9c8f4c8de6e0dca702e
[07:15:24] [✅] ENSRegistry at 0x3eD22291A502318a46DE9E3d177cf90D28026aFf
--------------------------------------------
[07:15:24] [⏳] Deploying Root...
[07:15:24] Args: 0x3eD22291A502318a46DE9E3d177cf90D28026aFf
[07:15:24] [⚙️] forge create contracts/root/Root.sol:Root --account revive --password 123456 --rpc-url https://testnet-passet-hub-eth-rpc.polkadot.io --broadcast --constructor-args 0x3eD22291A502318a46DE9E3d177cf90D28026aFf
No files changed, compilation skipped
Deployer: 0xf24FF3a9CF04c71Dbc94D0b566f7A27B94566cac
Deployed to: 0x0ae9A71d608418175b06fE3B8872d75e8bE30815
Transaction hash: 0x5c980f7942da14fd038aac0b1eccea4d9100eb59c8330a13eb32403f051f27a5
[07:15:37] [✅] Root at 0x0ae9A71d608418175b06fE3B8872d75e8bE30815
[07:15:37] [🔗] TX: 0x3eD22291A502318a46DE9E3d177cf90D28026aFf :: setOwner(bytes32,address)(0x0000000000000000000000000000000000000000000000000000000000000000 0x0ae9A71d608418175b06fE3B8872d75e8bE30815)

blockHash            0xa562cfc12f2602da5ee4f0997083f95bc3ec6bd1192e86eb7ab29953cce29494
blockNumber          2518967
contractAddress      
cumulativeGasUsed    0
effectiveGasPrice    10000000
from                 0xf24FF3a9CF04c71Dbc94D0b566f7A27B94566cac
gasUsed              272837280
logs                 [{"address":"0x3ed22291a502318a46de9e3d177cf90d28026aff","topics":["0xd4735d920b0f87494915f556dd9b54c8f309026070caea5c737245152564d266","0x0000000000000000000000000000000000000000000000000000000000000000"],"data":"0x0000000000000000000000000ae9a71d608418175b06fe3b8872d75e8be30815","blockHash":"0xa562cfc12f2602da5ee4f0997083f95bc3ec6bd1192e86eb7ab29953cce29494","blockNumber":"0x266fb7","transactionHash":"0x8f58993ff943eeb6df4225c5ea36027c79a1a658a9df092affab1d6e7573c965","transactionIndex":"0x2","logIndex":"0x5","removed":false}]
logsBloom            0x00000000000000000000020000000000000000000100000000000000000000000000000000000000000000000000000000000000000000000000000000000000000000000000000000000000000000000000000000000000000000000000000000000000020000000000000000000800000000000000000000000000000000000000000000000000000100000000000000000400000000000000000000000000000000000000000000000000000000000000000000000000000000000000000000000000000000000000000000000000000000000000000000000000000020000000000000020000000000000000000000000000000000000000010000000000
root                 
status               1 (success)
transactionHash      0x8f58993ff943eeb6df4225c5ea36027c79a1a658a9df092affab1d6e7573c965
transactionIndex     2
type                 2
blobGasPrice         
blobGasUsed          
to                   0x3eD22291A502318a46DE9E3d177cf90D28026aFf
[07:15:43] [🔗] TX: 0x0ae9A71d608418175b06fE3B8872d75e8bE30815 :: setController(address,bool)(0xf24FF3a9CF04c71Dbc94D0b566f7A27B94566cac true)

blockHash            0xe1eac2f90385b746073591fa04dad0796c09bf978cc45528282d9c0fb1bf1804
blockNumber          2518968
contractAddress      
cumulativeGasUsed    0
effectiveGasPrice    10000000
from                 0xf24FF3a9CF04c71Dbc94D0b566f7A27B94566cac
gasUsed              272788450
logs                 [{"address":"0x0ae9a71d608418175b06fe3b8872d75e8be30815","topics":["0x4c97694570a07277810af7e5669ffd5f6a2d6b74b6e9a274b8b870fd5114cf87","0x000000000000000000000000f24ff3a9cf04c71dbc94d0b566f7a27b94566cac"],"data":"0x0000000000000000000000000000000000000000000000000000000000000001","blockHash":"0xe1eac2f90385b746073591fa04dad0796c09bf978cc45528282d9c0fb1bf1804","blockNumber":"0x266fb8","transactionHash":"0x57ce9bc834774e2c8c727525ce4b0ef66468a7c8b13b14601e6ae6aa5ac1f36e","transactionIndex":"0x2","logIndex":"0x5","removed":false}]
logsBloom            0x00000000000000000000000000000000000000000000000040200000000000000000000000000000000000000000020000000000000000000000000000000000000000000000000000000000000000000000000000000000000000000000000000000000000000000000000000008000000000000008000000000000000000000000000000000000000000000000000000000000000000000000000000000000000000000000000000000000000000000000000000000000000000000000000000000000000000000000000001000000000000000000000000000000004000000000000000000000001000000000000000020000000000000000000000000000
root                 
status               1 (success)
transactionHash      0x57ce9bc834774e2c8c727525ce4b0ef66468a7c8b13b14601e6ae6aa5ac1f36e
transactionIndex     2
type                 2
blobGasPrice         
blobGasUsed          
to                   0x0ae9A71d608418175b06fE3B8872d75e8bE30815
--------------------------------------------
[07:15:48] [⏳] Deploying ReverseRegistrar...
[07:15:48] Args: 0x3eD22291A502318a46DE9E3d177cf90D28026aFf
[07:15:48] [⚙️] forge create contracts/reverseRegistrar/ReverseRegistrar.sol:ReverseRegistrar --account revive --password 123456 --rpc-url https://testnet-passet-hub-eth-rpc.polkadot.io --broadcast --constructor-args 0x3eD22291A502318a46DE9E3d177cf90D28026aFf
No files changed, compilation skipped
Deployer: 0xf24FF3a9CF04c71Dbc94D0b566f7A27B94566cac
Deployed to: 0x06Ed200804C77BF772a6b2450C2CcEb904526EC4
Transaction hash: 0x9c5dd627660eb0b84296917686c8f0e958d684f78063dc21a52abd744e2fa68f
[07:15:55] [✅] ReverseRegistrar at 0x06Ed200804C77BF772a6b2450C2CcEb904526EC4
[07:15:55] [🔗] TX: 0x0ae9A71d608418175b06fE3B8872d75e8bE30815 :: setSubnodeOwner(bytes32,address)(0xdec08c9dbbdd0890e300eb5062089b2d4b1c40e3673bbccb5423f7b37dcf9a9c 0xf24FF3a9CF04c71Dbc94D0b566f7A27B94566cac)

blockHash            0xf64823490d369855dfe15f709f882fd174296185cd287664a1fbb544320e2343
blockNumber          2518971
contractAddress      
cumulativeGasUsed    0
effectiveGasPrice    10000000
from                 0xf24FF3a9CF04c71Dbc94D0b566f7A27B94566cac
gasUsed              328112240
logs                 [{"address":"0x3ed22291a502318a46de9e3d177cf90d28026aff","topics":["0xce0457fe73731f824cc272376169235128c118b49d344817417c6d108d155e82","0x0000000000000000000000000000000000000000000000000000000000000000","0xdec08c9dbbdd0890e300eb5062089b2d4b1c40e3673bbccb5423f7b37dcf9a9c"],"data":"0x000000000000000000000000f24ff3a9cf04c71dbc94d0b566f7a27b94566cac","blockHash":"0xf64823490d369855dfe15f709f882fd174296185cd287664a1fbb544320e2343","blockNumber":"0x266fbb","transactionHash":"0xeadfc54283bf69cfd98d6f4af28519d7acc7b805f189b46b3adf8c41b3081780","transactionIndex":"0x2","logIndex":"0x5","removed":false}]
logsBloom            0x00000000000000000000000000000000000000000000000000000000000000400000000000000000000000000000000000000000000010000000000000000000000000000000000000000000000000000000000000000000000000000000000000000000020000000000000000000800000000000000000000000000000000000000000000000002000000000000000000000400000000000000000000000000000000000000000000000000000000000000000000000000000000040000000000000000000000000000000000004000000000000000000000000000000020000000000000020000000000000000000000000000000000000000010000000400
root                 
status               1 (success)
transactionHash      0xeadfc54283bf69cfd98d6f4af28519d7acc7b805f189b46b3adf8c41b3081780
transactionIndex     2
type                 2
blobGasPrice         
blobGasUsed          
to                   0x0ae9A71d608418175b06fE3B8872d75e8bE30815
[07:16:07] [🔗] TX: 0x3eD22291A502318a46DE9E3d177cf90D28026aFf :: setSubnodeOwner(bytes32,bytes32,address)(0xa097f6721ce401e757d1223a763fef49b8b5f90bb18567ddb86fd205dff71d34 0xe5e14487b78f85faa6e1808e89246cf57dd34831548ff2e6097380d98db2504a 0x06Ed200804C77BF772a6b2450C2CcEb904526EC4)

blockHash            0x2eaa6b5e948e3c20055f9d92489736037d46787702f64a9a5f04f845d3762f9c
blockNumber          2518972
contractAddress      
cumulativeGasUsed    0
effectiveGasPrice    10000000
from                 0xf24FF3a9CF04c71Dbc94D0b566f7A27B94566cac
gasUsed              304788450
logs                 [{"address":"0x3ed22291a502318a46de9e3d177cf90d28026aff","topics":["0xce0457fe73731f824cc272376169235128c118b49d344817417c6d108d155e82","0xa097f6721ce401e757d1223a763fef49b8b5f90bb18567ddb86fd205dff71d34","0xe5e14487b78f85faa6e1808e89246cf57dd34831548ff2e6097380d98db2504a"],"data":"0x00000000000000000000000006ed200804c77bf772a6b2450c2cceb904526ec4","blockHash":"0x2eaa6b5e948e3c20055f9d92489736037d46787702f64a9a5f04f845d3762f9c","blockNumber":"0x266fbc","transactionHash":"0x3f26b3cd97618d0b985b1faf8914077dd1809ed02d65398d054f6495f735cd31","transactionIndex":"0x2","logIndex":"0x5","removed":false}]
logsBloom            0x00000000000000000000000000000000000000000000000000800000000000000000000000000000000000000000000000000000000010000000000000000000000000000000000000000000000000000000000000000000000000000000000000000000000800000000000000000000000000000001000000000000000000000000000000000000000000000000000000000400000000000000000000000000000000000000000000000000000000000000000000000000000000040000000000000000000000000000000000004000001000000000000000000000000000000000000000020040000000000000000000000000000000000000010010000000
root                 
status               1 (success)
transactionHash      0x3f26b3cd97618d0b985b1faf8914077dd1809ed02d65398d054f6495f735cd31
transactionIndex     2
type                 2
blobGasPrice         
blobGasUsed          
to                   0x3eD22291A502318a46DE9E3d177cf90D28026aFf
--------------------------------------------
[07:16:12] [⏳] Deploying BaseRegistrarImplementation...
[07:16:12] Args: 0x3eD22291A502318a46DE9E3d177cf90D28026aFf 0x3fce7d1364a893e213bc4212792b517ffc88f5b13b86c8ef9c8d390c3a1370ce
[07:16:12] [⚙️] forge create contracts/ethregistrar/BaseRegistrarImplementation.sol:BaseRegistrarImplementation --account revive --password 123456 --rpc-url https://testnet-passet-hub-eth-rpc.polkadot.io --broadcast --constructor-args 0x3eD22291A502318a46DE9E3d177cf90D28026aFf 0x3fce7d1364a893e213bc4212792b517ffc88f5b13b86c8ef9c8d390c3a1370ce
No files changed, compilation skipped
Deployer: 0xf24FF3a9CF04c71Dbc94D0b566f7A27B94566cac
Deployed to: 0x8656ae640370c5147538A201d5BD67BD7607EE5b
Transaction hash: 0xbe0c72c455521a004863b73af7900460dcea6aa1551e86f5f4116afaf9f3a741
[07:16:19] [✅] BaseRegistrarImplementation at 0x8656ae640370c5147538A201d5BD67BD7607EE5b
[07:16:19] [🔗] TX: 0x0ae9A71d608418175b06fE3B8872d75e8bE30815 :: setSubnodeOwner(bytes32,address)(0xce159cf34380757d1932a8e4a74e85e85957b0a7a52d9c566c0a3c8d6133d0f7 0x8656ae640370c5147538A201d5BD67BD7607EE5b)

blockHash            0xc97cbc6bbe3cdc48c993057dd8c490778e752cf9bf5a26a0f1ac96acedb3a1bb
blockNumber          2518974
contractAddress      
cumulativeGasUsed    0
effectiveGasPrice    10000000
from                 0xf24FF3a9CF04c71Dbc94D0b566f7A27B94566cac
gasUsed              328112240
logs                 [{"address":"0x3ed22291a502318a46de9e3d177cf90d28026aff","topics":["0xce0457fe73731f824cc272376169235128c118b49d344817417c6d108d155e82","0x0000000000000000000000000000000000000000000000000000000000000000","0xce159cf34380757d1932a8e4a74e85e85957b0a7a52d9c566c0a3c8d6133d0f7"],"data":"0x0000000000000000000000008656ae640370c5147538a201d5bd67bd7607ee5b","blockHash":"0xc97cbc6bbe3cdc48c993057dd8c490778e752cf9bf5a26a0f1ac96acedb3a1bb","blockNumber":"0x266fbe","transactionHash":"0xbe7edb9b0bfe3c3bee237f98780353d7c4578437770bcf44a97acec04bb49d5c","transactionIndex":"0x2","logIndex":"0x5","removed":false}]
logsBloom            0x00000000000000000000000000000000000000000000000000000000000000100000000000000000000000000000000000000000000030000000000000000000000000000000000000000000000000000000000000000000000000000000000000000000020000000000000000000800000000000000000000000000000000000000000000000000000000000000080000000400000000000000000000000000000000000000000000000000000000000000000000000000000000040000000000000000000000000000000000004000000000000000000000000000000020000000000000020000000000000000000000000000000000000000010000000000
root                 
status               1 (success)
transactionHash      0xbe7edb9b0bfe3c3bee237f98780353d7c4578437770bcf44a97acec04bb49d5c
transactionIndex     2
type                 2
blobGasPrice         
blobGasUsed          
to                   0x0ae9A71d608418175b06fE3B8872d75e8bE30815
[07:16:25] [🔎] Owner of .dot node: 0x8656ae640370c5147538A201d5BD67BD7607EE5b
[07:16:25] [✅] .dot ownership verified
============================================
[07:16:25] [💰] Deploying pricing and metadata...
--------------------------------------------
[07:16:25] [⏳] Deploying DummyOracle...
[07:16:25] Args: 160000000000
[07:16:25] [⚙️] forge create contracts/ethregistrar/DummyOracle.sol:DummyOracle --account revive --password 123456 --rpc-url https://testnet-passet-hub-eth-rpc.polkadot.io --broadcast --constructor-args 160000000000
No files changed, compilation skipped
Deployer: 0xf24FF3a9CF04c71Dbc94D0b566f7A27B94566cac
Deployed to: 0x2668dCd39cfC22929EB238ce8e8dF9B9F227273d
Transaction hash: 0xf6f5a18b611938a9088e68dac47ec39c0235d70123ecc888cd49a57582d2c66d
[07:16:30] [✅] DummyOracle at 0x2668dCd39cfC22929EB238ce8e8dF9B9F227273d
--------------------------------------------
[07:16:30] [⏳] Deploying StableOracle...
[07:16:30] Args: 0x2668dCd39cfC22929EB238ce8e8dF9B9F227273d [0, 0, 3170979200, 1585489600, 317097920]
[07:16:30] [⚙️] forge create contracts/ethregistrar/StableOracle.sol:StableOracle --account revive --password 123456 --rpc-url https://testnet-passet-hub-eth-rpc.polkadot.io --broadcast --constructor-args 0x2668dCd39cfC22929EB238ce8e8dF9B9F227273d [0, 0, 3170979200, 1585489600, 317097920]
No files changed, compilation skipped
Deployer: 0xf24FF3a9CF04c71Dbc94D0b566f7A27B94566cac
Deployed to: 0x4c814B6B8692EB257ed6459349D3C292B5CCEF1f
Transaction hash: 0xf147d63780b70e61125a8d341b7b055f1dd4c58ad65df6e75cf4cb1159653e3b
[07:16:43] [✅] StableOracle at 0x4c814B6B8692EB257ed6459349D3C292B5CCEF1f
--------------------------------------------
[07:16:43] [⏳] Deploying StaticMetadataService...
[07:16:43] Args: http://localhost:8080/name/0x{id}
[07:16:43] [⚙️] forge create contracts/wrapper/StaticMetadataService.sol:StaticMetadataService --account revive --password 123456 --rpc-url https://testnet-passet-hub-eth-rpc.polkadot.io --broadcast --constructor-args http://localhost:8080/name/0x{id}
No files changed, compilation skipped
Deployer: 0xf24FF3a9CF04c71Dbc94D0b566f7A27B94566cac
Deployed to: 0x6BC0354c07c254DE7ad628faA87F764b67f7b9e1
Transaction hash: 0xec05c5ca18c49d9090093dba5da8ecc257f3f63a8d83b3b01c346cc2eeb5ed31
[07:16:55] [✅] StaticMetadataService at 0x6BC0354c07c254DE7ad628faA87F764b67f7b9e1
============================================
[07:16:55] [📦] Deploying NameWrapper and controllers...
--------------------------------------------
[07:16:55] [⏳] Deploying NameWrapper...
[07:16:55] Args: 0x3eD22291A502318a46DE9E3d177cf90D28026aFf 0x8656ae640370c5147538A201d5BD67BD7607EE5b 0x6BC0354c07c254DE7ad628faA87F764b67f7b9e1
[07:16:55] [⚙️] forge create contracts/wrapper/NameWrapper.sol:NameWrapper --account revive --password 123456 --rpc-url https://testnet-passet-hub-eth-rpc.polkadot.io --broadcast --constructor-args 0x3eD22291A502318a46DE9E3d177cf90D28026aFf 0x8656ae640370c5147538A201d5BD67BD7607EE5b 0x6BC0354c07c254DE7ad628faA87F764b67f7b9e1
No files changed, compilation skipped
Deployer: 0xf24FF3a9CF04c71Dbc94D0b566f7A27B94566cac
Deployed to: 0xfDF59995dD409EB98267e0Ccd72Bf95C5B50bA40
Transaction hash: 0xafefe5c0f9ee45f255803081e0007b66a5cd5555a5be2fbf195e16f32a721bd5
[07:17:01] [✅] NameWrapper at 0xfDF59995dD409EB98267e0Ccd72Bf95C5B50bA40
[07:17:01] [🔗] TX: 0x8656ae640370c5147538A201d5BD67BD7607EE5b :: addController(address)(0xfDF59995dD409EB98267e0Ccd72Bf95C5B50bA40)

blockHash            0xe84f9b4e3b8d9f57e2ff260476d69cae31bc61fddc5f4bd12e57e8a8952f815b
blockNumber          2518981
contractAddress      
cumulativeGasUsed    0
effectiveGasPrice    10000000
from                 0xf24FF3a9CF04c71Dbc94D0b566f7A27B94566cac
gasUsed              239788450
logs                 [{"address":"0x8656ae640370c5147538a201d5bd67bd7607ee5b","topics":["0x0a8bb31534c0ed46f380cb867bd5c803a189ced9a764e30b3a4991a9901d7474","0x000000000000000000000000fdf59995dd409eb98267e0ccd72bf95c5b50ba40"],"data":"0x","blockHash":"0xe84f9b4e3b8d9f57e2ff260476d69cae31bc61fddc5f4bd12e57e8a8952f815b","blockNumber":"0x266fc5","transactionHash":"0x108e7179af280dc74711261a4bf867217f854eeb9cbbf19c99f0a7773466821b","transactionIndex":"0x2","logIndex":"0x5","removed":false}]
logsBloom            0x00000000000000000000000000000000001000000400000000000000000000000000000000000000000000000004000000000000000000000000000000000010000000000000000000000000000000000000000000000000000000000000000000000000000000000000000000000000008000000000000000000000000080000000000000000000000000000000000000000000000000000000000000000000000000000000000000000000000000000000000000000000000400000000000000000000000000000000000000000000000000000000000000000000000000001000000000000000000000000000000000000000000000000000000000080000
root                 
status               1 (success)
transactionHash      0x108e7179af280dc74711261a4bf867217f854eeb9cbbf19c99f0a7773466821b
transactionIndex     2
type                 2
blobGasPrice         
blobGasUsed          
to                   0x8656ae640370c5147538A201d5BD67BD7607EE5b
--------------------------------------------
[07:17:07] [⏳] Deploying DefaultReverseRegistrar...
[07:17:07] No args
[07:17:07] [⚙️] forge create contracts/reverseRegistrar/DefaultReverseRegistrar.sol:DefaultReverseRegistrar --account revive --password 123456 --rpc-url https://testnet-passet-hub-eth-rpc.polkadot.io --broadcast
No files changed, compilation skipped
Deployer: 0xf24FF3a9CF04c71Dbc94D0b566f7A27B94566cac
Deployed to: 0x8fe9b1DF91e204c74446670c7C8Bd7Dd441A9a2F
Transaction hash: 0x80264d5aebf3ca802f9b551ec3482625a77d411f12344ac5b13c0ca8b5ca37e6
[07:17:13] [✅] DefaultReverseRegistrar at 0x8fe9b1DF91e204c74446670c7C8Bd7Dd441A9a2F
--------------------------------------------
[07:17:13] [⏳] Deploying ETHRegistrarController...
[07:17:13] Args: 0x8656ae640370c5147538A201d5BD67BD7607EE5b 0x4c814B6B8692EB257ed6459349D3C292B5CCEF1f 6 86400 0x06Ed200804C77BF772a6b2450C2CcEb904526EC4 0x8fe9b1DF91e204c74446670c7C8Bd7Dd441A9a2F 0x3eD22291A502318a46DE9E3d177cf90D28026aFf
[07:17:13] [⚙️] forge create contracts/ethregistrar/ETHRegistrarController.sol:ETHRegistrarController --account revive --password 123456 --rpc-url https://testnet-passet-hub-eth-rpc.polkadot.io --broadcast --constructor-args 0x8656ae640370c5147538A201d5BD67BD7607EE5b 0x4c814B6B8692EB257ed6459349D3C292B5CCEF1f 6 86400 0x06Ed200804C77BF772a6b2450C2CcEb904526EC4 0x8fe9b1DF91e204c74446670c7C8Bd7Dd441A9a2F 0x3eD22291A502318a46DE9E3d177cf90D28026aFf
No files changed, compilation skipped
Deployer: 0xf24FF3a9CF04c71Dbc94D0b566f7A27B94566cac
Deployed to: 0xCe0Cb781864d16C97376E63392B5DFf8C7d2EDda
Transaction hash: 0x8aa4fbd5b53d4ce07527aed674ab7552ed29f6ff54c34bd283d2909ff61f8cf8
[07:17:19] [✅] ETHRegistrarController at 0xCe0Cb781864d16C97376E63392B5DFf8C7d2EDda
[07:17:19] [🔗] TX: 0x4c814B6B8692EB257ed6459349D3C292B5CCEF1f :: updateEthRegistry(address)(0xCe0Cb781864d16C97376E63392B5DFf8C7d2EDda)

blockHash            0x0144eba4187f05bda05a924094128244a4ae455cb1000f3c78ffaaa50c7add84
blockNumber          2518984
contractAddress      
cumulativeGasUsed    0
effectiveGasPrice    10000000
from                 0xf24FF3a9CF04c71Dbc94D0b566f7A27B94566cac
gasUsed              239788450
logs                 [{"address":"0x4c814b6b8692eb257ed6459349d3c292b5ccef1f","topics":["0x482b97c53e48ffa324a976e2738053e9aff6eee04d8aac63b10e19411d869b82","0x0000000000000000000000000000000000000000000000000000000000000000","0x000000000000000000000000ce0cb781864d16c97376e63392b5dff8c7d2edda"],"data":"0x","blockHash":"0x0144eba4187f05bda05a924094128244a4ae455cb1000f3c78ffaaa50c7add84","blockNumber":"0x266fc8","transactionHash":"0x23429d365b2c61b36804144b04aa5d5e868bb682557de60c0602daf919fc7ee3","transactionIndex":"0x2","logIndex":"0x5","removed":false}]
logsBloom            0x00000000000000000000000000000000000000000000000000000000000000000000000000000000000000000000000000000000000000010000000000000000000000000000000000000000000000000000000000000000000000000000000000000000020000080000000000000840000000000000000000000000000000000000000000000000000000000000000140000000000000000000000000000000000000000000000000000000000000000000000000000000000000000000000000000000200000000000000000000000000000000000000400000000000020000000000000000000800000000080000000000000000000000000000000000000
root                 
status               1 (success)
transactionHash      0x23429d365b2c61b36804144b04aa5d5e868bb682557de60c0602daf919fc7ee3
transactionIndex     2
type                 2
blobGasPrice         
blobGasUsed          
to                   0x4c814B6B8692EB257ed6459349D3C292B5CCEF1f
[07:17:24] [🔗] TX: 0x8656ae640370c5147538A201d5BD67BD7607EE5b :: addController(address)(0xCe0Cb781864d16C97376E63392B5DFf8C7d2EDda)

blockHash            0x1ed6ef4f2de0fbc4055ffbd451f0e01bec39231b98a914be0105c461dbcd5a7f
blockNumber          2518985
contractAddress      
cumulativeGasUsed    0
effectiveGasPrice    10000000
from                 0xf24FF3a9CF04c71Dbc94D0b566f7A27B94566cac
gasUsed              239788450
logs                 [{"address":"0x8656ae640370c5147538a201d5bd67bd7607ee5b","topics":["0x0a8bb31534c0ed46f380cb867bd5c803a189ced9a764e30b3a4991a9901d7474","0x000000000000000000000000ce0cb781864d16c97376e63392b5dff8c7d2edda"],"data":"0x","blockHash":"0x1ed6ef4f2de0fbc4055ffbd451f0e01bec39231b98a914be0105c461dbcd5a7f","blockNumber":"0x266fc9","transactionHash":"0x6e6899a43ec04c19818bcc9b62a5316cbaa2b6c7d1657aa80f97efb80b55b6f3","transactionIndex":"0x2","logIndex":"0x5","removed":false}]
logsBloom            0x00000000000000000000000000000000000000000400000000000000000000000000000000000000000000000000000000000000000000000000000000000010000000000000000000000000000000000000000000000000000000000000000000000000000000000000000000000040008000000000000000000000000080000000000000000000000000000000000100000000000000000000000000000000000000000000000000000000000000000000000000000000000400000000000000000000000000000000000000000000000000000000000400000000000000000000000000000000000000000000000000000000000000000000000000080000
root                 
status               1 (success)
transactionHash      0x6e6899a43ec04c19818bcc9b62a5316cbaa2b6c7d1657aa80f97efb80b55b6f3
transactionIndex     2
type                 2
blobGasPrice         
blobGasUsed          
to                   0x8656ae640370c5147538A201d5BD67BD7607EE5b
[07:17:31] [🔗] TX: 0xfDF59995dD409EB98267e0Ccd72Bf95C5B50bA40 :: setController(address,bool)(0xCe0Cb781864d16C97376E63392B5DFf8C7d2EDda true)

blockHash            0xc7a81e828b57b88c4586070b3417d37931d27dddc35567c5e6542c567c5dcb2a
blockNumber          2518987
contractAddress      
cumulativeGasUsed    0
effectiveGasPrice    10000000
from                 0xf24FF3a9CF04c71Dbc94D0b566f7A27B94566cac
gasUsed              272788450
logs                 [{"address":"0xfdf59995dd409eb98267e0ccd72bf95c5b50ba40","topics":["0x4c97694570a07277810af7e5669ffd5f6a2d6b74b6e9a274b8b870fd5114cf87","0x000000000000000000000000ce0cb781864d16c97376e63392b5dff8c7d2edda"],"data":"0x0000000000000000000000000000000000000000000000000000000000000001","blockHash":"0xc7a81e828b57b88c4586070b3417d37931d27dddc35567c5e6542c567c5dcb2a","blockNumber":"0x266fcb","transactionHash":"0x7e1c3ca4fb541de05580448e6d11e69f0dcc720b03f69bc09de7e174c5294c6c","transactionIndex":"0x2","logIndex":"0x5","removed":false}]
logsBloom            0x00000000000000000000000000000000000000000000000000000000000000000000000000000000000000000000000000000000000000000000000000000000000000000000000000000000000000001000000000000000000000000000000000001000000000000000000000008040000000000000000000000000000000000000000000000000000000000000000100000000000000000000000000000000000000000000000000000000000000000000000000000000000000000000000000000000000000000000000000000000008000000000000400000000004000000000000000000000001000000000000000000000000000000000000000000000
root                 
status               1 (success)
transactionHash      0x7e1c3ca4fb541de05580448e6d11e69f0dcc720b03f69bc09de7e174c5294c6c
transactionIndex     2
type                 2
blobGasPrice         
blobGasUsed          
to                   0xfDF59995dD409EB98267e0Ccd72Bf95C5B50bA40
[07:17:43] [🔗] TX: 0x06Ed200804C77BF772a6b2450C2CcEb904526EC4 :: setController(address,bool)(0xCe0Cb781864d16C97376E63392B5DFf8C7d2EDda true)

blockHash            0x950fe1d215da49177b9884dee34404cf17c1b7e15f34d9e05d7aa01888c98a3d
blockNumber          2518988
contractAddress      
cumulativeGasUsed    0
effectiveGasPrice    10000000
from                 0xf24FF3a9CF04c71Dbc94D0b566f7A27B94566cac
gasUsed              272788450
logs                 [{"address":"0x06ed200804c77bf772a6b2450c2cceb904526ec4","topics":["0x4c97694570a07277810af7e5669ffd5f6a2d6b74b6e9a274b8b870fd5114cf87","0x000000000000000000000000ce0cb781864d16c97376e63392b5dff8c7d2edda"],"data":"0x0000000000000000000000000000000000000000000000000000000000000001","blockHash":"0x950fe1d215da49177b9884dee34404cf17c1b7e15f34d9e05d7aa01888c98a3d","blockNumber":"0x266fcc","transactionHash":"0x60ee7ae74caff519910252e565c09b18afa7914144b4f1140024ccec504fba4f","transactionIndex":"0x2","logIndex":"0x5","removed":false}]
logsBloom            0x00000000000000000000000000000000000000000000000000000000000000000000000000000000000000000000000000000000000000000000000000000000200000000000000000000000000000000000000000000000000000000000000000000000000000000000000000008040000000000000000000000000000000000000000000000000000000000000004100000000000000000000000000000000000000000000000000000000000000000000000000000000000000000000000000800000000000000000000000000000000000000000000400000000004000000000000000000000001000000000000000000000000000000000000000000000
root                 
status               1 (success)
transactionHash      0x60ee7ae74caff519910252e565c09b18afa7914144b4f1140024ccec504fba4f
transactionIndex     2
type                 2
blobGasPrice         
blobGasUsed          
to                   0x06Ed200804C77BF772a6b2450C2CcEb904526EC4
============================================
[07:17:49] [🔧] Deploying additional contracts...
--------------------------------------------
[07:17:49] [⏳] Deploying StaticBulkRenewal...
[07:17:49] Args: 0xCe0Cb781864d16C97376E63392B5DFf8C7d2EDda
[07:17:49] [⚙️] forge create contracts/ethregistrar/StaticBulkRenewal.sol:StaticBulkRenewal --account revive --password 123456 --rpc-url https://testnet-passet-hub-eth-rpc.polkadot.io --broadcast --constructor-args 0xCe0Cb781864d16C97376E63392B5DFf8C7d2EDda
No files changed, compilation skipped
Deployer: 0xf24FF3a9CF04c71Dbc94D0b566f7A27B94566cac
Deployed to: 0xbeB55DD49B8ADAAe144a1f27C79f65De592958E9
Transaction hash: 0x28a87cbab997c4a4ad303091301e220914572bc9b568877a61f4ae2c671fbd62
[07:17:55] [✅] StaticBulkRenewal at 0xbeB55DD49B8ADAAe144a1f27C79f65De592958E9
--------------------------------------------
[07:17:55] [⏳] Deploying PublicResolver...
[07:17:55] Args: 0x3eD22291A502318a46DE9E3d177cf90D28026aFf 0xfDF59995dD409EB98267e0Ccd72Bf95C5B50bA40 0xCe0Cb781864d16C97376E63392B5DFf8C7d2EDda 0x06Ed200804C77BF772a6b2450C2CcEb904526EC4
[07:17:55] [⚙️] forge create contracts/resolvers/PublicResolver.sol:PublicResolver --account revive --password 123456 --rpc-url https://testnet-passet-hub-eth-rpc.polkadot.io --broadcast --constructor-args 0x3eD22291A502318a46DE9E3d177cf90D28026aFf 0xfDF59995dD409EB98267e0Ccd72Bf95C5B50bA40 0xCe0Cb781864d16C97376E63392B5DFf8C7d2EDda 0x06Ed200804C77BF772a6b2450C2CcEb904526EC4
No files changed, compilation skipped
Deployer: 0xf24FF3a9CF04c71Dbc94D0b566f7A27B94566cac
Deployed to: 0xdd9e8A87BaA5b8c6a34e3F9efDc9B0a4A4819822
Transaction hash: 0x1d9ff417141c38bf8b06c7edc3a216306f2cb1e4273c59593387bf8b3704760b
[07:18:02] [✅] PublicResolver at 0xdd9e8A87BaA5b8c6a34e3F9efDc9B0a4A4819822
[07:18:02] [🔗] TX: 0x06Ed200804C77BF772a6b2450C2CcEb904526EC4 :: setDefaultResolver(address)(0xdd9e8A87BaA5b8c6a34e3F9efDc9B0a4A4819822)

blockHash            0x8ec232189c74220826d980afbea9a9a6c38d53b4d6110694cb63d29fde507b0d
blockNumber          2518991
contractAddress      
cumulativeGasUsed    0
effectiveGasPrice    10000000
from                 0xf24FF3a9CF04c71Dbc94D0b566f7A27B94566cac
gasUsed              239788450
logs                 [{"address":"0x06ed200804c77bf772a6b2450c2cceb904526ec4","topics":["0xeae17a84d9eb83d8c8eb317f9e7d64857bc363fa51674d996c023f4340c577cf","0x000000000000000000000000dd9e8a87baa5b8c6a34e3f9efdc9b0a4a4819822"],"data":"0x","blockHash":"0x8ec232189c74220826d980afbea9a9a6c38d53b4d6110694cb63d29fde507b0d","blockNumber":"0x266fcf","transactionHash":"0x0c49f6da2a4a4a2853feb397e8fc0ec57bb5f25b91e77ecad11dd1381228fda4","transactionIndex":"0x2","logIndex":"0x5","removed":false}]
logsBloom            0x00000000000000000000000000000000000000000000000000000000000000000000000000000000000000000000000000000000000000000000000000000000200000000000000000000000000040000000000000000000000000010000000000000000000000000000000000000000000000000000000000000000000000000000000000000000000000000000004000000000000004000000000000001000000000000000000000000000000000000000000000000000000000800000000000800000000000000000000000000000000000000000000000000000000000000000000000000000080000000000000000000000000000000000000000000000
root                 
status               1 (success)
transactionHash      0x0c49f6da2a4a4a2853feb397e8fc0ec57bb5f25b91e77ecad11dd1381228fda4
transactionIndex     2
type                 2
blobGasPrice         
blobGasUsed          
to                   0x06Ed200804C77BF772a6b2450C2CcEb904526EC4
--------------------------------------------
[07:18:08] [⏳] Deploying GatewayProvider...
[07:18:08] Args: 0xf24FF3a9CF04c71Dbc94D0b566f7A27B94566cac ["http://universal-offchain-resolver.local/"]
[07:18:08] [⚙️] forge create contracts/ccipRead/GatewayProvider.sol:GatewayProvider --account revive --password 123456 --rpc-url https://testnet-passet-hub-eth-rpc.polkadot.io --broadcast --constructor-args 0xf24FF3a9CF04c71Dbc94D0b566f7A27B94566cac ["http://universal-offchain-resolver.local/"]
No files changed, compilation skipped
Deployer: 0xf24FF3a9CF04c71Dbc94D0b566f7A27B94566cac
Deployed to: 0xaAd9E1e3C954fB00c2c9d095018e18dee4781B41
Transaction hash: 0x56929f4b21f96310cbcd5677ca2e7206334318fc164febd219d58e9b0e3c6522
[07:18:19] [✅] GatewayProvider at 0xaAd9E1e3C954fB00c2c9d095018e18dee4781B41
--------------------------------------------
[07:18:19] [⏳] Deploying UniversalResolver...
[07:18:19] Args: 0xf24FF3a9CF04c71Dbc94D0b566f7A27B94566cac 0x3eD22291A502318a46DE9E3d177cf90D28026aFf 0xaAd9E1e3C954fB00c2c9d095018e18dee4781B41
[07:18:19] [⚙️] forge create contracts/universalResolver/UniversalResolver.sol:UniversalResolver --account revive --password 123456 --rpc-url https://testnet-passet-hub-eth-rpc.polkadot.io --broadcast --constructor-args 0xf24FF3a9CF04c71Dbc94D0b566f7A27B94566cac 0x3eD22291A502318a46DE9E3d177cf90D28026aFf 0xaAd9E1e3C954fB00c2c9d095018e18dee4781B41
No files changed, compilation skipped
Deployer: 0xf24FF3a9CF04c71Dbc94D0b566f7A27B94566cac
Deployed to: 0x41B24c8C8e4568B3eAB0e6B5F2e41b46e32F6035
Transaction hash: 0x241a66e031629fb42c66942cba52f76e46a715f9106e4d494bec643cecdc011c
[07:18:25] [✅] UniversalResolver at 0x41B24c8C8e4568B3eAB0e6B5F2e41b46e32F6035
[07:18:25] [🔗] TX: 0x3eD22291A502318a46DE9E3d177cf90D28026aFf :: setApprovalForAll(address,bool)(0xCe0Cb781864d16C97376E63392B5DFf8C7d2EDda true)

blockHash            0xb5d8ef6d3d6c0afbc789c88741c06cc666156cd57b6c2d75d6ea8d101142bcf6
blockNumber          2518995
contractAddress      
cumulativeGasUsed    0
effectiveGasPrice    10000000
from                 0xf24FF3a9CF04c71Dbc94D0b566f7A27B94566cac
gasUsed              257088680
logs                 [{"address":"0x3ed22291a502318a46de9e3d177cf90d28026aff","topics":["0x17307eab39ab6107e8899845ad3d59bd9653f200f220920489ca2b5937696c31","0x000000000000000000000000f24ff3a9cf04c71dbc94d0b566f7a27b94566cac","0x000000000000000000000000ce0cb781864d16c97376e63392b5dff8c7d2edda"],"data":"0x0000000000000000000000000000000000000000000000000000000000000001","blockHash":"0xb5d8ef6d3d6c0afbc789c88741c06cc666156cd57b6c2d75d6ea8d101142bcf6","blockNumber":"0x266fd3","transactionHash":"0x2e67039b7a02e5ea76b36e3a91b47836a7e893f4a3806989745bb2e550af17d0","transactionIndex":"0x2","logIndex":"0x5","removed":false}]
logsBloom            0x00000000000000000000000000000000000000000000000040000000000000000000000000000000000000000000000000000000000000000000000000000000000000000000000000000000000000000000000000000000000000000000000002000000000000000000000000000040000000000008000000000000000000000000000000000000000000000000000100000400000000000000000000000000000000000000000000000000000000000000000000000000000000000000000000000000000000000000000000000000000000000000000400000000000000000000200800020000000000000000000000020000000000000000010000000000
root                 
status               1 (success)
transactionHash      0x2e67039b7a02e5ea76b36e3a91b47836a7e893f4a3806989745bb2e550af17d0
transactionIndex     2
type                 2
blobGasPrice         
blobGasUsed          
to                   0x3eD22291A502318a46DE9E3d177cf90D28026aFf
[07:18:31] [🔗] TX: 0x8656ae640370c5147538A201d5BD67BD7607EE5b :: setResolver(address)(0xdd9e8A87BaA5b8c6a34e3F9efDc9B0a4A4819822)

blockHash            0x6540e67a8b045e0cbb3cb5d7d10c140603e252b04c5ec02a7a9de5969f6ec3e5
blockNumber          2518996
contractAddress      
cumulativeGasUsed    0
effectiveGasPrice    10000000
from                 0xf24FF3a9CF04c71Dbc94D0b566f7A27B94566cac
gasUsed              301124200
logs                 [{"address":"0x3ed22291a502318a46de9e3d177cf90d28026aff","topics":["0x335721b01866dc23fbee8b6b2c7b1e14d6f05c28cd35a2c934239f94095602a0","0x3fce7d1364a893e213bc4212792b517ffc88f5b13b86c8ef9c8d390c3a1370ce"],"data":"0x000000000000000000000000dd9e8a87baa5b8c6a34e3f9efdc9b0a4a4819822","blockHash":"0x6540e67a8b045e0cbb3cb5d7d10c140603e252b04c5ec02a7a9de5969f6ec3e5","blockNumber":"0x266fd4","transactionHash":"0xb5fc658f2ffe8f9297a2c16e483409ad3c2aa0f0144e5ac25728b4e414c4e048","transactionIndex":"0x2","logIndex":"0x5","removed":false}]
logsBloom            0x00000000000000000000000000000000000000000000000000000000000000000000000000000000000000000080000000000000000000000000000000020010000000000000000040000000000000000000000000000000000000000000000000000000000000000000000000000000000000000000000000000000000000000000000000000000000000000000000000000400000000000000000000000000000000000000000000000000000000000004000000000000000000000000000000000000000000000000000000000010000000000000000000000000000000000000000000020000000000000000000000000000000000000000010000000000
root                 
status               1 (success)
transactionHash      0xb5fc658f2ffe8f9297a2c16e483409ad3c2aa0f0144e5ac25728b4e414c4e048
transactionIndex     2
type                 2
blobGasPrice         
blobGasUsed          
to                   0x8656ae640370c5147538A201d5BD67BD7607EE5b
============================================
[07:18:36] [🛠️] Deploying utilities...
--------------------------------------------
[07:18:36] [⏳] Deploying StoreFactory...
[07:18:36] No args
[07:18:36] [⚙️] forge create contracts/utils/StoreFactory.sol:StoreFactory --account revive --password 123456 --rpc-url https://testnet-passet-hub-eth-rpc.polkadot.io --broadcast
No files changed, compilation skipped
Deployer: 0xf24FF3a9CF04c71Dbc94D0b566f7A27B94566cac
Deployed to: 0x50a5b98271465847104Ef23fc4A6C7C4Dd7cB493
Transaction hash: 0x093f8de8786c76e6a821f817cdee2d508b5bb4fe71695aaf38d57a0298e855db
[07:18:42] [✅] StoreFactory at 0x50a5b98271465847104Ef23fc4A6C7C4Dd7cB493
--------------------------------------------
[07:18:42] [⏳] Deploying DotnsRegistrar...
[07:18:42] Args: 0xCe0Cb781864d16C97376E63392B5DFf8C7d2EDda 0x3eD22291A502318a46DE9E3d177cf90D28026aFf 0x50a5b98271465847104Ef23fc4A6C7C4Dd7cB493
[07:18:42] [⚙️] forge create contracts/utils/DotnsRegistrar.sol:DotnsRegistrar --account revive --password 123456 --rpc-url https://testnet-passet-hub-eth-rpc.polkadot.io --broadcast --constructor-args 0xCe0Cb781864d16C97376E63392B5DFf8C7d2EDda 0x3eD22291A502318a46DE9E3d177cf90D28026aFf 0x50a5b98271465847104Ef23fc4A6C7C4Dd7cB493
No files changed, compilation skipped
Deployer: 0xf24FF3a9CF04c71Dbc94D0b566f7A27B94566cac
Deployed to: 0x2109a263D7042C029304A2C2092565290a6c2C85
Transaction hash: 0xd01c5490dfa558e8ff41d3c6dbfa9a2c97ee372655087c92a1e52946a9954b11
[07:19:01] [✅] DotnsRegistrar at 0x2109a263D7042C029304A2C2092565290a6c2C85
--------------------------------------------
[07:19:01] [⏳] Deploying Multicall3...
[07:19:01] No args
[07:19:01] [⚙️] forge create contracts/utils/Multicall3.sol:Multicall3 --account revive --password 123456 --rpc-url https://testnet-passet-hub-eth-rpc.polkadot.io --broadcast
No files changed, compilation skipped
Deployer: 0xf24FF3a9CF04c71Dbc94D0b566f7A27B94566cac
Deployed to: 0x8e8E7a7b129aec1677aac9d75864678ACba30221
Transaction hash: 0x7e70bbde3f403e192c574b08fdf4ad3800cecd34e39033827a5c9248895dc22e
[07:19:07] [✅] Multicall3 at 0x8e8E7a7b129aec1677aac9d75864678ACba30221
============================================
[07:19:07] [🔍] Running final verification...
[07:19:08] [✅] Verification passed: .dot TLD owned by BaseRegistrar
============================================
[07:19:08] [🏁] Deployment script completed successfully.
