[15:55:49] [🔨] Building contracts...
Nothing to compile
[15:55:50] [✅] Build done.
[15:55:50] [📋] Labels and nodes:
[15:55:50]   reverse label: 0xdec08c9dbbdd0890e300eb5062089b2d4b1c40e3673bbccb5423f7b37dcf9a9c
[15:55:50]   reverse node:  0xa097f6721ce401e757d1223a763fef49b8b5f90bb18567ddb86fd205dff71d34
[15:55:50]   addr label:    0xe5e14487b78f85faa6e1808e89246cf57dd34831548ff2e6097380d98db2504a
[15:55:50]   dot label:     0xce159cf34380757d1932a8e4a74e85e85957b0a7a52d9c566c0a3c8d6133d0f7
[15:55:50]   dot node:      0x3fce7d1364a893e213bc4212792b517ffc88f5b13b86c8ef9c8d390c3a1370ce
============================================
[15:55:50] [🏗️] Deploying core ENS infrastructure...
--------------------------------------------
[15:55:50] [⏳] Deploying ENSRegistry...
[15:55:50] No args
[15:55:50] [⚙️] forge create contracts/registry/ENSRegistry.sol:ENSRegistry --account revive --password 123456 --rpc-url https://testnet-passet-hub-eth-rpc.polkadot.io --broadcast
No files changed, compilation skipped
Deployer: 0xf24FF3a9CF04c71Dbc94D0b566f7A27B94566cac
Deployed to: 0xe2fB8d393D3A257F709A3a96d234950d00626fa5
Transaction hash: 0x76273e08157ad224decfc7923ff5bbe65d7a16aef8e6387c66dbdb9384151bb5
[15:55:56] [✅] ENSRegistry at 0xe2fB8d393D3A257F709A3a96d234950d00626fa5
--------------------------------------------
[15:55:57] [⏳] Deploying Root...
[15:55:57] Args: 0xe2fB8d393D3A257F709A3a96d234950d00626fa5
[15:55:57] [⚙️] forge create contracts/root/Root.sol:Root --account revive --password 123456 --rpc-url https://testnet-passet-hub-eth-rpc.polkadot.io --broadcast --constructor-args 0xe2fB8d393D3A257F709A3a96d234950d00626fa5
No files changed, compilation skipped
Deployer: 0xf24FF3a9CF04c71Dbc94D0b566f7A27B94566cac
Deployed to: 0x6a515227BdBA8728a146F1b9e5DA4171FF5Db52e
Transaction hash: 0x19742bd27d4518e80cb73a18b47490299d31ec3f5e6a9a2b367b678a96fc312a
[15:56:02] [✅] Root at 0x6a515227BdBA8728a146F1b9e5DA4171FF5Db52e
[15:56:02] [🔗] TX: 0xe2fB8d393D3A257F709A3a96d234950d00626fa5 :: setOwner(bytes32,address)(0x0000000000000000000000000000000000000000000000000000000000000000 0x6a515227BdBA8728a146F1b9e5DA4171FF5Db52e)

blockHash            0x14384cc4bc308b031e392bfe387d8d442d6e1fe39a032007023d58d1dba1233c
blockNumber          2071159
contractAddress      
cumulativeGasUsed    0
effectiveGasPrice    10000000
from                 0xf24FF3a9CF04c71Dbc94D0b566f7A27B94566cac
gasUsed              271837280
logs                 [{"address":"0xe2fb8d393d3a257f709a3a96d234950d00626fa5","topics":["0xd4735d920b0f87494915f556dd9b54c8f309026070caea5c737245152564d266","0x0000000000000000000000000000000000000000000000000000000000000000"],"data":"0x0000000000000000000000006a515227bdba8728a146f1b9e5da4171ff5db52e","blockHash":"0x14384cc4bc308b031e392bfe387d8d442d6e1fe39a032007023d58d1dba1233c","blockNumber":"0x1f9a77","transactionHash":"0x0cfd85ea84fa6b49c0809074a897b8def9cc2bc84eba4064430c59b11eea5a53","transactionIndex":"0x2","logIndex":"0x5","removed":false}]
logsBloom            0x00000000000000000000020000000000000000000100000000000000000000000000000000000000000000000000000000000000000000000000000000000000000000000000000000000000000000000000000000000000000000000000000000000000020000000000000000000800000000000000000008000000000000000000000000000000000100000000000000000000000000000000000000000000000000000000000000000002000000000000000000000000020000000000000000000000000000000000000000000000000000000000000000000000000020000000000000000000000000000000000000000000000000000000000000000000
root                 
status               1 (success)
transactionHash      0x0cfd85ea84fa6b49c0809074a897b8def9cc2bc84eba4064430c59b11eea5a53
transactionIndex     2
type                 2
blobGasPrice         
blobGasUsed          
to                   0xe2fB8d393D3A257F709A3a96d234950d00626fa5
[15:56:08] [🔗] TX: 0x6a515227BdBA8728a146F1b9e5DA4171FF5Db52e :: setController(address,bool)(0xf24FF3a9CF04c71Dbc94D0b566f7A27B94566cac true)

blockHash            0xa38f8ff5da0a8819575c79132615072d9781ceb20f336ba0dce72100db8857b3
blockNumber          2071160
contractAddress      
cumulativeGasUsed    0
effectiveGasPrice    10000000
from                 0xf24FF3a9CF04c71Dbc94D0b566f7A27B94566cac
gasUsed              272788450
logs                 [{"address":"0x6a515227bdba8728a146f1b9e5da4171ff5db52e","topics":["0x4c97694570a07277810af7e5669ffd5f6a2d6b74b6e9a274b8b870fd5114cf87","0x000000000000000000000000f24ff3a9cf04c71dbc94d0b566f7a27b94566cac"],"data":"0x0000000000000000000000000000000000000000000000000000000000000001","blockHash":"0xa38f8ff5da0a8819575c79132615072d9781ceb20f336ba0dce72100db8857b3","blockNumber":"0x1f9a78","transactionHash":"0x94609feb9e92d18f15fa70f546f3856ea3aa6a87a99c2e15e9baf6c84f2bcd52","transactionIndex":"0x2","logIndex":"0x5","removed":false}]
logsBloom            0x00000000000000000000000000000000000000000002000040000000000000000000000020000000000000000000000000000000000000000000000000000000000000000000000000000000000000000000000000000000000000000000000000000000000000000000000000008000000000000008000000000000000000000000000000000000040000000000000000000000000000000000000000000000000000000000000000000000000000000000000000000000000000000000000000000000000000000000000000000000000000000000000000000000004000000000000000000000001000000000000000020000000000000000000000000000
root                 
status               1 (success)
transactionHash      0x94609feb9e92d18f15fa70f546f3856ea3aa6a87a99c2e15e9baf6c84f2bcd52
transactionIndex     2
type                 2
blobGasPrice         
blobGasUsed          
to                   0x6a515227BdBA8728a146F1b9e5DA4171FF5Db52e
--------------------------------------------
[15:56:12] [⏳] Deploying ReverseRegistrar...
[15:56:12] Args: 0xe2fB8d393D3A257F709A3a96d234950d00626fa5
[15:56:13] [⚙️] forge create contracts/reverseRegistrar/ReverseRegistrar.sol:ReverseRegistrar --account revive --password 123456 --rpc-url https://testnet-passet-hub-eth-rpc.polkadot.io --broadcast --constructor-args 0xe2fB8d393D3A257F709A3a96d234950d00626fa5
No files changed, compilation skipped
Deployer: 0xf24FF3a9CF04c71Dbc94D0b566f7A27B94566cac
Deployed to: 0xFf61Ee76A91b9cbCf74cE142B1b89b778D924e97
Transaction hash: 0x858c89280da36f9980df7f14da2d3b93e68938bd510f97c5dd2560c8bf4386e4
[15:56:19] [✅] ReverseRegistrar at 0xFf61Ee76A91b9cbCf74cE142B1b89b778D924e97
[15:56:19] [🔗] TX: 0x6a515227BdBA8728a146F1b9e5DA4171FF5Db52e :: setSubnodeOwner(bytes32,address)(0xdec08c9dbbdd0890e300eb5062089b2d4b1c40e3673bbccb5423f7b37dcf9a9c 0xf24FF3a9CF04c71Dbc94D0b566f7A27B94566cac)

blockHash            0x1518e89e7c6b6d324d31757006f313af4eb06156f2a20bf27f6ee915cb2b53e7
blockNumber          2071162
contractAddress      
cumulativeGasUsed    0
effectiveGasPrice    10000000
from                 0xf24FF3a9CF04c71Dbc94D0b566f7A27B94566cac
gasUsed              328112240
logs                 [{"address":"0xe2fb8d393d3a257f709a3a96d234950d00626fa5","topics":["0xce0457fe73731f824cc272376169235128c118b49d344817417c6d108d155e82","0x0000000000000000000000000000000000000000000000000000000000000000","0xdec08c9dbbdd0890e300eb5062089b2d4b1c40e3673bbccb5423f7b37dcf9a9c"],"data":"0x000000000000000000000000f24ff3a9cf04c71dbc94d0b566f7a27b94566cac","blockHash":"0x1518e89e7c6b6d324d31757006f313af4eb06156f2a20bf27f6ee915cb2b53e7","blockNumber":"0x1f9a7a","transactionHash":"0x3e322ca489701f108f4afae06198e82f91966b4c69896b3ac88dbd2c15f12535","transactionIndex":"0x2","logIndex":"0x5","removed":false}]
logsBloom            0x00000000000000000000000000000000000000000000000000000000000000400000000000000000000000000000000000000000000010000000000000000000000000000000000000000000000000000000000000000000000000000000000000000000020000000000000000000800000000000000000008000000000000000000000000000002000000000000000000000000000000000000000000000000000000000000000000000002000000000000000000000000020000040000000000000000000000000000000000004000000000000000000000000000000020000000000000000000000000000000000000000000000000000000000000000400
root                 
status               1 (success)
transactionHash      0x3e322ca489701f108f4afae06198e82f91966b4c69896b3ac88dbd2c15f12535
transactionIndex     2
type                 2
blobGasPrice         
blobGasUsed          
to                   0x6a515227BdBA8728a146F1b9e5DA4171FF5Db52e
[15:56:25] [🔗] TX: 0xe2fB8d393D3A257F709A3a96d234950d00626fa5 :: setSubnodeOwner(bytes32,bytes32,address)(0xa097f6721ce401e757d1223a763fef49b8b5f90bb18567ddb86fd205dff71d34 0xe5e14487b78f85faa6e1808e89246cf57dd34831548ff2e6097380d98db2504a 0xFf61Ee76A91b9cbCf74cE142B1b89b778D924e97)

blockHash            0x36c9bdba348b92a62fac1ffc58ab49b1658f99382605b75386061b27ba319199
blockNumber          2071163
contractAddress      
cumulativeGasUsed    0
effectiveGasPrice    10000000
from                 0xf24FF3a9CF04c71Dbc94D0b566f7A27B94566cac
gasUsed              304788450
logs                 [{"address":"0xe2fb8d393d3a257f709a3a96d234950d00626fa5","topics":["0xce0457fe73731f824cc272376169235128c118b49d344817417c6d108d155e82","0xa097f6721ce401e757d1223a763fef49b8b5f90bb18567ddb86fd205dff71d34","0xe5e14487b78f85faa6e1808e89246cf57dd34831548ff2e6097380d98db2504a"],"data":"0x000000000000000000000000ff61ee76a91b9cbcf74ce142b1b89b778d924e97","blockHash":"0x36c9bdba348b92a62fac1ffc58ab49b1658f99382605b75386061b27ba319199","blockNumber":"0x1f9a7b","transactionHash":"0xd06d507bf8a088d86eeb4c2ee073fc6f6ee42cc874474c50b2f5df99136af182","transactionIndex":"0x2","logIndex":"0x5","removed":false}]
logsBloom            0x00000000000000000000000000000000000000000000000000800000000000000000000000000000000000000000000000000000000010000000000000000000000000000000000000000000000000000000000000000000000000000000000000000000000800000000000000000000000000000001000008000000000000000000000000000000000000000000000000000000000000000000000000000000000000000000000000000002000000000000000000000000020000040000000000000000000000000000000000004000001000000000000000000000000000000000000000000040000000000000000000000000000000000000000010000000
root                 
status               1 (success)
transactionHash      0xd06d507bf8a088d86eeb4c2ee073fc6f6ee42cc874474c50b2f5df99136af182
transactionIndex     2
type                 2
blobGasPrice         
blobGasUsed          
to                   0xe2fB8d393D3A257F709A3a96d234950d00626fa5
--------------------------------------------
[15:56:32] [⏳] Deploying BaseRegistrarImplementation...
[15:56:32] Args: 0xe2fB8d393D3A257F709A3a96d234950d00626fa5 0x3fce7d1364a893e213bc4212792b517ffc88f5b13b86c8ef9c8d390c3a1370ce
[15:56:32] [⚙️] forge create contracts/ethregistrar/BaseRegistrarImplementation.sol:BaseRegistrarImplementation --account revive --password 123456 --rpc-url https://testnet-passet-hub-eth-rpc.polkadot.io --broadcast --constructor-args 0xe2fB8d393D3A257F709A3a96d234950d00626fa5 0x3fce7d1364a893e213bc4212792b517ffc88f5b13b86c8ef9c8d390c3a1370ce
No files changed, compilation skipped
Deployer: 0xf24FF3a9CF04c71Dbc94D0b566f7A27B94566cac
Deployed to: 0xaD5EE06411D18A1Cd1051ED87eAebEE9CD154C64
Transaction hash: 0xae60d0f2e2c649c908b7c9b2589d060373bdced1cd71303ad75a9230be2fc017
[15:56:36] [✅] BaseRegistrarImplementation at 0xaD5EE06411D18A1Cd1051ED87eAebEE9CD154C64
[15:56:36] [🔗] TX: 0x6a515227BdBA8728a146F1b9e5DA4171FF5Db52e :: setSubnodeOwner(bytes32,address)(0xce159cf34380757d1932a8e4a74e85e85957b0a7a52d9c566c0a3c8d6133d0f7 0xaD5EE06411D18A1Cd1051ED87eAebEE9CD154C64)

blockHash            0x58e610f6c0aaee9d903e99f57584afa0cd13bb09447a1dbbaca2bd9c60eac8f9
blockNumber          2071165
contractAddress      
cumulativeGasUsed    0
effectiveGasPrice    10000000
from                 0xf24FF3a9CF04c71Dbc94D0b566f7A27B94566cac
gasUsed              328112240
logs                 [{"address":"0xe2fb8d393d3a257f709a3a96d234950d00626fa5","topics":["0xce0457fe73731f824cc272376169235128c118b49d344817417c6d108d155e82","0x0000000000000000000000000000000000000000000000000000000000000000","0xce159cf34380757d1932a8e4a74e85e85957b0a7a52d9c566c0a3c8d6133d0f7"],"data":"0x000000000000000000000000ad5ee06411d18a1cd1051ed87eaebee9cd154c64","blockHash":"0x58e610f6c0aaee9d903e99f57584afa0cd13bb09447a1dbbaca2bd9c60eac8f9","blockNumber":"0x1f9a7d","transactionHash":"0xc62cc0253dcb4a915e08bce9cc3a063e5a9b8624e3b8d0886a6bcf80049cf0a6","transactionIndex":"0x2","logIndex":"0x5","removed":false}]
logsBloom            0x00000000000000000000000000000000000000000000000000000000000000100000000000000000000000000000000000000000000030000000000000000000000000000000000000000000000000000000000000000000000000000000000000000000020000000000000000000800000000000000000008000000000000000000000000000000000000000000080000000000000000000000000000000000000000000000000000000002000000000000000000000000020000040000000000000000000000000000000000004000000000000000000000000000000020000000000000000000000000000000000000000000000000000000000000000000
root                 
status               1 (success)
transactionHash      0xc62cc0253dcb4a915e08bce9cc3a063e5a9b8624e3b8d0886a6bcf80049cf0a6
transactionIndex     2
type                 2
blobGasPrice         
blobGasUsed          
to                   0x6a515227BdBA8728a146F1b9e5DA4171FF5Db52e
[15:56:44] [🔎] Owner of .dot node: 0xaD5EE06411D18A1Cd1051ED87eAebEE9CD154C64
[15:56:44] [✅] .dot ownership verified
============================================
[15:56:44] [💰] Deploying pricing and metadata...
--------------------------------------------
[15:56:44] [⏳] Deploying DummyOracle...
[15:56:44] Args: 160000000000
[15:56:44] [⚙️] forge create contracts/ethregistrar/DummyOracle.sol:DummyOracle --account revive --password 123456 --rpc-url https://testnet-passet-hub-eth-rpc.polkadot.io --broadcast --constructor-args 160000000000
No files changed, compilation skipped
Deployer: 0xf24FF3a9CF04c71Dbc94D0b566f7A27B94566cac
Deployed to: 0x313d4B1c0e4C487A61da6F8ebf00AA01f56be145
Transaction hash: 0xe66da028b3402590ef182364356ad6e077a87be231b68453dfce9fb70024aea4
[15:56:48] [✅] DummyOracle at 0x313d4B1c0e4C487A61da6F8ebf00AA01f56be145
--------------------------------------------
[15:56:48] [⏳] Deploying ExponentialPremiumPriceOracle...
[15:56:48] Args: 0x313d4B1c0e4C487A61da6F8ebf00AA01f56be145 [0,0,20294266869609,5073566717402,158548959919] 100000000000000000000000000 21
[15:56:48] [⚙️] forge create contracts/ethregistrar/ExponentialPremiumPriceOracle.sol:ExponentialPremiumPriceOracle --account revive --password 123456 --rpc-url https://testnet-passet-hub-eth-rpc.polkadot.io --broadcast --constructor-args 0x313d4B1c0e4C487A61da6F8ebf00AA01f56be145 [0,0,20294266869609,5073566717402,158548959919] 100000000000000000000000000 21
No files changed, compilation skipped
Deployer: 0xf24FF3a9CF04c71Dbc94D0b566f7A27B94566cac
Deployed to: 0xD3Cd45D86F3C318c1d3F6358aa836ce604f46580
Transaction hash: 0x8100b927b719d6a8625b92e88a4638600b0f02f5aa971df7df4652cecd1a9612
[15:56:54] [✅] ExponentialPremiumPriceOracle at 0xD3Cd45D86F3C318c1d3F6358aa836ce604f46580
--------------------------------------------
[15:56:54] [⏳] Deploying StaticMetadataService...
[15:56:54] Args: http://localhost:8080/name/0x{id}
[15:56:54] [⚙️] forge create contracts/wrapper/StaticMetadataService.sol:StaticMetadataService --account revive --password 123456 --rpc-url https://testnet-passet-hub-eth-rpc.polkadot.io --broadcast --constructor-args http://localhost:8080/name/0x{id}
No files changed, compilation skipped
Deployer: 0xf24FF3a9CF04c71Dbc94D0b566f7A27B94566cac
Deployed to: 0xd7322C9552B323802C278bdeB80681336c4d24BF
Transaction hash: 0x1dec6fc9428747a916f2c365f52c7a2b570f45dbc31ca23c85729ee0d3c8324d
[15:57:00] [✅] StaticMetadataService at 0xd7322C9552B323802C278bdeB80681336c4d24BF
============================================
[15:57:00] [📦] Deploying NameWrapper and controllers...
--------------------------------------------
[15:57:00] [⏳] Deploying NameWrapper...
[15:57:00] Args: 0xe2fB8d393D3A257F709A3a96d234950d00626fa5 0xaD5EE06411D18A1Cd1051ED87eAebEE9CD154C64 0xd7322C9552B323802C278bdeB80681336c4d24BF
[15:57:00] [⚙️] forge create contracts/wrapper/NameWrapper.sol:NameWrapper --account revive --password 123456 --rpc-url https://testnet-passet-hub-eth-rpc.polkadot.io --broadcast --constructor-args 0xe2fB8d393D3A257F709A3a96d234950d00626fa5 0xaD5EE06411D18A1Cd1051ED87eAebEE9CD154C64 0xd7322C9552B323802C278bdeB80681336c4d24BF
No files changed, compilation skipped
Deployer: 0xf24FF3a9CF04c71Dbc94D0b566f7A27B94566cac
Deployed to: 0x58b4928Cb95aD9fc668616C78c78f84B6ebf5596
Transaction hash: 0x85b5cb82d1d12a86982ed331f1f69ebf6abf3194f14c2a4a870b32d8d46f9a06
[15:57:07] [✅] NameWrapper at 0x58b4928Cb95aD9fc668616C78c78f84B6ebf5596
[15:57:07] [🔗] TX: 0xaD5EE06411D18A1Cd1051ED87eAebEE9CD154C64 :: addController(address)(0x58b4928Cb95aD9fc668616C78c78f84B6ebf5596)

blockHash            0x16f479b4f1ad79b980dc39eebddabf52c5b7dc6264abaa8ff0fb0e9e4a543b95
blockNumber          2071170
contractAddress      
cumulativeGasUsed    0
effectiveGasPrice    10000000
from                 0xf24FF3a9CF04c71Dbc94D0b566f7A27B94566cac
gasUsed              239788450
logs                 [{"address":"0xad5ee06411d18a1cd1051ed87eaebee9cd154c64","topics":["0x0a8bb31534c0ed46f380cb867bd5c803a189ced9a764e30b3a4991a9901d7474","0x00000000000000000000000058b4928cb95ad9fc668616c78c78f84b6ebf5596"],"data":"0x","blockHash":"0x16f479b4f1ad79b980dc39eebddabf52c5b7dc6264abaa8ff0fb0e9e4a543b95","blockNumber":"0x1f9a82","transactionHash":"0x4f886d595f906fc026422b1e92f2a25dc97741ea56c41a1c77560ccb07e848f5","transactionIndex":"0x2","logIndex":"0x5","removed":false}]
logsBloom            0x00000000000000000000000000000000000000000400000000000000000000000000000000004000000000000000000000000000000000000000000000400010000000000000000000000000000000000000000000000000000000000000000000000000000000000000000000000000008000000000080000000000000000000000000000000000000000000000000000000000001000000000000000000000000000000000000000000000000000000000000000000000000000000000000000000000000000000000000000100000800000000000000000000000000000000000000000000000000000000000000000000000000000000000000000000000
root                 
status               1 (success)
transactionHash      0x4f886d595f906fc026422b1e92f2a25dc97741ea56c41a1c77560ccb07e848f5
transactionIndex     2
type                 2
blobGasPrice         
blobGasUsed          
to                   0xaD5EE06411D18A1Cd1051ED87eAebEE9CD154C64
--------------------------------------------
[15:57:12] [⏳] Deploying DefaultReverseRegistrar...
[15:57:12] No args
[15:57:12] [⚙️] forge create contracts/reverseRegistrar/DefaultReverseRegistrar.sol:DefaultReverseRegistrar --account revive --password 123456 --rpc-url https://testnet-passet-hub-eth-rpc.polkadot.io --broadcast
No files changed, compilation skipped
Deployer: 0xf24FF3a9CF04c71Dbc94D0b566f7A27B94566cac
Deployed to: 0x7547f128d60e8DFcefE2517Bc55176b860933644
Transaction hash: 0x1941cc659fc7ad09c08f75c011435d5579666fb60ef905097cc15cf0132a3a28
[15:57:19] [✅] DefaultReverseRegistrar at 0x7547f128d60e8DFcefE2517Bc55176b860933644
--------------------------------------------
[15:57:19] [⏳] Deploying ETHRegistrarController...
[15:57:19] Args: 0xaD5EE06411D18A1Cd1051ED87eAebEE9CD154C64 0xD3Cd45D86F3C318c1d3F6358aa836ce604f46580 60 86400 0xFf61Ee76A91b9cbCf74cE142B1b89b778D924e97 0x7547f128d60e8DFcefE2517Bc55176b860933644 0xe2fB8d393D3A257F709A3a96d234950d00626fa5
[15:57:19] [⚙️] forge create contracts/ethregistrar/ETHRegistrarController.sol:ETHRegistrarController --account revive --password 123456 --rpc-url https://testnet-passet-hub-eth-rpc.polkadot.io --broadcast --constructor-args 0xaD5EE06411D18A1Cd1051ED87eAebEE9CD154C64 0xD3Cd45D86F3C318c1d3F6358aa836ce604f46580 60 86400 0xFf61Ee76A91b9cbCf74cE142B1b89b778D924e97 0x7547f128d60e8DFcefE2517Bc55176b860933644 0xe2fB8d393D3A257F709A3a96d234950d00626fa5
No files changed, compilation skipped
Deployer: 0xf24FF3a9CF04c71Dbc94D0b566f7A27B94566cac
Deployed to: 0xfc9FC0f9C67271a84d5Ee1Bd6f14D8527533Bb64
Transaction hash: 0x0db7ed0977957aae21b7ec12e7e39a56b5ca30c90ee30c0de95d5ace50e8d6de
[15:57:25] [✅] ETHRegistrarController at 0xfc9FC0f9C67271a84d5Ee1Bd6f14D8527533Bb64
[15:57:25] [🔗] TX: 0xaD5EE06411D18A1Cd1051ED87eAebEE9CD154C64 :: addController(address)(0xfc9FC0f9C67271a84d5Ee1Bd6f14D8527533Bb64)

blockHash            0x995b794ff67846b38646de867c102a8df512666d6899a30310f50a82d44f6619
blockNumber          2071174
contractAddress      
cumulativeGasUsed    0
effectiveGasPrice    10000000
from                 0xf24FF3a9CF04c71Dbc94D0b566f7A27B94566cac
gasUsed              239788450
logs                 [{"address":"0xad5ee06411d18a1cd1051ed87eaebee9cd154c64","topics":["0x0a8bb31534c0ed46f380cb867bd5c803a189ced9a764e30b3a4991a9901d7474","0x000000000000000000000000fc9fc0f9c67271a84d5ee1bd6f14d8527533bb64"],"data":"0x","blockHash":"0x995b794ff67846b38646de867c102a8df512666d6899a30310f50a82d44f6619","blockNumber":"0x1f9a86","transactionHash":"0x607ff60fa215a8402a4440acf403ca58baf039220566cbf92f851daebc54da62","transactionIndex":"0x2","logIndex":"0x5","removed":false}]
logsBloom            0x00000000000000000000000000000000000000000400000000002000000000000000000000004000000000000100000000000000000000000000000000000010000000000000000000000000800000000000000000000000000000000000000000000000000000000000000000000000008000000000000000000000000000000000000000000000000000000000000000000000001000000000000000000000000000000000000000000000000000000000000000000000000000000000000000000000000000000000000000000000800000000000000000000000000000000000000000000000000000000000000000000000000000000000000000000000
root                 
status               1 (success)
transactionHash      0x607ff60fa215a8402a4440acf403ca58baf039220566cbf92f851daebc54da62
transactionIndex     2
type                 2
blobGasPrice         
blobGasUsed          
to                   0xaD5EE06411D18A1Cd1051ED87eAebEE9CD154C64
[15:57:38] [🔗] TX: 0x58b4928Cb95aD9fc668616C78c78f84B6ebf5596 :: setController(address,bool)(0xfc9FC0f9C67271a84d5Ee1Bd6f14D8527533Bb64 true)

blockHash            0xba0f532ebc06671e09dc0432da4b6149b50b2ae90dc54f1e158aec968539cd30
blockNumber          2071175
contractAddress      
cumulativeGasUsed    0
effectiveGasPrice    10000000
from                 0xf24FF3a9CF04c71Dbc94D0b566f7A27B94566cac
gasUsed              272788450
logs                 [{"address":"0x58b4928cb95ad9fc668616c78c78f84b6ebf5596","topics":["0x4c97694570a07277810af7e5669ffd5f6a2d6b74b6e9a274b8b870fd5114cf87","0x000000000000000000000000fc9fc0f9c67271a84d5ee1bd6f14d8527533bb64"],"data":"0x0000000000000000000000000000000000000000000000000000000000000001","blockHash":"0xba0f532ebc06671e09dc0432da4b6149b50b2ae90dc54f1e158aec968539cd30","blockNumber":"0x1f9a87","transactionHash":"0x158af1c6bdda333ea8d9a81da314aec8613f521de0ef3502b7a352228b43e3e2","transactionIndex":"0x2","logIndex":"0x5","removed":false}]
logsBloom            0x00000000000000000000000000000000000000000000000000002000000000000000000000000000000000000100100000000000000000000000000000000000000000000000000000000000800000000000000000000000000000000000000000000000000000004000000000008000000000000000000000000000000000000000000000000000000000000000000000000000000000000000000000000000000000000000000000000000000000000000000000000000000000000000000000000000000000000000000000000000000000000000000400000000004000000000000000000000001000000000000000000000000000000000000000000000
root                 
status               1 (success)
transactionHash      0x158af1c6bdda333ea8d9a81da314aec8613f521de0ef3502b7a352228b43e3e2
transactionIndex     2
type                 2
blobGasPrice         
blobGasUsed          
to                   0x58b4928Cb95aD9fc668616C78c78f84B6ebf5596
[15:57:44] [🔗] TX: 0xFf61Ee76A91b9cbCf74cE142B1b89b778D924e97 :: setController(address,bool)(0xfc9FC0f9C67271a84d5Ee1Bd6f14D8527533Bb64 true)

blockHash            0x543ba5d6261a0310e0472d5d95aeef6bc4f7b2f68f5162b5ac0f4806237966a6
blockNumber          2071176
contractAddress      
cumulativeGasUsed    0
effectiveGasPrice    10000000
from                 0xf24FF3a9CF04c71Dbc94D0b566f7A27B94566cac
gasUsed              272788450
logs                 [{"address":"0xff61ee76a91b9cbcf74ce142b1b89b778d924e97","topics":["0x4c97694570a07277810af7e5669ffd5f6a2d6b74b6e9a274b8b870fd5114cf87","0x000000000000000000000000fc9fc0f9c67271a84d5ee1bd6f14d8527533bb64"],"data":"0x0000000000000000000000000000000000000000000000000000000000000001","blockHash":"0x543ba5d6261a0310e0472d5d95aeef6bc4f7b2f68f5162b5ac0f4806237966a6","blockNumber":"0x1f9a88","transactionHash":"0xcc96388b00229f0528650a425ae79675953aa4c713cdabe69b3144e98b140999","transactionIndex":"0x2","logIndex":"0x5","removed":false}]
logsBloom            0x00000000400000000000000000000000000000000000000000002000000000000000000000000000000000000100000000000000000000000000000000000000000000004000000000000000800000000000000000000000000000000000000000000000000000000000000000008000000000000000000000000000000000000000000000000000000000000040000000000000000000000000000000000000000000000000000000000000000000000000000000000000000000000000000000000000000000000000000000000000000000000000000000000000004000000000000000000000001000000000000000000000000000000000000000000000
root                 
status               1 (success)
transactionHash      0xcc96388b00229f0528650a425ae79675953aa4c713cdabe69b3144e98b140999
transactionIndex     2
type                 2
blobGasPrice         
blobGasUsed          
to                   0xFf61Ee76A91b9cbCf74cE142B1b89b778D924e97
============================================
[15:57:50] [🔧] Deploying additional contracts...
--------------------------------------------
[15:57:50] [⏳] Deploying StaticBulkRenewal...
[15:57:50] Args: 0xfc9FC0f9C67271a84d5Ee1Bd6f14D8527533Bb64
[15:57:50] [⚙️] forge create contracts/ethregistrar/StaticBulkRenewal.sol:StaticBulkRenewal --account revive --password 123456 --rpc-url https://testnet-passet-hub-eth-rpc.polkadot.io --broadcast --constructor-args 0xfc9FC0f9C67271a84d5Ee1Bd6f14D8527533Bb64
No files changed, compilation skipped
Deployer: 0xf24FF3a9CF04c71Dbc94D0b566f7A27B94566cac
Deployed to: 0xcF4c2c86096257201a7CA4B367ca680C4ECd1f07
Transaction hash: 0xce8d3d1876f788e60d3ec517c4cbac610b3f3c39e72217fd7a19fbc6555b176e
[15:57:54] [✅] StaticBulkRenewal at 0xcF4c2c86096257201a7CA4B367ca680C4ECd1f07
--------------------------------------------
[15:57:54] [⏳] Deploying PublicResolver...
[15:57:54] Args: 0xe2fB8d393D3A257F709A3a96d234950d00626fa5 0x58b4928Cb95aD9fc668616C78c78f84B6ebf5596 0xfc9FC0f9C67271a84d5Ee1Bd6f14D8527533Bb64 0xFf61Ee76A91b9cbCf74cE142B1b89b778D924e97
[15:57:54] [⚙️] forge create contracts/resolvers/PublicResolver.sol:PublicResolver --account revive --password 123456 --rpc-url https://testnet-passet-hub-eth-rpc.polkadot.io --broadcast --constructor-args 0xe2fB8d393D3A257F709A3a96d234950d00626fa5 0x58b4928Cb95aD9fc668616C78c78f84B6ebf5596 0xfc9FC0f9C67271a84d5Ee1Bd6f14D8527533Bb64 0xFf61Ee76A91b9cbCf74cE142B1b89b778D924e97
No files changed, compilation skipped
Deployer: 0xf24FF3a9CF04c71Dbc94D0b566f7A27B94566cac
Deployed to: 0x41df0d983C94ff742811649278faAa7fBfeb923D
Transaction hash: 0xa90d0035b7af14f4dd192cf0d7dbc919562ff2ce2f8c9673b26353d49eebad8f
[15:58:08] [✅] PublicResolver at 0x41df0d983C94ff742811649278faAa7fBfeb923D
[15:58:08] [🔗] TX: 0xFf61Ee76A91b9cbCf74cE142B1b89b778D924e97 :: setDefaultResolver(address)(0x41df0d983C94ff742811649278faAa7fBfeb923D)

blockHash            0xe15d246bf77fd68260b5834aacb78d1896e91c3bbc7e9e76d7cf7cc9f6faf7b5
blockNumber          2071180
contractAddress      
cumulativeGasUsed    0
effectiveGasPrice    10000000
from                 0xf24FF3a9CF04c71Dbc94D0b566f7A27B94566cac
gasUsed              239788450
logs                 [{"address":"0xff61ee76a91b9cbcf74ce142b1b89b778d924e97","topics":["0xeae17a84d9eb83d8c8eb317f9e7d64857bc363fa51674d996c023f4340c577cf","0x00000000000000000000000041df0d983c94ff742811649278faaa7fbfeb923d"],"data":"0x","blockHash":"0xe15d246bf77fd68260b5834aacb78d1896e91c3bbc7e9e76d7cf7cc9f6faf7b5","blockNumber":"0x1f9a8c","transactionHash":"0xc3711a3778e9ac0c245fa9da88ca8b59b62db627e0d2878aa6aca292b39c683e","transactionIndex":"0x2","logIndex":"0x5","removed":false}]
logsBloom            0x00000000400000000000000000000000000000000000000000000000000000000000000000000000000000000000000000000000000000000000000000000000000000004000000000000000000000000000000000000000000000000000000000000000000000000000000000000000000000000000000000000000000000000000000000000000000000000040000000000008000000000000000000001000000000000000000000000000000000000000000000000000000000800000000000000000000000000000000000000002000000000000000000000000000000000400000000000000080000000000000000000000000000000000000000000000
root                 
status               1 (success)
transactionHash      0xc3711a3778e9ac0c245fa9da88ca8b59b62db627e0d2878aa6aca292b39c683e
transactionIndex     2
type                 2
blobGasPrice         
blobGasUsed          
to                   0xFf61Ee76A91b9cbCf74cE142B1b89b778D924e97
--------------------------------------------
[15:58:13] [⏳] Deploying GatewayProvider...
[15:58:13] Args: 0xf24FF3a9CF04c71Dbc94D0b566f7A27B94566cac ["http://universal-offchain-resolver.local/"]
[15:58:13] [⚙️] forge create contracts/ccipRead/GatewayProvider.sol:GatewayProvider --account revive --password 123456 --rpc-url https://testnet-passet-hub-eth-rpc.polkadot.io --broadcast --constructor-args 0xf24FF3a9CF04c71Dbc94D0b566f7A27B94566cac ["http://universal-offchain-resolver.local/"]
No files changed, compilation skipped
Deployer: 0xf24FF3a9CF04c71Dbc94D0b566f7A27B94566cac
Deployed to: 0xbdCd5A93148A445A9DA98Ef073bAEbe6F657048c
Transaction hash: 0x0cdd84e2dadc6e73fdacf1435d0a4f385cb81af323e8b7b10399e2c128fc8540
[15:58:25] [✅] GatewayProvider at 0xbdCd5A93148A445A9DA98Ef073bAEbe6F657048c
--------------------------------------------
[15:58:25] [⏳] Deploying UniversalResolver...
[15:58:25] Args: 0xf24FF3a9CF04c71Dbc94D0b566f7A27B94566cac 0xe2fB8d393D3A257F709A3a96d234950d00626fa5 0xbdCd5A93148A445A9DA98Ef073bAEbe6F657048c
[15:58:25] [⚙️] forge create contracts/universalResolver/UniversalResolver.sol:UniversalResolver --account revive --password 123456 --rpc-url https://testnet-passet-hub-eth-rpc.polkadot.io --broadcast --constructor-args 0xf24FF3a9CF04c71Dbc94D0b566f7A27B94566cac 0xe2fB8d393D3A257F709A3a96d234950d00626fa5 0xbdCd5A93148A445A9DA98Ef073bAEbe6F657048c
No files changed, compilation skipped
Deployer: 0xf24FF3a9CF04c71Dbc94D0b566f7A27B94566cac
Deployed to: 0xBf0604484853649B7A110f17DDd6af651fC3617D
Transaction hash: 0xc9d6813f3dafe132bfd01b06b9eaa49d301b79025ae6f7d3f07ba4271a6d7389
[15:58:31] [✅] UniversalResolver at 0xBf0604484853649B7A110f17DDd6af651fC3617D
[15:58:31] [🔗] TX: 0xe2fB8d393D3A257F709A3a96d234950d00626fa5 :: setApprovalForAll(address,bool)(0xfc9FC0f9C67271a84d5Ee1Bd6f14D8527533Bb64 true)

blockHash            0xbed2ec31dd47f6c0b81d4c78f3c882956bef6c17cd5caedf9683d323f66de5cf
blockNumber          2071184
contractAddress      
cumulativeGasUsed    0
effectiveGasPrice    10000000
from                 0xf24FF3a9CF04c71Dbc94D0b566f7A27B94566cac
gasUsed              257088680
logs                 [{"address":"0xe2fb8d393d3a257f709a3a96d234950d00626fa5","topics":["0x17307eab39ab6107e8899845ad3d59bd9653f200f220920489ca2b5937696c31","0x000000000000000000000000f24ff3a9cf04c71dbc94d0b566f7a27b94566cac","0x000000000000000000000000fc9fc0f9c67271a84d5ee1bd6f14d8527533bb64"],"data":"0x0000000000000000000000000000000000000000000000000000000000000001","blockHash":"0xbed2ec31dd47f6c0b81d4c78f3c882956bef6c17cd5caedf9683d323f66de5cf","blockNumber":"0x1f9a90","transactionHash":"0xf68cc5e8ceb6963948bb0742f2e91dbc018488f372763d6748f44c6c313ba005","transactionIndex":"0x2","logIndex":"0x5","removed":false}]
logsBloom            0x00000000000000000000000000000000000000000000000040002000000000000000000000000000000000000100000000000000000000000000000000000000000000000000000000000000800000000000000000000000000000000000000002000000000000000000000000000000000000000008000008000000000000000000000000000000000000000000000000000000000000000000000000000000000000000000000000000002000000000000000000000000020000000000000000000000000000000000000000000000000000000000000000000000000000000000200800000000000000000000000000020000000000000000000000000000
root                 
status               1 (success)
transactionHash      0xf68cc5e8ceb6963948bb0742f2e91dbc018488f372763d6748f44c6c313ba005
transactionIndex     2
type                 2
blobGasPrice         
blobGasUsed          
to                   0xe2fB8d393D3A257F709A3a96d234950d00626fa5
[15:58:38] [🔗] TX: 0xaD5EE06411D18A1Cd1051ED87eAebEE9CD154C64 :: setResolver(address)(0x41df0d983C94ff742811649278faAa7fBfeb923D)

blockHash            0x9d0c5d0b0a5d09d30465c19007b09673df08bac4e596cfd74ecaec999f54f858
blockNumber          2071185
contractAddress      
cumulativeGasUsed    0
effectiveGasPrice    10000000
from                 0xf24FF3a9CF04c71Dbc94D0b566f7A27B94566cac
gasUsed              301124200
logs                 [{"address":"0xe2fb8d393d3a257f709a3a96d234950d00626fa5","topics":["0x335721b01866dc23fbee8b6b2c7b1e14d6f05c28cd35a2c934239f94095602a0","0x3fce7d1364a893e213bc4212792b517ffc88f5b13b86c8ef9c8d390c3a1370ce"],"data":"0x00000000000000000000000041df0d983c94ff742811649278faaa7fbfeb923d","blockHash":"0x9d0c5d0b0a5d09d30465c19007b09673df08bac4e596cfd74ecaec999f54f858","blockNumber":"0x1f9a91","transactionHash":"0x1f75306e304472c95a3e6d08f758274f02324e14d27d097315f044fa2fbc9ea6","transactionIndex":"0x2","logIndex":"0x5","removed":false}]
logsBloom            0x00000000000000000000000000000000000000000000000000000000000000000000000000000000000000000080000000000000000000000000000000020010000000000000000040000000000000000000000000000000000000000000000000000000000000000000000000000000000000000000000008000000000000000000000000000000000000000000000000000000000000000000000000000000000000000000000000000002000000000004000000000000020000000000000000000000000000000000000000000010000000000000000000000000000000000000000000000000000000000000000000000000000000000000000000000000
root                 
status               1 (success)
transactionHash      0x1f75306e304472c95a3e6d08f758274f02324e14d27d097315f044fa2fbc9ea6
transactionIndex     2
type                 2
blobGasPrice         
blobGasUsed          
to                   0xaD5EE06411D18A1Cd1051ED87eAebEE9CD154C64
============================================
[15:58:44] [🛠️] Deploying utilities...
--------------------------------------------
[15:58:44] [⏳] Deploying StoreFactory...
[15:58:44] No args
[15:58:44] [⚙️] forge create contracts/utils/StoreFactory.sol:StoreFactory --account revive --password 123456 --rpc-url https://testnet-passet-hub-eth-rpc.polkadot.io --broadcast
No files changed, compilation skipped
Deployer: 0xf24FF3a9CF04c71Dbc94D0b566f7A27B94566cac
Deployed to: 0xD1ba8f9dD2218859b4113Fb7eF5C2Ac6D46794f4
Transaction hash: 0x5df9230ec0903aa25ac7ff06c99d87035964259e0e774bd625282fcb6dc349a7
[15:58:56] [✅] StoreFactory at 0xD1ba8f9dD2218859b4113Fb7eF5C2Ac6D46794f4
--------------------------------------------
[15:58:56] [⏳] Deploying DotnsRegistrar...
[15:58:56] Args: 0xfc9FC0f9C67271a84d5Ee1Bd6f14D8527533Bb64 0xe2fB8d393D3A257F709A3a96d234950d00626fa5 0xD1ba8f9dD2218859b4113Fb7eF5C2Ac6D46794f4
[15:58:56] [⚙️] forge create contracts/utils/DotnsRegistrar.sol:DotnsRegistrar --account revive --password 123456 --rpc-url https://testnet-passet-hub-eth-rpc.polkadot.io --broadcast --constructor-args 0xfc9FC0f9C67271a84d5Ee1Bd6f14D8527533Bb64 0xe2fB8d393D3A257F709A3a96d234950d00626fa5 0xD1ba8f9dD2218859b4113Fb7eF5C2Ac6D46794f4
No files changed, compilation skipped
Deployer: 0xf24FF3a9CF04c71Dbc94D0b566f7A27B94566cac
Deployed to: 0xa312DA532a0da1F843b09a0172611c2538944b16
Transaction hash: 0x6d1ceb8ff12d773477e1231e420ab9d1b9f61f2582dace76c4240a3f45eaffa8
[15:59:00] [✅] DotnsRegistrar at 0xa312DA532a0da1F843b09a0172611c2538944b16
============================================
[15:59:00] [🔍] Running final verification...
[15:59:02] [✅] Verification passed: .dot TLD owned by BaseRegistrar
============================================
[15:59:02] [✅] Full ENS stack deployment complete!

[15:59:02] [📄] Deployment addresses:
{
  "ENSRegistry": "0xe2fB8d393D3A257F709A3a96d234950d00626fa5",
  "Root": "0x6a515227BdBA8728a146F1b9e5DA4171FF5Db52e",
  "ReverseRegistrar": "0xFf61Ee76A91b9cbCf74cE142B1b89b778D924e97",
  "BaseRegistrarImplementation": "0xaD5EE06411D18A1Cd1051ED87eAebEE9CD154C64",
  "DummyOracle": "0x313d4B1c0e4C487A61da6F8ebf00AA01f56be145",
  "ExponentialPremiumPriceOracle": "0xD3Cd45D86F3C318c1d3F6358aa836ce604f46580",
  "StaticMetadataService": "0xd7322C9552B323802C278bdeB80681336c4d24BF",
  "NameWrapper": "0x58b4928Cb95aD9fc668616C78c78f84B6ebf5596",
  "DefaultReverseRegistrar": "0x7547f128d60e8DFcefE2517Bc55176b860933644",
  "ETHRegistrarController": "0xfc9FC0f9C67271a84d5Ee1Bd6f14D8527533Bb64",
  "StaticBulkRenewal": "0xcF4c2c86096257201a7CA4B367ca680C4ECd1f07",
  "PublicResolver": "0x41df0d983C94ff742811649278faAa7fBfeb923D",
  "GatewayProvider": "0xbdCd5A93148A445A9DA98Ef073bAEbe6F657048c",
  "UniversalResolver": "0xBf0604484853649B7A110f17DDd6af651fC3617D",
  "StoreFactory": "0xD1ba8f9dD2218859b4113Fb7eF5C2Ac6D46794f4",
  "DotnsRegistrar": "0xa312DA532a0da1F843b09a0172611c2538944b16"
}

[15:59:02] [📝] Full deployment log: deployments/420420422/deploy-20251107-155549.log
[15:59:02] [💾] Deployment JSON: deployments/420420422/ens_stack.json
