[00:42:08] [🔨] Building contracts...
Nothing to compile
[00:42:08] [✅] Build done.
[00:42:08] [📋] Labels and nodes:
[00:42:08]   reverse label: 0xdec08c9dbbdd0890e300eb5062089b2d4b1c40e3673bbccb5423f7b37dcf9a9c
[00:42:08]   reverse node:  0xa097f6721ce401e757d1223a763fef49b8b5f90bb18567ddb86fd205dff71d34
[00:42:08]   addr label:    0xe5e14487b78f85faa6e1808e89246cf57dd34831548ff2e6097380d98db2504a
[00:42:08]   dot label:     0xce159cf34380757d1932a8e4a74e85e85957b0a7a52d9c566c0a3c8d6133d0f7
[00:42:08]   dot node:      0x3fce7d1364a893e213bc4212792b517ffc88f5b13b86c8ef9c8d390c3a1370ce
============================================
[00:42:08] [🏗️] Deploying core ENS infrastructure...
--------------------------------------------
[00:42:08] [⏳] Deploying Multicall3...
[00:42:08] No args
[00:42:08] [⚙️] forge create contracts/utils/Multicall3.sol:Multicall3 --account revive --password 123456 --rpc-url https://testnet-passet-hub-eth-rpc.polkadot.io --broadcast
Compiling 1 files with Solc 0.8.12
installing solc version "0.8.12"
Successfully installed solc 0.8.12
Solc 0.8.12 finished in 8.54s
Compiler run successful!
Deployer: 0xf24FF3a9CF04c71Dbc94D0b566f7A27B94566cac
Deployed to: 0xe83DCEE30d0b5848D1e74aDb638F3357f9E4766B
Transaction hash: 0x916f8f6a6483a781d9fdba731e7c672510881540e76709e115125cca49e0a9a9
[00:42:25] [✅] Multicall3 at 0xe83DCEE30d0b5848D1e74aDb638F3357f9E4766B
